Archive member included to satisfy reference by file (symbol)

c:/program files/microchip/xc8/v2.36/avr/bin/../lib/gcc/avr/5.4.0/avr5/memx-const\libgcc.a(_udivmodhi4.o)
                              queue.o (__udivmodhi4)
c:/program files/microchip/xc8/v2.36/avr/bin/../lib/gcc/avr/5.4.0/avr5/memx-const\libgcc.a(_copy_data.o)
                              heap_1.o (__do_clear_bss)
c:/program files/microchip/xc8/v2.36/avr/bin/../lib/gcc/avr/5.4.0/avr5/memx-const\libgcc.a(_umulhisi3.o)
                              LCD_program.o (__umulhisi3)
c:/program files/microchip/xc8/v2.36/avr/bin/../lib/gcc/avr/5.4.0/avr5/memx-const\libgcc.a(_xload_2.o)
                              event_groups.o (__xload_2)
c:/program files/microchip/xc8/v2.36/avr/bin/../lib/gcc/avr/5.4.0/../../../../avr/lib/avr5/memx-const\libc.a(exit.o)
                              C:/Program Files (x86)/Atmel/Studio/7.0/Packs/atmel/ATmega_DFP/1.7.374/xc8/avr/lib/avr5/memx-const/crtatmega32.o (exit)
c:/program files/microchip/xc8/v2.36/avr/bin/../lib/gcc/avr/5.4.0/../../../../avr/lib/avr5/memx-const\libc.a(memcpy.o)
                              queue.o (memcpy)
c:/program files/microchip/xc8/v2.36/avr/bin/../lib/gcc/avr/5.4.0/../../../../avr/lib/avr5/memx-const\libc.a(_Exit.o)
                              c:/program files/microchip/xc8/v2.36/avr/bin/../lib/gcc/avr/5.4.0/../../../../avr/lib/avr5/memx-const\libc.a(exit.o) (_Exit)
c:/program files/microchip/xc8/v2.36/avr/bin/../lib/gcc/avr/5.4.0/avr5/memx-const\libgcc.a(_exit.o)
                              c:/program files/microchip/xc8/v2.36/avr/bin/../lib/gcc/avr/5.4.0/../../../../avr/lib/avr5/memx-const\libc.a(_Exit.o) (_exit)

Allocating common symbols
Common symbol       size              file

q_handler           0x2               main.o

Discarded input sections

 .data          0x0000000000000000        0x0 C:/Program Files (x86)/Atmel/Studio/7.0/Packs/atmel/ATmega_DFP/1.7.374/xc8/avr/lib/avr5/memx-const/crtatmega32.o
 .bss           0x0000000000000000        0x0 C:/Program Files (x86)/Atmel/Studio/7.0/Packs/atmel/ATmega_DFP/1.7.374/xc8/avr/lib/avr5/memx-const/crtatmega32.o
 .text          0x0000000000000000        0x0 croutine.o
 .data          0x0000000000000000        0x0 croutine.o
 .bss           0x0000000000000000        0x0 croutine.o
 .debug_info    0x0000000000000000      0x22b croutine.o
 .debug_abbrev  0x0000000000000000       0x1b croutine.o
 .debug_aranges
                0x0000000000000000       0x18 croutine.o
 .debug_line    0x0000000000000000       0x1a croutine.o
 .debug_str     0x0000000000000000        0x0 croutine.o
 .comment       0x0000000000000000       0x30 croutine.o
 .text          0x0000000000000000        0x0 DIO_prog.o
 .data          0x0000000000000000        0x0 DIO_prog.o
 .bss           0x0000000000000000        0x0 DIO_prog.o
 .text.DIO_voidInit
                0x0000000000000000       0x1c DIO_prog.o
 .text.DIO_u8SetPinDirection
                0x0000000000000000      0x134 DIO_prog.o
 .text.DIO_u8SetPinValue
                0x0000000000000000      0x102 DIO_prog.o
 .text.DIO_u8GetPinValue
                0x0000000000000000       0xbc DIO_prog.o
 .text.DIO_u8SetPortDirection
                0x0000000000000000       0x8c DIO_prog.o
 .text.DIO_u8SetPortValue
                0x0000000000000000       0x22 DIO_prog.o
 .text.DIO_u8GetPortValue
                0x0000000000000000       0x4c DIO_prog.o
 .debug_info    0x0000000000000000      0x50a DIO_prog.o
 .debug_abbrev  0x0000000000000000       0xee DIO_prog.o
 .debug_loc     0x0000000000000000      0x6ce DIO_prog.o
 .debug_aranges
                0x0000000000000000       0x50 DIO_prog.o
 .debug_ranges  0x0000000000000000       0x40 DIO_prog.o
 .debug_line    0x0000000000000000      0x465 DIO_prog.o
 .debug_str     0x0000000000000000       0x3e DIO_prog.o
 .comment       0x0000000000000000       0x30 DIO_prog.o
 .debug_frame   0x0000000000000000       0x84 DIO_prog.o
 .text          0x0000000000000000        0x0 event_groups.o
 .data          0x0000000000000000        0x0 event_groups.o
 .bss           0x0000000000000000        0x0 event_groups.o
 .text.prvTestWaitCondition
                0x0000000000000000       0x26 event_groups.o
 .text.xEventGroupCreate
                0x0000000000000000       0x26 event_groups.o
 .text.xEventGroupWaitBits
                0x0000000000000000       0xe4 event_groups.o
 .text.xEventGroupClearBits
                0x0000000000000000       0x1e event_groups.o
 .text.xEventGroupGetBitsFromISR
                0x0000000000000000        0xe event_groups.o
 .text.xEventGroupSetBits
                0x0000000000000000       0xee event_groups.o
 .text.xEventGroupSync
                0x0000000000000000       0xd6 event_groups.o
 .text.vEventGroupDelete
                0x0000000000000000       0x5a event_groups.o
 .text.vEventGroupSetBitsCallback
                0x0000000000000000        0x8 event_groups.o
 .text.vEventGroupClearBitsCallback
                0x0000000000000000        0x8 event_groups.o
 .debug_info    0x0000000000000000      0xc78 event_groups.o
 .debug_abbrev  0x0000000000000000      0x232 event_groups.o
 .debug_loc     0x0000000000000000      0xb98 event_groups.o
 .debug_aranges
                0x0000000000000000       0x68 event_groups.o
 .debug_ranges  0x0000000000000000       0x70 event_groups.o
 .debug_line    0x0000000000000000      0x3f4 event_groups.o
 .debug_str     0x0000000000000000      0x192 event_groups.o
 .comment       0x0000000000000000       0x30 event_groups.o
 .debug_frame   0x0000000000000000      0x180 event_groups.o
 .text          0x0000000000000000        0x0 EXTI_PROGRAM.o
 .data          0x0000000000000000        0x0 EXTI_PROGRAM.o
 .bss           0x0000000000000000        0x0 EXTI_PROGRAM.o
 .text.Callback
                0x0000000000000000        0x2 EXTI_PROGRAM.o
 .text          0x0000000000000000        0x0 heap_1.o
 .data          0x0000000000000000        0x0 heap_1.o
 .bss           0x0000000000000000        0x0 heap_1.o
 .text.vPortInitialiseBlocks
                0x0000000000000000        0xa heap_1.o
 .text.xPortGetFreeHeapSize
                0x0000000000000000       0x12 heap_1.o
 .text          0x0000000000000000        0x0 LCD_program.o
 .data          0x0000000000000000        0x0 LCD_program.o
 .bss           0x0000000000000000        0x0 LCD_program.o
 .text.HLCD_vShowInt
                0x0000000000000000       0xc2 LCD_program.o
 .text.HLCD_vWriteNextChar
                0x0000000000000000       0x16 LCD_program.o
 .text.HLCD_vClearDisplay
                0x0000000000000000       0x14 LCD_program.o
 .text.HLCD_vShowString
                0x0000000000000000       0x42 LCD_program.o
 .text.HLCD_u8GotoXY
                0x0000000000000000       0x2e LCD_program.o
 .text          0x0000000000000000        0x0 list.o
 .data          0x0000000000000000        0x0 list.o
 .bss           0x0000000000000000        0x0 list.o
 .text.vListInsertEnd
                0x0000000000000000       0x42 list.o
 .text          0x0000000000000000        0x0 main.o
 .data          0x0000000000000000        0x0 main.o
 .bss           0x0000000000000000        0x0 main.o
 .text          0x0000000000000000        0x0 port.o
 .data          0x0000000000000000        0x0 port.o
 .bss           0x0000000000000000        0x0 port.o
 .text.vPortEndScheduler
                0x0000000000000000        0x2 port.o
 .text          0x0000000000000000        0x0 queue.o
 .data          0x0000000000000000        0x0 queue.o
 .bss           0x0000000000000000        0x0 queue.o
 .text.prvIsQueueFull
                0x0000000000000000       0x38 queue.o
 .text.xQueueGenericSend
                0x0000000000000000      0x154 queue.o
 .text.xQueueGiveFromISR
                0x0000000000000000       0xa2 queue.o
 .text.xQueueSemaphoreTake
                0x0000000000000000      0x10e queue.o
 .text.xQueuePeek
                0x0000000000000000      0x12a queue.o
 .text.xQueueReceiveFromISR
                0x0000000000000000       0x7e queue.o
 .text.xQueuePeekFromISR
                0x0000000000000000       0x2e queue.o
 .text.uxQueueMessagesWaiting
                0x0000000000000000       0x10 queue.o
 .text.uxQueueSpacesAvailable
                0x0000000000000000       0x16 queue.o
 .text.uxQueueMessagesWaitingFromISR
                0x0000000000000000        0x6 queue.o
 .text.vQueueDelete
                0x0000000000000000        0x6 queue.o
 .text.xQueueIsQueueEmptyFromISR
                0x0000000000000000       0x10 queue.o
 .text.xQueueIsQueueFullFromISR
                0x0000000000000000       0x12 queue.o
 .text.xQueueCreateSet
                0x0000000000000000        0xa queue.o
 .text.xQueueAddToSet
                0x0000000000000000       0x2a queue.o
 .text.xQueueRemoveFromSet
                0x0000000000000000       0x2c queue.o
 .text.xQueueSelectFromSet
                0x0000000000000000       0x28 queue.o
 .text.xQueueSelectFromSetFromISR
                0x0000000000000000       0x2a queue.o
 .text          0x0000000000000000        0x0 stream_buffer.o
 .data          0x0000000000000000        0x0 stream_buffer.o
 .bss           0x0000000000000000        0x0 stream_buffer.o
 .text.prvBytesInBuffer
                0x0000000000000000       0x54 stream_buffer.o
 .text.prvInitialiseNewStreamBuffer
                0x0000000000000000       0x20 stream_buffer.o
 .text.prvWriteBytesToBuffer
                0x0000000000000000       0x96 stream_buffer.o
 .text.prvWriteMessageToBuffer
                0x0000000000000000       0xa0 stream_buffer.o
 .text.prvReadBytesFromBuffer
                0x0000000000000000       0x8c stream_buffer.o
 .text.prvReadMessageFromBuffer
                0x0000000000000000       0x90 stream_buffer.o
 .text.xStreamBufferGenericCreate
                0x0000000000000000       0x80 stream_buffer.o
 .text.vStreamBufferDelete
                0x0000000000000000       0x1a stream_buffer.o
 .text.xStreamBufferReset
                0x0000000000000000       0x56 stream_buffer.o
 .text.xStreamBufferSetTriggerLevel
                0x0000000000000000       0x22 stream_buffer.o
 .text.xStreamBufferSpacesAvailable
                0x0000000000000000       0x66 stream_buffer.o
 .text.xStreamBufferBytesAvailable
                0x0000000000000000        0xa stream_buffer.o
 .text.xStreamBufferSend
                0x0000000000000000      0x17e stream_buffer.o
 .text.xStreamBufferSendFromISR
                0x0000000000000000       0xa2 stream_buffer.o
 .text.xStreamBufferReceive
                0x0000000000000000      0x11a stream_buffer.o
 .text.xStreamBufferNextMessageLengthBytes
                0x0000000000000000       0x58 stream_buffer.o
 .text.xStreamBufferReceiveFromISR
                0x0000000000000000       0x8c stream_buffer.o
 .text.xStreamBufferIsEmpty
                0x0000000000000000       0x26 stream_buffer.o
 .text.xStreamBufferIsFull
                0x0000000000000000       0x3a stream_buffer.o
 .text.xStreamBufferSendCompletedFromISR
                0x0000000000000000       0x4c stream_buffer.o
 .text.xStreamBufferReceiveCompletedFromISR
                0x0000000000000000       0x4c stream_buffer.o
 .debug_info    0x0000000000000000     0x1899 stream_buffer.o
 .debug_abbrev  0x0000000000000000      0x24f stream_buffer.o
 .debug_loc     0x0000000000000000     0x1dea stream_buffer.o
 .debug_aranges
                0x0000000000000000       0xc0 stream_buffer.o
 .debug_ranges  0x0000000000000000       0xb0 stream_buffer.o
 .debug_line    0x0000000000000000      0x744 stream_buffer.o
 .debug_str     0x0000000000000000      0x242 stream_buffer.o
 .comment       0x0000000000000000       0x30 stream_buffer.o
 .debug_frame   0x0000000000000000      0x474 stream_buffer.o
 .text          0x0000000000000000        0x0 tasks.o
 .data          0x0000000000000000        0x0 tasks.o
 .bss           0x0000000000000000        0x0 tasks.o
 .text.prvTaskIsTaskSuspended
                0x0000000000000000       0x42 tasks.o
 .text.vTaskDelete
                0x0000000000000000       0xb0 tasks.o
 .text.uxTaskPriorityGet
                0x0000000000000000       0x2a tasks.o
 .text.uxTaskPriorityGetFromISR
                0x0000000000000000       0x20 tasks.o
 .text.vTaskPrioritySet
                0x0000000000000000      0x136 tasks.o
 .text.vTaskResume
                0x0000000000000000       0xcc tasks.o
 .text.xTaskResumeFromISR
                0x0000000000000000       0xda tasks.o
 .text.vTaskEndScheduler
                0x0000000000000000        0xc tasks.o
 .text.xTaskGetTickCount
                0x0000000000000000       0x14 tasks.o
 .text.xTaskGetTickCountFromISR
                0x0000000000000000        0xa tasks.o
 .text.pcTaskGetName
                0x0000000000000000       0x10 tasks.o
 .text.xTaskDelayUntil
                0x0000000000000000       0x84 tasks.o
 .text.xTaskCatchUpTicks
                0x0000000000000000       0x32 tasks.o
 .text.vTaskSuspend
                0x0000000000000000       0xc2 tasks.o
 .text.vTaskPlaceOnUnorderedEventList
                0x0000000000000000       0x8c tasks.o
 .text.vTaskRemoveFromUnorderedEventList
                0x0000000000000000      0x14c tasks.o
 .text.vTaskSetTimeOutState
                0x0000000000000000       0x20 tasks.o
 .text.xTaskGetCurrentTaskHandle
                0x0000000000000000        0xa tasks.o
 .text.uxTaskResetEventItemValue
                0x0000000000000000       0x2e tasks.o
 .text.ulTaskGenericNotifyTake
                0x0000000000000000      0x106 tasks.o
 .text.xTaskGenericNotifyWait
                0x0000000000000000      0x142 tasks.o
 .text.xTaskGenericNotify
                0x0000000000000000      0x20a tasks.o
 .text.xTaskGenericNotifyFromISR
                0x0000000000000000      0x260 tasks.o
 .text.vTaskGenericNotifyGiveFromISR
                0x0000000000000000      0x194 tasks.o
 .text.xTaskGenericNotifyStateClear
                0x0000000000000000       0x34 tasks.o
 .text.ulTaskGenericNotifyValueClear
                0x0000000000000000       0x6c tasks.o
 .text          0x0000000000000000        0x0 timers.o
 .data          0x0000000000000000        0x0 timers.o
 .bss           0x0000000000000000        0x0 timers.o
 .debug_info    0x0000000000000000      0x229 timers.o
 .debug_abbrev  0x0000000000000000       0x1b timers.o
 .debug_aranges
                0x0000000000000000       0x18 timers.o
 .debug_line    0x0000000000000000       0x1a timers.o
 .debug_str     0x0000000000000000        0x0 timers.o
 .comment       0x0000000000000000       0x30 timers.o
 .text          0x0000000000000000        0x0 c:/program files/microchip/xc8/v2.36/avr/bin/../lib/gcc/avr/5.4.0/avr5/memx-const\libgcc.a(_udivmodhi4.o)
 .data          0x0000000000000000        0x0 c:/program files/microchip/xc8/v2.36/avr/bin/../lib/gcc/avr/5.4.0/avr5/memx-const\libgcc.a(_udivmodhi4.o)
 .bss           0x0000000000000000        0x0 c:/program files/microchip/xc8/v2.36/avr/bin/../lib/gcc/avr/5.4.0/avr5/memx-const\libgcc.a(_udivmodhi4.o)
 .text.libgcc.mul
                0x0000000000000000        0x0 c:/program files/microchip/xc8/v2.36/avr/bin/../lib/gcc/avr/5.4.0/avr5/memx-const\libgcc.a(_udivmodhi4.o)
 .stack.descriptors
                0x0000000000000000       0x1a c:/program files/microchip/xc8/v2.36/avr/bin/../lib/gcc/avr/5.4.0/avr5/memx-const\libgcc.a(_udivmodhi4.o)
 .text.libgcc   0x0000000000000000        0x0 c:/program files/microchip/xc8/v2.36/avr/bin/../lib/gcc/avr/5.4.0/avr5/memx-const\libgcc.a(_udivmodhi4.o)
 .text.libgcc.prologue
                0x0000000000000000        0x0 c:/program files/microchip/xc8/v2.36/avr/bin/../lib/gcc/avr/5.4.0/avr5/memx-const\libgcc.a(_udivmodhi4.o)
 .text.libgcc.builtins
                0x0000000000000000        0x0 c:/program files/microchip/xc8/v2.36/avr/bin/../lib/gcc/avr/5.4.0/avr5/memx-const\libgcc.a(_udivmodhi4.o)
 .text.libgcc.fmul
                0x0000000000000000        0x0 c:/program files/microchip/xc8/v2.36/avr/bin/../lib/gcc/avr/5.4.0/avr5/memx-const\libgcc.a(_udivmodhi4.o)
 .text.libgcc.fixed
                0x0000000000000000        0x0 c:/program files/microchip/xc8/v2.36/avr/bin/../lib/gcc/avr/5.4.0/avr5/memx-const\libgcc.a(_udivmodhi4.o)
 .text          0x0000000000000000        0x0 c:/program files/microchip/xc8/v2.36/avr/bin/../lib/gcc/avr/5.4.0/avr5/memx-const\libgcc.a(_copy_data.o)
 .data          0x0000000000000000        0x0 c:/program files/microchip/xc8/v2.36/avr/bin/../lib/gcc/avr/5.4.0/avr5/memx-const\libgcc.a(_copy_data.o)
 .bss           0x0000000000000000        0x0 c:/program files/microchip/xc8/v2.36/avr/bin/../lib/gcc/avr/5.4.0/avr5/memx-const\libgcc.a(_copy_data.o)
 .text.libgcc.mul
                0x0000000000000000        0x0 c:/program files/microchip/xc8/v2.36/avr/bin/../lib/gcc/avr/5.4.0/avr5/memx-const\libgcc.a(_copy_data.o)
 .text.libgcc.div
                0x0000000000000000        0x0 c:/program files/microchip/xc8/v2.36/avr/bin/../lib/gcc/avr/5.4.0/avr5/memx-const\libgcc.a(_copy_data.o)
 .text.libgcc   0x0000000000000000        0x0 c:/program files/microchip/xc8/v2.36/avr/bin/../lib/gcc/avr/5.4.0/avr5/memx-const\libgcc.a(_copy_data.o)
 .text.libgcc.prologue
                0x0000000000000000        0x0 c:/program files/microchip/xc8/v2.36/avr/bin/../lib/gcc/avr/5.4.0/avr5/memx-const\libgcc.a(_copy_data.o)
 .text.libgcc.builtins
                0x0000000000000000        0x0 c:/program files/microchip/xc8/v2.36/avr/bin/../lib/gcc/avr/5.4.0/avr5/memx-const\libgcc.a(_copy_data.o)
 .text.libgcc.fmul
                0x0000000000000000        0x0 c:/program files/microchip/xc8/v2.36/avr/bin/../lib/gcc/avr/5.4.0/avr5/memx-const\libgcc.a(_copy_data.o)
 .text.libgcc.fixed
                0x0000000000000000        0x0 c:/program files/microchip/xc8/v2.36/avr/bin/../lib/gcc/avr/5.4.0/avr5/memx-const\libgcc.a(_copy_data.o)
 .text          0x0000000000000000        0x0 c:/program files/microchip/xc8/v2.36/avr/bin/../lib/gcc/avr/5.4.0/avr5/memx-const\libgcc.a(_umulhisi3.o)
 .data          0x0000000000000000        0x0 c:/program files/microchip/xc8/v2.36/avr/bin/../lib/gcc/avr/5.4.0/avr5/memx-const\libgcc.a(_umulhisi3.o)
 .bss           0x0000000000000000        0x0 c:/program files/microchip/xc8/v2.36/avr/bin/../lib/gcc/avr/5.4.0/avr5/memx-const\libgcc.a(_umulhisi3.o)
 .text.libgcc.mul
                0x0000000000000000       0x1e c:/program files/microchip/xc8/v2.36/avr/bin/../lib/gcc/avr/5.4.0/avr5/memx-const\libgcc.a(_umulhisi3.o)
 .stack.descriptors.hdr
                0x0000000000000000        0xe c:/program files/microchip/xc8/v2.36/avr/bin/../lib/gcc/avr/5.4.0/avr5/memx-const\libgcc.a(_umulhisi3.o)
 .stack.descriptors
                0x0000000000000000       0x19 c:/program files/microchip/xc8/v2.36/avr/bin/../lib/gcc/avr/5.4.0/avr5/memx-const\libgcc.a(_umulhisi3.o)
 .text.libgcc.div
                0x0000000000000000        0x0 c:/program files/microchip/xc8/v2.36/avr/bin/../lib/gcc/avr/5.4.0/avr5/memx-const\libgcc.a(_umulhisi3.o)
 .text.libgcc   0x0000000000000000        0x0 c:/program files/microchip/xc8/v2.36/avr/bin/../lib/gcc/avr/5.4.0/avr5/memx-const\libgcc.a(_umulhisi3.o)
 .text.libgcc.prologue
                0x0000000000000000        0x0 c:/program files/microchip/xc8/v2.36/avr/bin/../lib/gcc/avr/5.4.0/avr5/memx-const\libgcc.a(_umulhisi3.o)
 .text.libgcc.builtins
                0x0000000000000000        0x0 c:/program files/microchip/xc8/v2.36/avr/bin/../lib/gcc/avr/5.4.0/avr5/memx-const\libgcc.a(_umulhisi3.o)
 .text.libgcc.fmul
                0x0000000000000000        0x0 c:/program files/microchip/xc8/v2.36/avr/bin/../lib/gcc/avr/5.4.0/avr5/memx-const\libgcc.a(_umulhisi3.o)
 .text.libgcc.fixed
                0x0000000000000000        0x0 c:/program files/microchip/xc8/v2.36/avr/bin/../lib/gcc/avr/5.4.0/avr5/memx-const\libgcc.a(_umulhisi3.o)
 .text          0x0000000000000000        0x0 c:/program files/microchip/xc8/v2.36/avr/bin/../lib/gcc/avr/5.4.0/avr5/memx-const\libgcc.a(_xload_2.o)
 .data          0x0000000000000000        0x0 c:/program files/microchip/xc8/v2.36/avr/bin/../lib/gcc/avr/5.4.0/avr5/memx-const\libgcc.a(_xload_2.o)
 .bss           0x0000000000000000        0x0 c:/program files/microchip/xc8/v2.36/avr/bin/../lib/gcc/avr/5.4.0/avr5/memx-const\libgcc.a(_xload_2.o)
 .text.libgcc.mul
                0x0000000000000000        0x0 c:/program files/microchip/xc8/v2.36/avr/bin/../lib/gcc/avr/5.4.0/avr5/memx-const\libgcc.a(_xload_2.o)
 .text.libgcc.div
                0x0000000000000000        0x0 c:/program files/microchip/xc8/v2.36/avr/bin/../lib/gcc/avr/5.4.0/avr5/memx-const\libgcc.a(_xload_2.o)
 .text.libgcc.prologue
                0x0000000000000000        0x0 c:/program files/microchip/xc8/v2.36/avr/bin/../lib/gcc/avr/5.4.0/avr5/memx-const\libgcc.a(_xload_2.o)
 .stack.descriptors
                0x0000000000000000       0x17 c:/program files/microchip/xc8/v2.36/avr/bin/../lib/gcc/avr/5.4.0/avr5/memx-const\libgcc.a(_xload_2.o)
 .text.libgcc.builtins
                0x0000000000000000        0x0 c:/program files/microchip/xc8/v2.36/avr/bin/../lib/gcc/avr/5.4.0/avr5/memx-const\libgcc.a(_xload_2.o)
 .text.libgcc.fmul
                0x0000000000000000        0x0 c:/program files/microchip/xc8/v2.36/avr/bin/../lib/gcc/avr/5.4.0/avr5/memx-const\libgcc.a(_xload_2.o)
 .text.libgcc.fixed
                0x0000000000000000        0x0 c:/program files/microchip/xc8/v2.36/avr/bin/../lib/gcc/avr/5.4.0/avr5/memx-const\libgcc.a(_xload_2.o)
 .text          0x0000000000000000        0x0 c:/program files/microchip/xc8/v2.36/avr/bin/../lib/gcc/avr/5.4.0/../../../../avr/lib/avr5/memx-const\libc.a(exit.o)
 .data          0x0000000000000000        0x0 c:/program files/microchip/xc8/v2.36/avr/bin/../lib/gcc/avr/5.4.0/../../../../avr/lib/avr5/memx-const\libc.a(exit.o)
 .bss           0x0000000000000000        0x0 c:/program files/microchip/xc8/v2.36/avr/bin/../lib/gcc/avr/5.4.0/../../../../avr/lib/avr5/memx-const\libc.a(exit.o)
 .text          0x0000000000000000        0x0 c:/program files/microchip/xc8/v2.36/avr/bin/../lib/gcc/avr/5.4.0/../../../../avr/lib/avr5/memx-const\libc.a(memcpy.o)
 .data          0x0000000000000000        0x0 c:/program files/microchip/xc8/v2.36/avr/bin/../lib/gcc/avr/5.4.0/../../../../avr/lib/avr5/memx-const\libc.a(memcpy.o)
 .bss           0x0000000000000000        0x0 c:/program files/microchip/xc8/v2.36/avr/bin/../lib/gcc/avr/5.4.0/../../../../avr/lib/avr5/memx-const\libc.a(memcpy.o)
 .text          0x0000000000000000        0x0 c:/program files/microchip/xc8/v2.36/avr/bin/../lib/gcc/avr/5.4.0/../../../../avr/lib/avr5/memx-const\libc.a(_Exit.o)
 .data          0x0000000000000000        0x0 c:/program files/microchip/xc8/v2.36/avr/bin/../lib/gcc/avr/5.4.0/../../../../avr/lib/avr5/memx-const\libc.a(_Exit.o)
 .bss           0x0000000000000000        0x0 c:/program files/microchip/xc8/v2.36/avr/bin/../lib/gcc/avr/5.4.0/../../../../avr/lib/avr5/memx-const\libc.a(_Exit.o)
 .text          0x0000000000000000        0x0 c:/program files/microchip/xc8/v2.36/avr/bin/../lib/gcc/avr/5.4.0/avr5/memx-const\libgcc.a(_exit.o)
 .data          0x0000000000000000        0x0 c:/program files/microchip/xc8/v2.36/avr/bin/../lib/gcc/avr/5.4.0/avr5/memx-const\libgcc.a(_exit.o)
 .bss           0x0000000000000000        0x0 c:/program files/microchip/xc8/v2.36/avr/bin/../lib/gcc/avr/5.4.0/avr5/memx-const\libgcc.a(_exit.o)
 .text.libgcc.mul
                0x0000000000000000        0x0 c:/program files/microchip/xc8/v2.36/avr/bin/../lib/gcc/avr/5.4.0/avr5/memx-const\libgcc.a(_exit.o)
 .text.libgcc.div
                0x0000000000000000        0x0 c:/program files/microchip/xc8/v2.36/avr/bin/../lib/gcc/avr/5.4.0/avr5/memx-const\libgcc.a(_exit.o)
 .text.libgcc   0x0000000000000000        0x0 c:/program files/microchip/xc8/v2.36/avr/bin/../lib/gcc/avr/5.4.0/avr5/memx-const\libgcc.a(_exit.o)
 .text.libgcc.prologue
                0x0000000000000000        0x0 c:/program files/microchip/xc8/v2.36/avr/bin/../lib/gcc/avr/5.4.0/avr5/memx-const\libgcc.a(_exit.o)
 .stack.descriptors
                0x0000000000000000       0x13 c:/program files/microchip/xc8/v2.36/avr/bin/../lib/gcc/avr/5.4.0/avr5/memx-const\libgcc.a(_exit.o)
 .text.libgcc.builtins
                0x0000000000000000        0x0 c:/program files/microchip/xc8/v2.36/avr/bin/../lib/gcc/avr/5.4.0/avr5/memx-const\libgcc.a(_exit.o)
 .text.libgcc.fmul
                0x0000000000000000        0x0 c:/program files/microchip/xc8/v2.36/avr/bin/../lib/gcc/avr/5.4.0/avr5/memx-const\libgcc.a(_exit.o)
 .text.libgcc.fixed
                0x0000000000000000        0x0 c:/program files/microchip/xc8/v2.36/avr/bin/../lib/gcc/avr/5.4.0/avr5/memx-const\libgcc.a(_exit.o)

Memory Configuration

Name             Origin             Length             Attributes
text             0x0000000000000000 0x0000000000008000 xr
data             0x0000000000800060 0x0000000000000800 rw !x
eeprom           0x0000000000810000 0x0000000000000400 rw !x
fuse             0x0000000000820000 0x0000000000000002 rw !x
lock             0x0000000000830000 0x0000000000000400 rw !x
signature        0x0000000000840000 0x0000000000000400 rw !x
user_signatures  0x0000000000850000 0x0000000000000400 rw !x
*default*        0x0000000000000000 0xffffffffffffffff

Linker script and memory map

LOAD C:/Program Files (x86)/Atmel/Studio/7.0/Packs/atmel/ATmega_DFP/1.7.374/xc8/avr/lib/avr5/memx-const/crtatmega32.o
LOAD croutine.o
LOAD DIO_prog.o
LOAD event_groups.o
LOAD EXTI_PROGRAM.o
LOAD heap_1.o
LOAD LCD_program.o
LOAD list.o
LOAD main.o
LOAD port.o
LOAD queue.o
LOAD stream_buffer.o
LOAD tasks.o
LOAD timers.o
START GROUP
LOAD c:/program files/microchip/xc8/v2.36/avr/bin/../lib/gcc/avr/5.4.0/../../../../avr/lib/avr5/memx-const\libm.a
END GROUP
START GROUP
LOAD c:/program files/microchip/xc8/v2.36/avr/bin/../lib/gcc/avr/5.4.0/avr5/memx-const\libgcc.a
LOAD c:/program files/microchip/xc8/v2.36/avr/bin/../lib/gcc/avr/5.4.0/../../../../avr/lib/avr5/memx-const\libm.a
LOAD c:/program files/microchip/xc8/v2.36/avr/bin/../lib/gcc/avr/5.4.0/../../../../avr/lib/avr5/memx-const\libc.a
LOAD C:/Program Files (x86)/Atmel/Studio/7.0/Packs/atmel/ATmega_DFP/1.7.374/xc8/avr/lib/avr5/memx-const\libatmega32.a
END GROUP
                0x0000000000000000                __TEXT_REGION_ORIGIN__ = DEFINED (__TEXT_REGION_ORIGIN__)?__TEXT_REGION_ORIGIN__:0x0
                [0x0000000000800060]                __DATA_REGION_ORIGIN__ = DEFINED (__DATA_REGION_ORIGIN__)?__DATA_REGION_ORIGIN__:0x800060
                [0x0000000000008000]                __TEXT_REGION_LENGTH__ = DEFINED (__TEXT_REGION_LENGTH__)?__TEXT_REGION_LENGTH__:0x20000
                [0x0000000000000800]                __DATA_REGION_LENGTH__ = DEFINED (__DATA_REGION_LENGTH__)?__DATA_REGION_LENGTH__:0xffa0
                [0x0000000000000400]                __EEPROM_REGION_LENGTH__ = DEFINED (__EEPROM_REGION_LENGTH__)?__EEPROM_REGION_LENGTH__:0x10000
                [0x0000000000000002]                __FUSE_REGION_LENGTH__ = DEFINED (__FUSE_REGION_LENGTH__)?__FUSE_REGION_LENGTH__:0x400
                0x0000000000000400                __LOCK_REGION_LENGTH__ = DEFINED (__LOCK_REGION_LENGTH__)?__LOCK_REGION_LENGTH__:0x400
                0x0000000000000400                __SIGNATURE_REGION_LENGTH__ = DEFINED (__SIGNATURE_REGION_LENGTH__)?__SIGNATURE_REGION_LENGTH__:0x400
                0x0000000000000400                __USER_SIGNATURE_REGION_LENGTH__ = DEFINED (__USER_SIGNATURE_REGION_LENGTH__)?__USER_SIGNATURE_REGION_LENGTH__:0x400

.hash
 *(.hash)

.dynsym
 *(.dynsym)

.dynstr
 *(.dynstr)

.gnu.version
 *(.gnu.version)

.gnu.version_d
 *(.gnu.version_d)

.gnu.version_r
 *(.gnu.version_r)

.rel.init
 *(.rel.init)

.rela.init
 *(.rela.init)

.rel.text
 *(.rel.text)
 *(.rel.text.*)
 *(.rel.gnu.linkonce.t*)

.rela.text
 *(.rela.text)
 *(.rela.text.*)
 *(.rela.gnu.linkonce.t*)

.rel.fini
 *(.rel.fini)

.rela.fini
 *(.rela.fini)

.rel.rodata
 *(.rel.rodata)
 *(.rel.rodata.*)
 *(.rel.gnu.linkonce.r*)

.rela.rodata
 *(.rela.rodata)
 *(.rela.rodata.*)
 *(.rela.gnu.linkonce.r*)

.rel.data
 *(.rel.data)
 *(.rel.data.*)
 *(.rel.gnu.linkonce.d*)

.rela.data
 *(.rela.data)
 *(.rela.data.*)
 *(.rela.gnu.linkonce.d*)

.rel.ctors
 *(.rel.ctors)

.rela.ctors
 *(.rela.ctors)

.rel.dtors
 *(.rel.dtors)

.rela.dtors
 *(.rela.dtors)

.rel.got
 *(.rel.got)

.rela.got
 *(.rela.got)

.rel.bss
 *(.rel.bss)

.rela.bss
 *(.rela.bss)

.rel.plt
 *(.rel.plt)

.rela.plt
 *(.rela.plt)

.text           0x0000000000000000       0xae
 *(.vectors)
 .vectors       0x0000000000000000       0x54 C:/Program Files (x86)/Atmel/Studio/7.0/Packs/atmel/ATmega_DFP/1.7.374/xc8/avr/lib/avr5/memx-const/crtatmega32.o
                0x0000000000000000                __vector_default
                0x0000000000000000                __vectors
 *(.vectors)
 *(.progmem.gcc*)
 *(.dinit)
 .dinit         0x0000000000000054        0x5 data_init
                0x000000000000005a                . = ALIGN (0x2)
 *fill*         0x0000000000000059        0x1 
                0x000000000000005a                __trampolines_start = .
 *(.trampolines)
 .trampolines   0x000000000000005a        0x0 linker stubs
 *(.trampolines*)
                0x000000000000005a                __trampolines_end = .
 *libprintf_flt.a:*(.progmem.data)
 *libc.a:*(.progmem.data)
                0x000000000000005a                . = ALIGN (0x2)
 *(.jumptables)
 *(.jumptables*)
 *(.lowtext)
 *(.lowtext*)
                0x000000000000005a                __ctors_start = .
 *(.ctors)
                0x000000000000005a                __ctors_end = .
                0x000000000000005a                __dtors_start = .
 *(.dtors)
                0x000000000000005a                __dtors_end = .
 SORT(*)(.ctors)
 SORT(*)(.dtors)
 *(.init0)
 .init0         0x000000000000005a        0x0 C:/Program Files (x86)/Atmel/Studio/7.0/Packs/atmel/ATmega_DFP/1.7.374/xc8/avr/lib/avr5/memx-const/crtatmega32.o
                0x000000000000005a                __init
 *(.init0)
 *(.init1)
 *(.init1)
 *(.init2)
 .init2         0x000000000000005a        0xc C:/Program Files (x86)/Atmel/Studio/7.0/Packs/atmel/ATmega_DFP/1.7.374/xc8/avr/lib/avr5/memx-const/crtatmega32.o
 *(.init2)
 *(.init3)
 *(.init3)
 *(.init4)
 .init4         0x0000000000000066       0x3c c:/program files/microchip/xc8/v2.36/avr/bin/../lib/gcc/avr/5.4.0/avr5/memx-const\libgcc.a(_copy_data.o)
                0x0000000000000066                __do_copy_data
                0x0000000000000094                __do_clear_bss
 *(.init4)
 *(.init5)
 *(.init5)
 *(.init6)
 *(.init6)
 *(.init7)
 *(.init7)
 *(.init8)
 *(.init8)
 *(.init9)
 .init9         0x00000000000000a2        0x8 C:/Program Files (x86)/Atmel/Studio/7.0/Packs/atmel/ATmega_DFP/1.7.374/xc8/avr/lib/avr5/memx-const/crtatmega32.o
 *(.init9)
                0x00000000000000aa                . = ALIGN (0x2)
 *(.fini9)
 .fini9         0x00000000000000aa        0x0 c:/program files/microchip/xc8/v2.36/avr/bin/../lib/gcc/avr/5.4.0/avr5/memx-const\libgcc.a(_exit.o)
                0x00000000000000aa                _exit
 *(.fini9)
 *(.fini8)
 *(.fini8)
 *(.fini7)
 *(.fini7)
 *(.fini6)
 *(.fini6)
 *(.fini5)
 *(.fini5)
 *(.fini4)
 *(.fini4)
 *(.fini3)
 *(.fini3)
 *(.fini2)
 *(.fini2)
 *(.fini1)
 *(.fini1)
 *(.fini0)
 .fini0         0x00000000000000aa        0x4 c:/program files/microchip/xc8/v2.36/avr/bin/../lib/gcc/avr/5.4.0/avr5/memx-const\libgcc.a(_exit.o)
 *(.fini0)
                0x00000000000000ae                _etext = .

.data           0x0000000000800060        0x0 load address 0x00000000000000ae
                [!provide]                        PROVIDE (__data_start, .)
 *(.gnu.linkonce.d*)
 *(.gnu.linkonce.r*)
                0x0000000000800060                . = ALIGN (0x2)
 *fill*         0x0000000000800060        0x0 
                0x0000000000800060                _edata = .
                [!provide]                        PROVIDE (__data_end, .)

.bss            0x0000000000800060        0x2
                [!provide]                        PROVIDE (__bss_start, .)
 *(COMMON)
 COMMON         0x0000000000800060        0x2 main.o
                0x0000000000800060                q_handler
                [!provide]                        PROVIDE (__bss_end, .)
                0x00000000000000ae                __data_load_start = LOADADDR (.data)
                0x00000000000000ae                __data_load_end = (__data_load_start + SIZEOF (.data))

.noinit         0x0000000000800062        0x0
                [!provide]                        PROVIDE (__noinit_start, .)
 *(.noinit*)
                [!provide]                        PROVIDE (__noinit_end, .)
                0x0000000000800062                _end = .

.eeprom         0x0000000000810000        0x0
 *(.eeprom*)
                0x0000000000810000                __eeprom_end = .

.fuse
 *(.fuse)
 *(.lfuse)
 *(.hfuse)
 *(.efuse)

.lock
 *(.lock*)

.signature
 *(.signature*)

.user_signatures
 *(.user_signatures*)

.stab
 *(.stab)

.stabstr
 *(.stabstr)

.stab.excl
 *(.stab.excl)

.stab.exclstr
 *(.stab.exclstr)

.stab.index
 *(.stab.index)

.stab.indexstr
 *(.stab.indexstr)

.comment        0x0000000000000000       0x2f
 *(.comment)
 .comment       0x0000000000000000       0x2f EXTI_PROGRAM.o
                                         0x30 (size before relaxing)
 .comment       0x000000000000002f       0x30 heap_1.o
 .comment       0x000000000000002f       0x30 LCD_program.o
 .comment       0x000000000000002f       0x30 list.o
 .comment       0x000000000000002f       0x30 main.o
 .comment       0x000000000000002f       0x30 port.o
 .comment       0x000000000000002f       0x30 queue.o
 .comment       0x000000000000002f       0x30 tasks.o
 .comment       0x000000000000002f       0x30 c:/program files/microchip/xc8/v2.36/avr/bin/../lib/gcc/avr/5.4.0/../../../../avr/lib/avr5/memx-const\libc.a(exit.o)
 .comment       0x000000000000002f       0x30 c:/program files/microchip/xc8/v2.36/avr/bin/../lib/gcc/avr/5.4.0/../../../../avr/lib/avr5/memx-const\libc.a(memcpy.o)
 .comment       0x000000000000002f       0x30 c:/program files/microchip/xc8/v2.36/avr/bin/../lib/gcc/avr/5.4.0/../../../../avr/lib/avr5/memx-const\libc.a(_Exit.o)

.stack.descriptors.hdr
                0x0000000000000000       0x2a
 .stack.descriptors.hdr
                0x0000000000000000        0xe c:/program files/microchip/xc8/v2.36/avr/bin/../lib/gcc/avr/5.4.0/avr5/memx-const\libgcc.a(_udivmodhi4.o)
 .stack.descriptors.hdr
                0x000000000000000e        0xe c:/program files/microchip/xc8/v2.36/avr/bin/../lib/gcc/avr/5.4.0/avr5/memx-const\libgcc.a(_xload_2.o)
 .stack.descriptors.hdr
                0x000000000000001c        0xe c:/program files/microchip/xc8/v2.36/avr/bin/../lib/gcc/avr/5.4.0/avr5/memx-const\libgcc.a(_exit.o)

.note.GNU-stack
                0x0000000000000000        0x0
 .note.GNU-stack
                0x0000000000000000        0x0 c:/program files/microchip/xc8/v2.36/avr/bin/../lib/gcc/avr/5.4.0/../../../../avr/lib/avr5/memx-const\libc.a(exit.o)
 .note.GNU-stack
                0x0000000000000000        0x0 c:/program files/microchip/xc8/v2.36/avr/bin/../lib/gcc/avr/5.4.0/../../../../avr/lib/avr5/memx-const\libc.a(memcpy.o)
 .note.GNU-stack
                0x0000000000000000        0x0 c:/program files/microchip/xc8/v2.36/avr/bin/../lib/gcc/avr/5.4.0/../../../../avr/lib/avr5/memx-const\libc.a(_Exit.o)

.note.gnu.build-id
 *(.note.gnu.build-id)

.debug
 *(.debug)

.line
 *(.line)

.debug_srcinfo
 *(.debug_srcinfo)

.debug_sfnames
 *(.debug_sfnames)

.debug_aranges  0x0000000000000000      0x408
 *(.debug_aranges)
 .debug_aranges
                0x0000000000000000       0x28 EXTI_PROGRAM.o
 .debug_aranges
                0x0000000000000028       0x38 heap_1.o
 .debug_aranges
                0x0000000000000060       0x58 LCD_program.o
 .debug_aranges
                0x00000000000000b8       0x40 list.o
 .debug_aranges
                0x00000000000000f8       0x38 main.o
 .debug_aranges
                0x0000000000000130       0x50 port.o
 .debug_aranges
                0x0000000000000180       0xf8 queue.o
 .debug_aranges
                0x0000000000000278      0x190 tasks.o

.debug_pubnames
 *(.debug_pubnames)

.debug_info     0x0000000000000000     0x67dd
 *(.debug_info .gnu.linkonce.wi.*)
 .debug_info    0x0000000000000000      0x4e6 C:/Program Files (x86)/Atmel/Studio/7.0/Packs/atmel/ATmega_DFP/1.7.374/xc8/avr/lib/avr5/memx-const/crtatmega32.o
 .debug_info    0x00000000000004e6      0x2a3 EXTI_PROGRAM.o
 .debug_info    0x0000000000000789      0x3cc heap_1.o
 .debug_info    0x0000000000000b55      0x923 LCD_program.o
 .debug_info    0x0000000000001478      0x55e list.o
 .debug_info    0x00000000000019d6      0x570 main.o
 .debug_info    0x0000000000001f46      0x4d4 port.o
 .debug_info    0x000000000000241a     0x1c94 queue.o
 .debug_info    0x00000000000040ae     0x272f tasks.o

.debug_abbrev   0x0000000000000000     0x111c
 *(.debug_abbrev)
 .debug_abbrev  0x0000000000000000      0x4a3 C:/Program Files (x86)/Atmel/Studio/7.0/Packs/atmel/ATmega_DFP/1.7.374/xc8/avr/lib/avr5/memx-const/crtatmega32.o
 .debug_abbrev  0x00000000000004a3       0x8a EXTI_PROGRAM.o
 .debug_abbrev  0x000000000000052d      0x111 heap_1.o
 .debug_abbrev  0x000000000000063e      0x1c3 LCD_program.o
 .debug_abbrev  0x0000000000000801      0x130 list.o
 .debug_abbrev  0x0000000000000931      0x139 main.o
 .debug_abbrev  0x0000000000000a6a      0x145 port.o
 .debug_abbrev  0x0000000000000baf      0x265 queue.o
 .debug_abbrev  0x0000000000000e14      0x308 tasks.o

.debug_line     0x0000000000000000     0x2a43
 *(.debug_line .debug_line.* .debug_line_end)
 .debug_line    0x0000000000000000      0x119 C:/Program Files (x86)/Atmel/Studio/7.0/Packs/atmel/ATmega_DFP/1.7.374/xc8/avr/lib/avr5/memx-const/crtatmega32.o
 .debug_line    0x0000000000000119       0x76 EXTI_PROGRAM.o
 .debug_line    0x000000000000018f      0x123 heap_1.o
 .debug_line    0x00000000000002b2      0x36c LCD_program.o
 .debug_line    0x000000000000061e      0x1b6 list.o
 .debug_line    0x00000000000007d4      0x164 main.o
 .debug_line    0x0000000000000938      0x283 port.o
 .debug_line    0x0000000000000bbb      0xc2f queue.o
 .debug_line    0x00000000000017ea     0x1259 tasks.o

.debug_frame    0x0000000000000000      0xcf4
 *(.debug_frame)
 .debug_frame   0x0000000000000000       0x34 EXTI_PROGRAM.o
 .debug_frame   0x0000000000000034       0x60 heap_1.o
 .debug_frame   0x0000000000000094       0xc0 LCD_program.o
 .debug_frame   0x0000000000000154       0x88 list.o
 .debug_frame   0x00000000000001dc       0xdc main.o
 .debug_frame   0x00000000000002b8       0x84 port.o
 .debug_frame   0x000000000000033c      0x3b0 queue.o
 .debug_frame   0x00000000000006ec      0x608 tasks.o

.debug_str      0x0000000000000000      0x76a
 *(.debug_str)
 .debug_str     0x0000000000000000      0x196 C:/Program Files (x86)/Atmel/Studio/7.0/Packs/atmel/ATmega_DFP/1.7.374/xc8/avr/lib/avr5/memx-const/crtatmega32.o
 .debug_str     0x0000000000000196        0x0 EXTI_PROGRAM.o
 .debug_str     0x0000000000000196       0x1f heap_1.o
 .debug_str     0x00000000000001b5       0x26 LCD_program.o
 .debug_str     0x00000000000001db       0x2b list.o
 .debug_str     0x0000000000000206       0x8b main.o
 .debug_str     0x0000000000000291       0x26 port.o
 .debug_str     0x00000000000002b7      0x25d queue.o
 .debug_str     0x0000000000000514      0x256 tasks.o

.debug_loc      0x0000000000000000     0x4f1d
 *(.debug_loc)
 .debug_loc     0x0000000000000000      0x10f heap_1.o
 .debug_loc     0x000000000000010f      0x658 LCD_program.o
 .debug_loc     0x0000000000000767      0x145 list.o
 .debug_loc     0x00000000000008ac      0x1f5 main.o
 .debug_loc     0x0000000000000aa1      0x2a0 port.o
 .debug_loc     0x0000000000000d41     0x1e85 queue.o
 .debug_loc     0x0000000000002bc6     0x2357 tasks.o

.debug_macinfo
 *(.debug_macinfo)

.debug_weaknames
 *(.debug_weaknames)

.debug_funcnames
 *(.debug_funcnames)

.debug_typenames
 *(.debug_typenames)

.debug_varnames
 *(.debug_varnames)

.debug_pubtypes
 *(.debug_pubtypes)

.debug_ranges   0x0000000000000000      0x428
 *(.debug_ranges)
 .debug_ranges  0x0000000000000000       0x18 EXTI_PROGRAM.o
 .debug_ranges  0x0000000000000018       0x28 heap_1.o
 .debug_ranges  0x0000000000000040       0x48 LCD_program.o
 .debug_ranges  0x0000000000000088       0x30 list.o
 .debug_ranges  0x00000000000000b8       0x28 main.o
 .debug_ranges  0x00000000000000e0       0x40 port.o
 .debug_ranges  0x0000000000000120      0x148 queue.o
 .debug_ranges  0x0000000000000268      0x1c0 tasks.o

.debug_macro
 *(.debug_macro)
OUTPUT(Lect6.elf elf32-avr)
LOAD linker stubs
LOAD data_init

.note.gnu.avr.deviceinfo
                0x0000000000000000       0x3c
 .note.gnu.avr.deviceinfo
                0x0000000000000000       0x3c C:/Program Files (x86)/Atmel/Studio/7.0/Packs/atmel/ATmega_DFP/1.7.374/xc8/avr/lib/avr5/memx-const/crtatmega32.o

.bss.pucAlignedHeap.2094
                0x000000000080068f        0x2
 .bss.pucAlignedHeap.2094
                0x000000000080068f        0x2 heap_1.o

.bss.xNextFreeByte
                0x0000000000800691        0x2
 .bss.xNextFreeByte
                0x0000000000800691        0x2 heap_1.o

.bss.ucHeap     0x0000000000800062      0x5dc
 .bss.ucHeap    0x0000000000800062      0x5dc heap_1.o

.bss.uxSchedulerSuspended
                0x00000000008006a1        0x1
 .bss.uxSchedulerSuspended
                0x00000000008006a1        0x1 tasks.o

.bss.xIdleTaskHandle
                0x0000000000800693        0x2
 .bss.xIdleTaskHandle
                0x0000000000800693        0x2 tasks.o

.bss.xNextTaskUnblockTime
                0x0000000000800695        0x2
 .bss.xNextTaskUnblockTime
                0x0000000000800695        0x2 tasks.o

.bss.uxTaskNumber
                0x00000000008006a2        0x1
 .bss.uxTaskNumber
                0x00000000008006a2        0x1 tasks.o

.bss.xNumOfOverflows
                0x00000000008006a3        0x1
 .bss.xNumOfOverflows
                0x00000000008006a3        0x1 tasks.o

.bss.xYieldPending
                0x00000000008006a4        0x1
 .bss.xYieldPending
                0x00000000008006a4        0x1 tasks.o

.bss.xPendedTicks
                0x0000000000800697        0x2
 .bss.xPendedTicks
                0x0000000000800697        0x2 tasks.o

.bss.xSchedulerRunning
                0x00000000008006a5        0x1
 .bss.xSchedulerRunning
                0x00000000008006a5        0x1 tasks.o

.bss.uxTopReadyPriority
                0x00000000008006a6        0x1
 .bss.uxTopReadyPriority
                0x00000000008006a6        0x1 tasks.o

.bss.xTickCount
                0x0000000000800699        0x2
 .bss.xTickCount
                0x0000000000800699        0x2 tasks.o

.bss.uxCurrentNumberOfTasks
                0x00000000008006a7        0x1
 .bss.uxCurrentNumberOfTasks
                0x00000000008006a7        0x1 tasks.o

.bss.xSuspendedTaskList
                0x0000000000800662        0x9
 .bss.xSuspendedTaskList
                0x0000000000800662        0x9 tasks.o

.bss.uxDeletedTasksWaitingCleanUp
                0x00000000008006a8        0x1
 .bss.uxDeletedTasksWaitingCleanUp
                0x00000000008006a8        0x1 tasks.o

.bss.xTasksWaitingTermination
                0x000000000080066b        0x9
 .bss.xTasksWaitingTermination
                0x000000000080066b        0x9 tasks.o

.bss.xPendingReadyList
                0x0000000000800674        0x9
 .bss.xPendingReadyList
                0x0000000000800674        0x9 tasks.o

.bss.pxOverflowDelayedTaskList
                0x000000000080069b        0x2
 .bss.pxOverflowDelayedTaskList
                0x000000000080069b        0x2 tasks.o

.bss.pxDelayedTaskList
                0x000000000080069d        0x2
 .bss.pxDelayedTaskList
                0x000000000080069d        0x2 tasks.o

.bss.xDelayedTaskList2
                0x000000000080067d        0x9
 .bss.xDelayedTaskList2
                0x000000000080067d        0x9 tasks.o

.bss.xDelayedTaskList1
                0x0000000000800686        0x9
 .bss.xDelayedTaskList1
                0x0000000000800686        0x9 tasks.o

.bss.pxReadyTasksLists
                0x000000000080063e       0x24
 .bss.pxReadyTasksLists
                0x000000000080063e       0x24 tasks.o

.bss.pxCurrentTCB
                0x000000000080069f        0x2
 .bss.pxCurrentTCB
                0x000000000080069f        0x2 tasks.o
                0x000000000080069f                pxCurrentTCB

.progmemx.data  0x00000000000000ae        0x6
 .progmemx.data
                0x00000000000000ae        0x6 tasks.o
                0x00000000000000b3                uxTopUsedPriority

.text.xTaskIncrementTick
                0x00000000000000b4      0x234
 .text.xTaskIncrementTick
                0x00000000000000b4      0x234 tasks.o
                0x00000000000000b4                xTaskIncrementTick

.text.xTaskResumeAll
                0x00000000000002e8      0x1aa
 .text.xTaskResumeAll
                0x00000000000002e8      0x1aa tasks.o
                0x00000000000002e8                xTaskResumeAll

.text.xTaskRemoveFromEventList
                0x0000000000000492      0x184
 .text.xTaskRemoveFromEventList
                0x0000000000000492      0x184 tasks.o
                0x0000000000000492                xTaskRemoveFromEventList

.text.xQueueReceive
                0x0000000000000616      0x126
 .text.xQueueReceive
                0x0000000000000616      0x126 queue.o
                0x0000000000000616                xQueueReceive

.text.prvAddCurrentTaskToDelayedList
                0x000000000000073c      0x102
 .text.prvAddCurrentTaskToDelayedList
                0x000000000000073c      0x102 tasks.o

.text.prvAddNewTaskToReadyList
                0x000000000000083e       0xfa
 .text.prvAddNewTaskToReadyList
                0x000000000000083e       0xfa tasks.o

.text.prvInitialiseNewTask
                0x0000000000000938       0xea
 .text.prvInitialiseNewTask
                0x0000000000000938       0xea tasks.o

.text.xTaskCreate
                0x0000000000000a22       0xde
 .text.xTaskCreate
                0x0000000000000a22       0xde tasks.o
                0x0000000000000a22                xTaskCreate

.text.pxPortInitialiseStack
                0x0000000000000b00       0xd8
 .text.pxPortInitialiseStack
                0x0000000000000b00       0xd8 port.o
                0x0000000000000b00                pxPortInitialiseStack

.text.xQueueGenericReset
                0x0000000000000bd8       0xc2
 .text.xQueueGenericReset
                0x0000000000000bd8       0xc2 queue.o
                0x0000000000000bd8                xQueueGenericReset

.text.xQueueGenericSendFromISR
                0x0000000000000c9a       0xbc
 .text.xQueueGenericSendFromISR
                0x0000000000000c9a       0xbc queue.o
                0x0000000000000c9a                xQueueGenericSendFromISR

.text.vPortYieldFromTick
                0x0000000000000d56       0xb8
 .text.vPortYieldFromTick
                0x0000000000000d56       0xb8 port.o
                0x0000000000000d56                vPortYieldFromTick

.text.vPortYield
                0x0000000000000e0e       0xb2
 .text.vPortYield
                0x0000000000000e0e       0xb2 port.o
                0x0000000000000e0e                vPortYield

.text.vTaskSwitchContext
                0x0000000000000ec0       0xa8
 .text.vTaskSwitchContext
                0x0000000000000ec0       0xa8 tasks.o
                0x0000000000000ec0                vTaskSwitchContext

.text.prvNotifyQueueSetContainer
                0x0000000000000f68       0x98
 .text.prvNotifyQueueSetContainer
                0x0000000000000f68       0x98 queue.o

.text.prvCopyDataToQueue
                0x0000000000001000       0x92
 .text.prvCopyDataToQueue
                0x0000000000001000       0x92 queue.o

.text.prvUnlockQueue
                0x0000000000001092       0x8a
 .text.prvUnlockQueue
                0x0000000000001092       0x8a queue.o

.text.xQueueGenericCreate
                0x000000000000111c       0x82
 .text.xQueueGenericCreate
                0x000000000000111c       0x82 queue.o
                0x000000000000111c                xQueueGenericCreate

.text.xTaskCheckForTimeOut
                0x000000000000119e       0x7e
 .text.xTaskCheckForTimeOut
                0x000000000000119e       0x7e tasks.o
                0x000000000000119e                xTaskCheckForTimeOut

.text.HLCD_vInit
                0x000000000000121c       0x76
 .text.HLCD_vInit
                0x000000000000121c       0x76 LCD_program.o
                0x000000000000121c                HLCD_vInit

.text.__vector_1
                0x0000000000001292       0x76
 .text.__vector_1
                0x0000000000001292       0x76 main.o
                0x0000000000001292                __vector_1

.text.pvPortMalloc
                0x0000000000001308       0x74
 .text.pvPortMalloc
                0x0000000000001308       0x74 heap_1.o
                0x0000000000001308                pvPortMalloc

.text.prvInitialiseTaskLists
                0x000000000000137c       0x6e
 .text.prvInitialiseTaskLists
                0x000000000000137c       0x6e tasks.o

.text.main      0x00000000000013ea       0x6c
 .text.main     0x00000000000013ea       0x6c main.o
                0x00000000000013ea                main

.text.HLCD_vsendData
                0x0000000000001456       0x68
 .text.HLCD_vsendData
                0x0000000000001456       0x68 LCD_program.o
                0x0000000000001456                HLCD_vsendData

.text.HLCD_vsendCommand
                0x00000000000014be       0x68
 .text.HLCD_vsendCommand
                0x00000000000014be       0x68 LCD_program.o
                0x00000000000014be                HLCD_vsendCommand

.text.vListInsert
                0x0000000000001526       0x62
 .text.vListInsert
                0x0000000000001526       0x62 list.o
                0x0000000000001526                vListInsert

.text.xPortStartScheduler
                0x0000000000001588       0x5e
 .text.xPortStartScheduler
                0x0000000000001588       0x5e port.o
                0x0000000000001588                xPortStartScheduler

.text.vTaskStartScheduler
                0x00000000000015e6       0x5e
 .text.vTaskStartScheduler
                0x00000000000015e6       0x5e tasks.o
                0x00000000000015e6                vTaskStartScheduler

.text.uxListRemove
                0x0000000000001644       0x4e
 .text.uxListRemove
                0x0000000000001644       0x4e list.o
                0x0000000000001644                uxListRemove

.text.prvCheckTasksWaitingTermination
                0x0000000000001692       0x4c
 .text.prvCheckTasksWaitingTermination
                0x0000000000001692       0x4c tasks.o

.text.prvResetNextTaskUnblockTime
                0x00000000000016de       0x38
 .text.prvResetNextTaskUnblockTime
                0x00000000000016de       0x38 tasks.o

.text.prvCopyDataFromQueue
                0x0000000000001716       0x36
 .text.prvCopyDataFromQueue
                0x0000000000001716       0x36 queue.o

.text.prvInitialiseNewQueue
                0x000000000000174c       0x32
 .text.prvInitialiseNewQueue
                0x000000000000174c       0x32 queue.o

.text.memcpy    0x000000000000177e       0x32
 .text.memcpy   0x000000000000177e       0x32 c:/program files/microchip/xc8/v2.36/avr/bin/../lib/gcc/avr/5.4.0/../../../../avr/lib/avr5/memx-const\libc.a(memcpy.o)
                0x000000000000177e                memcpy

.text.task2     0x00000000000017b0       0x2e
 .text.task2    0x00000000000017b0       0x2e main.o
                0x00000000000017b0                task2

.text.vTaskDelay
                0x00000000000017de       0x2c
 .text.vTaskDelay
                0x00000000000017de       0x2c tasks.o
                0x00000000000017de                vTaskDelay

.text.libgcc.div
                0x000000000000180a       0x28
 .text.libgcc.div
                0x000000000000180a       0x28 c:/program files/microchip/xc8/v2.36/avr/bin/../lib/gcc/avr/5.4.0/avr5/memx-const\libgcc.a(_udivmodhi4.o)
                0x000000000000180a                __udivmodhi4

.text.prvIsQueueEmpty
                0x0000000000001832       0x26
 .text.prvIsQueueEmpty
                0x0000000000001832       0x26 queue.o

.text.vTaskPlaceOnEventList
                0x0000000000001858       0x24
 .text.vTaskPlaceOnEventList
                0x0000000000001858       0x24 tasks.o
                0x0000000000001858                vTaskPlaceOnEventList

.text.vListInitialise
                0x000000000000187c       0x1c
 .text.vListInitialise
                0x000000000000187c       0x1c list.o
                0x000000000000187c                vListInitialise

.text.EXTI0_init
                0x0000000000001898       0x1a
 .text.EXTI0_init
                0x0000000000001898       0x1a EXTI_PROGRAM.o
                0x0000000000001898                EXTI0_init

.text.prvDeleteTCB
                0x00000000000018b2       0x1a
 .text.prvDeleteTCB
                0x00000000000018b2       0x1a tasks.o

.text.vTaskInternalSetTimeOutState
                0x00000000000018cc       0x16
 .text.vTaskInternalSetTimeOutState
                0x00000000000018cc       0x16 tasks.o
                0x00000000000018cc                vTaskInternalSetTimeOutState

.text.exit      0x00000000000018e2       0x16
 .text.exit     0x00000000000018e2       0x16 c:/program files/microchip/xc8/v2.36/avr/bin/../lib/gcc/avr/5.4.0/../../../../avr/lib/avr5/memx-const\libc.a(exit.o)
                0x00000000000018e2                exit

.text.task1     0x00000000000018f8       0x14
 .text.task1    0x00000000000018f8       0x14 main.o
                0x00000000000018f8                task1

.text.prvSetupTimerInterrupt
                0x000000000000190c       0x12
 .text.prvSetupTimerInterrupt
                0x000000000000190c       0x12 port.o

.text.libgcc    0x000000000000191e       0x10
 .text.libgcc   0x000000000000191e       0x10 c:/program files/microchip/xc8/v2.36/avr/bin/../lib/gcc/avr/5.4.0/avr5/memx-const\libgcc.a(_xload_2.o)
                0x000000000000191e                __xload_2

.text.vTaskSuspendAll
                0x000000000000192e        0xc
 .text.vTaskSuspendAll
                0x000000000000192e        0xc tasks.o
                0x000000000000192e                vTaskSuspendAll

.text.vListInitialiseItem
                0x000000000000193a        0x8
 .text.vListInitialiseItem
                0x000000000000193a        0x8 list.o
                0x000000000000193a                vListInitialiseItem

.text.vTaskMissedYield
                0x0000000000001942        0x8
 .text.vTaskMissedYield
                0x0000000000001942        0x8 tasks.o
                0x0000000000001942                vTaskMissedYield

.text.__vector_7
                0x000000000000194a        0x6
 .text.__vector_7
                0x000000000000194a        0x6 port.o
                0x000000000000194a                __vector_7

.text.prvIdleTask
                0x0000000000001950        0x6
 .text.prvIdleTask
                0x0000000000001950        0x6 tasks.o

.text.uxTaskGetNumberOfTasks
                0x0000000000001956        0x6
 .text.uxTaskGetNumberOfTasks
                0x0000000000001956        0x6 tasks.o
                0x0000000000001956                uxTaskGetNumberOfTasks

.text           0x000000000000195c        0x4
 .text          0x000000000000195c        0x4 C:/Program Files (x86)/Atmel/Studio/7.0/Packs/atmel/ATmega_DFP/1.7.374/xc8/avr/lib/avr5/memx-const/crtatmega32.o
                0x000000000000195c                __vector_12
                0x000000000000195c                __bad_interrupt
                0x000000000000195c                __vector_6
                0x000000000000195c                __vector_3
                0x000000000000195c                __vector_11
                0x000000000000195c                __vector_13
                0x000000000000195c                __vector_17
                0x000000000000195c                __vector_19
                0x000000000000195c                __vector_5
                0x000000000000195c                __vector_4
                0x000000000000195c                __vector_9
                0x000000000000195c                __vector_2
                0x000000000000195c                __vector_15
                0x000000000000195c                __vector_8
                0x000000000000195c                __vector_14
                0x000000000000195c                __vector_10
                0x000000000000195c                __vector_16
                0x000000000000195c                __vector_18
                0x000000000000195c                __vector_20

.text._Exit     0x0000000000001960        0x4
 .text._Exit    0x0000000000001960        0x4 c:/program files/microchip/xc8/v2.36/avr/bin/../lib/gcc/avr/5.4.0/../../../../avr/lib/avr5/memx-const\libc.a(_Exit.o)
                0x0000000000001960                _Exit

.text.vPortFree
                0x0000000000001964        0x2
 .text.vPortFree
                0x0000000000001964        0x2 heap_1.o
                0x0000000000001964                vPortFree

.text.__dummy_fini
                0x0000000000001966        0x2
 .text.__dummy_fini
                0x0000000000001966        0x2 c:/program files/microchip/xc8/v2.36/avr/bin/../lib/gcc/avr/5.4.0/../../../../avr/lib/avr5/memx-const\libc.a(exit.o)
                0x0000000000001966                _fini

.text.__dummy_funcs_on_exit
                0x0000000000001968        0x2
 .text.__dummy_funcs_on_exit
                0x0000000000001968        0x2 c:/program files/microchip/xc8/v2.36/avr/bin/../lib/gcc/avr/5.4.0/../../../../avr/lib/avr5/memx-const\libc.a(exit.o)
                0x0000000000001968                __funcs_on_exit

.text.__dummy_simulator_exit
                0x000000000000196a        0x2
 .text.__dummy_simulator_exit
                0x000000000000196a        0x2 c:/program files/microchip/xc8/v2.36/avr/bin/../lib/gcc/avr/5.4.0/../../../../avr/lib/avr5/memx-const\libc.a(exit.o)
                0x000000000000196a                __simulator_exit
