Archive member included to satisfy reference by file (symbol)

c:/program files/microchip/xc8/v2.36/avr/bin/../lib/gcc/avr/5.4.0/avr5/memx-const\libgcc.a(_udivmodhi4.o)
                              heap_4.o (__udivmodhi4)
c:/program files/microchip/xc8/v2.36/avr/bin/../lib/gcc/avr/5.4.0/avr5/memx-const\libgcc.a(_udivmodsi4.o)
                              LCD_program.o (__udivmodsi4)
c:/program files/microchip/xc8/v2.36/avr/bin/../lib/gcc/avr/5.4.0/avr5/memx-const\libgcc.a(_copy_data.o)
                              main.o (__do_copy_data)
c:/program files/microchip/xc8/v2.36/avr/bin/../lib/gcc/avr/5.4.0/avr5/memx-const\libgcc.a(_xload_2.o)
                              tasks.o (__xload_2)
c:/program files/microchip/xc8/v2.36/avr/bin/../lib/gcc/avr/5.4.0/../../../../avr/lib/avr5/memx-const\libc.a(exit.o)
                              C:/Program Files (x86)/Atmel/Studio/7.0/Packs/atmel/ATmega_DFP/1.7.374/xc8/avr/lib/avr5/memx-const/crtatmega32.o (exit)
c:/program files/microchip/xc8/v2.36/avr/bin/../lib/gcc/avr/5.4.0/../../../../avr/lib/avr5/memx-const\libc.a(memcpy.o)
                              queue.o (memcpy)
c:/program files/microchip/xc8/v2.36/avr/bin/../lib/gcc/avr/5.4.0/../../../../avr/lib/avr5/memx-const\libc.a(memset.o)
                              heap_4.o (memset)
c:/program files/microchip/xc8/v2.36/avr/bin/../lib/gcc/avr/5.4.0/../../../../avr/lib/avr5/memx-const\libc.a(_Exit.o)
                              c:/program files/microchip/xc8/v2.36/avr/bin/../lib/gcc/avr/5.4.0/../../../../avr/lib/avr5/memx-const\libc.a(exit.o) (_Exit)
c:/program files/microchip/xc8/v2.36/avr/bin/../lib/gcc/avr/5.4.0/avr5/memx-const\libgcc.a(_exit.o)
                              c:/program files/microchip/xc8/v2.36/avr/bin/../lib/gcc/avr/5.4.0/../../../../avr/lib/avr5/memx-const\libc.a(_Exit.o) (_exit)

Allocating common symbols
Common symbol       size              file

led                 0x2               main.o

Discarded input sections

 .data          0x0000000000000000        0x0 C:/Program Files (x86)/Atmel/Studio/7.0/Packs/atmel/ATmega_DFP/1.7.374/xc8/avr/lib/avr5/memx-const/crtatmega32.o
 .bss           0x0000000000000000        0x0 C:/Program Files (x86)/Atmel/Studio/7.0/Packs/atmel/ATmega_DFP/1.7.374/xc8/avr/lib/avr5/memx-const/crtatmega32.o
 .text          0x0000000000000000        0x0 DIO_prog.o
 .data          0x0000000000000000        0x0 DIO_prog.o
 .bss           0x0000000000000000        0x0 DIO_prog.o
 .text.DIO_voidInit
                0x0000000000000000       0x1c DIO_prog.o
 .text.DIO_u8SetPinDirection
                0x0000000000000000      0x134 DIO_prog.o
 .text.DIO_u8SetPinValue
                0x0000000000000000      0x102 DIO_prog.o
 .text.DIO_u8GetPinValue
                0x0000000000000000       0xbc DIO_prog.o
 .text.DIO_u8SetPortDirection
                0x0000000000000000       0x8c DIO_prog.o
 .text.DIO_u8SetPortValue
                0x0000000000000000       0x22 DIO_prog.o
 .text.DIO_u8GetPortValue
                0x0000000000000000       0x4c DIO_prog.o
 .debug_info    0x0000000000000000      0x50a DIO_prog.o
 .debug_abbrev  0x0000000000000000       0xee DIO_prog.o
 .debug_loc     0x0000000000000000      0x6ce DIO_prog.o
 .debug_aranges
                0x0000000000000000       0x50 DIO_prog.o
 .debug_ranges  0x0000000000000000       0x40 DIO_prog.o
 .debug_line    0x0000000000000000      0x465 DIO_prog.o
 .debug_str     0x0000000000000000       0x3e DIO_prog.o
 .comment       0x0000000000000000       0x30 DIO_prog.o
 .debug_frame   0x0000000000000000       0x84 DIO_prog.o
 .text          0x0000000000000000        0x0 heap_4.o
 .data          0x0000000000000000        0x0 heap_4.o
 .bss           0x0000000000000000        0x0 heap_4.o
 .text.xPortGetFreeHeapSize
                0x0000000000000000        0xa heap_4.o
 .text.xPortGetMinimumEverFreeHeapSize
                0x0000000000000000        0xa heap_4.o
 .text.vPortInitialiseBlocks
                0x0000000000000000        0x2 heap_4.o
 .text.pvPortCalloc
                0x0000000000000000       0x6a heap_4.o
 .text.vPortGetHeapStats
                0x0000000000000000       0xc6 heap_4.o
 .text          0x0000000000000000        0x0 LCD_program.o
 .data          0x0000000000000000        0x0 LCD_program.o
 .bss           0x0000000000000000        0x0 LCD_program.o
 .text.HLCD_vWriteNextChar
                0x0000000000000000       0x16 LCD_program.o
 .text.HLCD_vClearDisplay
                0x0000000000000000       0x14 LCD_program.o
 .text.HLCD_vshowString
                0x0000000000000000        0x6 LCD_program.o
 .text.HLCD_vShowString
                0x0000000000000000       0x42 LCD_program.o
 .text          0x0000000000000000        0x0 list.o
 .data          0x0000000000000000        0x0 list.o
 .bss           0x0000000000000000        0x0 list.o
 .text.vListInsertEnd
                0x0000000000000000       0x42 list.o
 .text          0x0000000000000000        0x0 main.o
 .data          0x0000000000000000        0x0 main.o
 .bss           0x0000000000000000        0x0 main.o
 .text          0x0000000000000000        0x0 port.o
 .data          0x0000000000000000        0x0 port.o
 .bss           0x0000000000000000        0x0 port.o
 .text.vPortEndScheduler
                0x0000000000000000        0x2 port.o
 .text          0x0000000000000000        0x0 queue.o
 .data          0x0000000000000000        0x0 queue.o
 .bss           0x0000000000000000        0x0 queue.o
 .text.prvIsQueueEmpty
                0x0000000000000000       0x26 queue.o
 .text.prvIsQueueFull
                0x0000000000000000       0x38 queue.o
 .text.prvCopyDataToQueue
                0x0000000000000000       0x92 queue.o
 .text.prvCopyDataFromQueue
                0x0000000000000000       0x36 queue.o
 .text.prvUnlockQueue
                0x0000000000000000       0x70 queue.o
 .text.xQueueGenericReset
                0x0000000000000000       0xc2 queue.o
 .text.prvInitialiseNewQueue
                0x0000000000000000       0x26 queue.o
 .text.xQueueGenericCreate
                0x0000000000000000       0x82 queue.o
 .text.xQueueGenericSend
                0x0000000000000000      0x12e queue.o
 .text.xQueueGenericSendFromISR
                0x0000000000000000       0x80 queue.o
 .text.xQueueGiveFromISR
                0x0000000000000000       0x78 queue.o
 .text.xQueueReceive
                0x0000000000000000      0x126 queue.o
 .text.xQueueSemaphoreTake
                0x0000000000000000      0x10e queue.o
 .text.xQueuePeek
                0x0000000000000000      0x12a queue.o
 .text.xQueueReceiveFromISR
                0x0000000000000000       0x7e queue.o
 .text.xQueuePeekFromISR
                0x0000000000000000       0x2e queue.o
 .text.uxQueueMessagesWaiting
                0x0000000000000000       0x10 queue.o
 .text.uxQueueSpacesAvailable
                0x0000000000000000       0x16 queue.o
 .text.uxQueueMessagesWaitingFromISR
                0x0000000000000000        0x6 queue.o
 .text.vQueueDelete
                0x0000000000000000        0x6 queue.o
 .text.xQueueIsQueueEmptyFromISR
                0x0000000000000000       0x10 queue.o
 .text.xQueueIsQueueFullFromISR
                0x0000000000000000       0x12 queue.o
 .debug_info    0x0000000000000000     0x18d6 queue.o
 .debug_abbrev  0x0000000000000000      0x274 queue.o
 .debug_loc     0x0000000000000000     0x1b28 queue.o
 .debug_aranges
                0x0000000000000000       0xc8 queue.o
 .debug_ranges  0x0000000000000000      0x100 queue.o
 .debug_line    0x0000000000000000      0xa5c queue.o
 .debug_str     0x0000000000000000      0x213 queue.o
 .comment       0x0000000000000000       0x30 queue.o
 .debug_frame   0x0000000000000000      0x300 queue.o
 .text          0x0000000000000000        0x0 tasks.o
 .data          0x0000000000000000        0x0 tasks.o
 .bss           0x0000000000000000        0x0 tasks.o
 .text.prvTaskIsTaskSuspended
                0x0000000000000000       0x42 tasks.o
 .text.uxTaskPriorityGetFromISR
                0x0000000000000000       0x20 tasks.o
 .text.vTaskResume
                0x0000000000000000       0xcc tasks.o
 .text.xTaskResumeFromISR
                0x0000000000000000       0xda tasks.o
 .text.vTaskEndScheduler
                0x0000000000000000        0xc tasks.o
 .text.xTaskGetTickCountFromISR
                0x0000000000000000        0xa tasks.o
 .text.uxTaskGetNumberOfTasks
                0x0000000000000000        0x6 tasks.o
 .text.pcTaskGetName
                0x0000000000000000       0x10 tasks.o
 .text.vTaskDelay
                0x0000000000000000       0x2c tasks.o
 .text.xTaskCatchUpTicks
                0x0000000000000000       0x32 tasks.o
 .text.vTaskSuspend
                0x0000000000000000       0xc2 tasks.o
 .text.vTaskPlaceOnEventList
                0x0000000000000000       0x24 tasks.o
 .text.vTaskPlaceOnUnorderedEventList
                0x0000000000000000       0x8c tasks.o
 .text.xTaskRemoveFromEventList
                0x0000000000000000      0x184 tasks.o
 .text.vTaskRemoveFromUnorderedEventList
                0x0000000000000000      0x14c tasks.o
 .text.vTaskSetTimeOutState
                0x0000000000000000       0x20 tasks.o
 .text.vTaskInternalSetTimeOutState
                0x0000000000000000       0x16 tasks.o
 .text.xTaskCheckForTimeOut
                0x0000000000000000       0x7e tasks.o
 .text.vTaskMissedYield
                0x0000000000000000        0x8 tasks.o
 .text.xTaskGetCurrentTaskHandle
                0x0000000000000000        0xa tasks.o
 .text.uxTaskResetEventItemValue
                0x0000000000000000       0x2e tasks.o
 .text.ulTaskGenericNotifyTake
                0x0000000000000000      0x106 tasks.o
 .text.xTaskGenericNotifyWait
                0x0000000000000000      0x142 tasks.o
 .text.xTaskGenericNotify
                0x0000000000000000      0x20a tasks.o
 .text.xTaskGenericNotifyFromISR
                0x0000000000000000      0x260 tasks.o
 .text.vTaskGenericNotifyGiveFromISR
                0x0000000000000000      0x194 tasks.o
 .text.xTaskGenericNotifyStateClear
                0x0000000000000000       0x34 tasks.o
 .text.ulTaskGenericNotifyValueClear
                0x0000000000000000       0x6c tasks.o
 .text          0x0000000000000000        0x0 c:/program files/microchip/xc8/v2.36/avr/bin/../lib/gcc/avr/5.4.0/avr5/memx-const\libgcc.a(_udivmodhi4.o)
 .data          0x0000000000000000        0x0 c:/program files/microchip/xc8/v2.36/avr/bin/../lib/gcc/avr/5.4.0/avr5/memx-const\libgcc.a(_udivmodhi4.o)
 .bss           0x0000000000000000        0x0 c:/program files/microchip/xc8/v2.36/avr/bin/../lib/gcc/avr/5.4.0/avr5/memx-const\libgcc.a(_udivmodhi4.o)
 .text.libgcc.mul
                0x0000000000000000        0x0 c:/program files/microchip/xc8/v2.36/avr/bin/../lib/gcc/avr/5.4.0/avr5/memx-const\libgcc.a(_udivmodhi4.o)
 .text.libgcc.div
                0x0000000000000000       0x28 c:/program files/microchip/xc8/v2.36/avr/bin/../lib/gcc/avr/5.4.0/avr5/memx-const\libgcc.a(_udivmodhi4.o)
 .stack.descriptors.hdr
                0x0000000000000000        0xe c:/program files/microchip/xc8/v2.36/avr/bin/../lib/gcc/avr/5.4.0/avr5/memx-const\libgcc.a(_udivmodhi4.o)
 .stack.descriptors
                0x0000000000000000       0x1a c:/program files/microchip/xc8/v2.36/avr/bin/../lib/gcc/avr/5.4.0/avr5/memx-const\libgcc.a(_udivmodhi4.o)
 .text.libgcc   0x0000000000000000        0x0 c:/program files/microchip/xc8/v2.36/avr/bin/../lib/gcc/avr/5.4.0/avr5/memx-const\libgcc.a(_udivmodhi4.o)
 .text.libgcc.prologue
                0x0000000000000000        0x0 c:/program files/microchip/xc8/v2.36/avr/bin/../lib/gcc/avr/5.4.0/avr5/memx-const\libgcc.a(_udivmodhi4.o)
 .text.libgcc.builtins
                0x0000000000000000        0x0 c:/program files/microchip/xc8/v2.36/avr/bin/../lib/gcc/avr/5.4.0/avr5/memx-const\libgcc.a(_udivmodhi4.o)
 .text.libgcc.fmul
                0x0000000000000000        0x0 c:/program files/microchip/xc8/v2.36/avr/bin/../lib/gcc/avr/5.4.0/avr5/memx-const\libgcc.a(_udivmodhi4.o)
 .text.libgcc.fixed
                0x0000000000000000        0x0 c:/program files/microchip/xc8/v2.36/avr/bin/../lib/gcc/avr/5.4.0/avr5/memx-const\libgcc.a(_udivmodhi4.o)
 .text          0x0000000000000000        0x0 c:/program files/microchip/xc8/v2.36/avr/bin/../lib/gcc/avr/5.4.0/avr5/memx-const\libgcc.a(_udivmodsi4.o)
 .data          0x0000000000000000        0x0 c:/program files/microchip/xc8/v2.36/avr/bin/../lib/gcc/avr/5.4.0/avr5/memx-const\libgcc.a(_udivmodsi4.o)
 .bss           0x0000000000000000        0x0 c:/program files/microchip/xc8/v2.36/avr/bin/../lib/gcc/avr/5.4.0/avr5/memx-const\libgcc.a(_udivmodsi4.o)
 .text.libgcc.mul
                0x0000000000000000        0x0 c:/program files/microchip/xc8/v2.36/avr/bin/../lib/gcc/avr/5.4.0/avr5/memx-const\libgcc.a(_udivmodsi4.o)
 .stack.descriptors
                0x0000000000000000       0x1a c:/program files/microchip/xc8/v2.36/avr/bin/../lib/gcc/avr/5.4.0/avr5/memx-const\libgcc.a(_udivmodsi4.o)
 .text.libgcc   0x0000000000000000        0x0 c:/program files/microchip/xc8/v2.36/avr/bin/../lib/gcc/avr/5.4.0/avr5/memx-const\libgcc.a(_udivmodsi4.o)
 .text.libgcc.prologue
                0x0000000000000000        0x0 c:/program files/microchip/xc8/v2.36/avr/bin/../lib/gcc/avr/5.4.0/avr5/memx-const\libgcc.a(_udivmodsi4.o)
 .text.libgcc.builtins
                0x0000000000000000        0x0 c:/program files/microchip/xc8/v2.36/avr/bin/../lib/gcc/avr/5.4.0/avr5/memx-const\libgcc.a(_udivmodsi4.o)
 .text.libgcc.fmul
                0x0000000000000000        0x0 c:/program files/microchip/xc8/v2.36/avr/bin/../lib/gcc/avr/5.4.0/avr5/memx-const\libgcc.a(_udivmodsi4.o)
 .text.libgcc.fixed
                0x0000000000000000        0x0 c:/program files/microchip/xc8/v2.36/avr/bin/../lib/gcc/avr/5.4.0/avr5/memx-const\libgcc.a(_udivmodsi4.o)
 .text          0x0000000000000000        0x0 c:/program files/microchip/xc8/v2.36/avr/bin/../lib/gcc/avr/5.4.0/avr5/memx-const\libgcc.a(_copy_data.o)
 .data          0x0000000000000000        0x0 c:/program files/microchip/xc8/v2.36/avr/bin/../lib/gcc/avr/5.4.0/avr5/memx-const\libgcc.a(_copy_data.o)
 .bss           0x0000000000000000        0x0 c:/program files/microchip/xc8/v2.36/avr/bin/../lib/gcc/avr/5.4.0/avr5/memx-const\libgcc.a(_copy_data.o)
 .text.libgcc.mul
                0x0000000000000000        0x0 c:/program files/microchip/xc8/v2.36/avr/bin/../lib/gcc/avr/5.4.0/avr5/memx-const\libgcc.a(_copy_data.o)
 .text.libgcc.div
                0x0000000000000000        0x0 c:/program files/microchip/xc8/v2.36/avr/bin/../lib/gcc/avr/5.4.0/avr5/memx-const\libgcc.a(_copy_data.o)
 .text.libgcc   0x0000000000000000        0x0 c:/program files/microchip/xc8/v2.36/avr/bin/../lib/gcc/avr/5.4.0/avr5/memx-const\libgcc.a(_copy_data.o)
 .text.libgcc.prologue
                0x0000000000000000        0x0 c:/program files/microchip/xc8/v2.36/avr/bin/../lib/gcc/avr/5.4.0/avr5/memx-const\libgcc.a(_copy_data.o)
 .text.libgcc.builtins
                0x0000000000000000        0x0 c:/program files/microchip/xc8/v2.36/avr/bin/../lib/gcc/avr/5.4.0/avr5/memx-const\libgcc.a(_copy_data.o)
 .text.libgcc.fmul
                0x0000000000000000        0x0 c:/program files/microchip/xc8/v2.36/avr/bin/../lib/gcc/avr/5.4.0/avr5/memx-const\libgcc.a(_copy_data.o)
 .text.libgcc.fixed
                0x0000000000000000        0x0 c:/program files/microchip/xc8/v2.36/avr/bin/../lib/gcc/avr/5.4.0/avr5/memx-const\libgcc.a(_copy_data.o)
 .text          0x0000000000000000        0x0 c:/program files/microchip/xc8/v2.36/avr/bin/../lib/gcc/avr/5.4.0/avr5/memx-const\libgcc.a(_xload_2.o)
 .data          0x0000000000000000        0x0 c:/program files/microchip/xc8/v2.36/avr/bin/../lib/gcc/avr/5.4.0/avr5/memx-const\libgcc.a(_xload_2.o)
 .bss           0x0000000000000000        0x0 c:/program files/microchip/xc8/v2.36/avr/bin/../lib/gcc/avr/5.4.0/avr5/memx-const\libgcc.a(_xload_2.o)
 .text.libgcc.mul
                0x0000000000000000        0x0 c:/program files/microchip/xc8/v2.36/avr/bin/../lib/gcc/avr/5.4.0/avr5/memx-const\libgcc.a(_xload_2.o)
 .text.libgcc.div
                0x0000000000000000        0x0 c:/program files/microchip/xc8/v2.36/avr/bin/../lib/gcc/avr/5.4.0/avr5/memx-const\libgcc.a(_xload_2.o)
 .text.libgcc   0x0000000000000000       0x10 c:/program files/microchip/xc8/v2.36/avr/bin/../lib/gcc/avr/5.4.0/avr5/memx-const\libgcc.a(_xload_2.o)
 .text.libgcc.prologue
                0x0000000000000000        0x0 c:/program files/microchip/xc8/v2.36/avr/bin/../lib/gcc/avr/5.4.0/avr5/memx-const\libgcc.a(_xload_2.o)
 .stack.descriptors.hdr
                0x0000000000000000        0xe c:/program files/microchip/xc8/v2.36/avr/bin/../lib/gcc/avr/5.4.0/avr5/memx-const\libgcc.a(_xload_2.o)
 .stack.descriptors
                0x0000000000000000       0x17 c:/program files/microchip/xc8/v2.36/avr/bin/../lib/gcc/avr/5.4.0/avr5/memx-const\libgcc.a(_xload_2.o)
 .text.libgcc.builtins
                0x0000000000000000        0x0 c:/program files/microchip/xc8/v2.36/avr/bin/../lib/gcc/avr/5.4.0/avr5/memx-const\libgcc.a(_xload_2.o)
 .text.libgcc.fmul
                0x0000000000000000        0x0 c:/program files/microchip/xc8/v2.36/avr/bin/../lib/gcc/avr/5.4.0/avr5/memx-const\libgcc.a(_xload_2.o)
 .text.libgcc.fixed
                0x0000000000000000        0x0 c:/program files/microchip/xc8/v2.36/avr/bin/../lib/gcc/avr/5.4.0/avr5/memx-const\libgcc.a(_xload_2.o)
 .text          0x0000000000000000        0x0 c:/program files/microchip/xc8/v2.36/avr/bin/../lib/gcc/avr/5.4.0/../../../../avr/lib/avr5/memx-const\libc.a(exit.o)
 .data          0x0000000000000000        0x0 c:/program files/microchip/xc8/v2.36/avr/bin/../lib/gcc/avr/5.4.0/../../../../avr/lib/avr5/memx-const\libc.a(exit.o)
 .bss           0x0000000000000000        0x0 c:/program files/microchip/xc8/v2.36/avr/bin/../lib/gcc/avr/5.4.0/../../../../avr/lib/avr5/memx-const\libc.a(exit.o)
 .text          0x0000000000000000        0x0 c:/program files/microchip/xc8/v2.36/avr/bin/../lib/gcc/avr/5.4.0/../../../../avr/lib/avr5/memx-const\libc.a(memcpy.o)
 .data          0x0000000000000000        0x0 c:/program files/microchip/xc8/v2.36/avr/bin/../lib/gcc/avr/5.4.0/../../../../avr/lib/avr5/memx-const\libc.a(memcpy.o)
 .bss           0x0000000000000000        0x0 c:/program files/microchip/xc8/v2.36/avr/bin/../lib/gcc/avr/5.4.0/../../../../avr/lib/avr5/memx-const\libc.a(memcpy.o)
 .text.memcpy   0x0000000000000000       0x32 c:/program files/microchip/xc8/v2.36/avr/bin/../lib/gcc/avr/5.4.0/../../../../avr/lib/avr5/memx-const\libc.a(memcpy.o)
 .comment       0x0000000000000000       0x30 c:/program files/microchip/xc8/v2.36/avr/bin/../lib/gcc/avr/5.4.0/../../../../avr/lib/avr5/memx-const\libc.a(memcpy.o)
 .note.GNU-stack
                0x0000000000000000        0x0 c:/program files/microchip/xc8/v2.36/avr/bin/../lib/gcc/avr/5.4.0/../../../../avr/lib/avr5/memx-const\libc.a(memcpy.o)
 .text          0x0000000000000000        0x0 c:/program files/microchip/xc8/v2.36/avr/bin/../lib/gcc/avr/5.4.0/../../../../avr/lib/avr5/memx-const\libc.a(memset.o)
 .data          0x0000000000000000        0x0 c:/program files/microchip/xc8/v2.36/avr/bin/../lib/gcc/avr/5.4.0/../../../../avr/lib/avr5/memx-const\libc.a(memset.o)
 .bss           0x0000000000000000        0x0 c:/program files/microchip/xc8/v2.36/avr/bin/../lib/gcc/avr/5.4.0/../../../../avr/lib/avr5/memx-const\libc.a(memset.o)
 .text.memset   0x0000000000000000       0x12 c:/program files/microchip/xc8/v2.36/avr/bin/../lib/gcc/avr/5.4.0/../../../../avr/lib/avr5/memx-const\libc.a(memset.o)
 .comment       0x0000000000000000       0x30 c:/program files/microchip/xc8/v2.36/avr/bin/../lib/gcc/avr/5.4.0/../../../../avr/lib/avr5/memx-const\libc.a(memset.o)
 .note.GNU-stack
                0x0000000000000000        0x0 c:/program files/microchip/xc8/v2.36/avr/bin/../lib/gcc/avr/5.4.0/../../../../avr/lib/avr5/memx-const\libc.a(memset.o)
 .text          0x0000000000000000        0x0 c:/program files/microchip/xc8/v2.36/avr/bin/../lib/gcc/avr/5.4.0/../../../../avr/lib/avr5/memx-const\libc.a(_Exit.o)
 .data          0x0000000000000000        0x0 c:/program files/microchip/xc8/v2.36/avr/bin/../lib/gcc/avr/5.4.0/../../../../avr/lib/avr5/memx-const\libc.a(_Exit.o)
 .bss           0x0000000000000000        0x0 c:/program files/microchip/xc8/v2.36/avr/bin/../lib/gcc/avr/5.4.0/../../../../avr/lib/avr5/memx-const\libc.a(_Exit.o)
 .text          0x0000000000000000        0x0 c:/program files/microchip/xc8/v2.36/avr/bin/../lib/gcc/avr/5.4.0/avr5/memx-const\libgcc.a(_exit.o)
 .data          0x0000000000000000        0x0 c:/program files/microchip/xc8/v2.36/avr/bin/../lib/gcc/avr/5.4.0/avr5/memx-const\libgcc.a(_exit.o)
 .bss           0x0000000000000000        0x0 c:/program files/microchip/xc8/v2.36/avr/bin/../lib/gcc/avr/5.4.0/avr5/memx-const\libgcc.a(_exit.o)
 .text.libgcc.mul
                0x0000000000000000        0x0 c:/program files/microchip/xc8/v2.36/avr/bin/../lib/gcc/avr/5.4.0/avr5/memx-const\libgcc.a(_exit.o)
 .text.libgcc.div
                0x0000000000000000        0x0 c:/program files/microchip/xc8/v2.36/avr/bin/../lib/gcc/avr/5.4.0/avr5/memx-const\libgcc.a(_exit.o)
 .text.libgcc   0x0000000000000000        0x0 c:/program files/microchip/xc8/v2.36/avr/bin/../lib/gcc/avr/5.4.0/avr5/memx-const\libgcc.a(_exit.o)
 .text.libgcc.prologue
                0x0000000000000000        0x0 c:/program files/microchip/xc8/v2.36/avr/bin/../lib/gcc/avr/5.4.0/avr5/memx-const\libgcc.a(_exit.o)
 .stack.descriptors
                0x0000000000000000       0x13 c:/program files/microchip/xc8/v2.36/avr/bin/../lib/gcc/avr/5.4.0/avr5/memx-const\libgcc.a(_exit.o)
 .text.libgcc.builtins
                0x0000000000000000        0x0 c:/program files/microchip/xc8/v2.36/avr/bin/../lib/gcc/avr/5.4.0/avr5/memx-const\libgcc.a(_exit.o)
 .text.libgcc.fmul
                0x0000000000000000        0x0 c:/program files/microchip/xc8/v2.36/avr/bin/../lib/gcc/avr/5.4.0/avr5/memx-const\libgcc.a(_exit.o)
 .text.libgcc.fixed
                0x0000000000000000        0x0 c:/program files/microchip/xc8/v2.36/avr/bin/../lib/gcc/avr/5.4.0/avr5/memx-const\libgcc.a(_exit.o)

Memory Configuration

Name             Origin             Length             Attributes
text             0x0000000000000000 0x0000000000008000 xr
data             0x0000000000800060 0x0000000000000800 rw !x
eeprom           0x0000000000810000 0x0000000000000400 rw !x
fuse             0x0000000000820000 0x0000000000000002 rw !x
lock             0x0000000000830000 0x0000000000000400 rw !x
signature        0x0000000000840000 0x0000000000000400 rw !x
user_signatures  0x0000000000850000 0x0000000000000400 rw !x
*default*        0x0000000000000000 0xffffffffffffffff

Linker script and memory map

LOAD C:/Program Files (x86)/Atmel/Studio/7.0/Packs/atmel/ATmega_DFP/1.7.374/xc8/avr/lib/avr5/memx-const/crtatmega32.o
LOAD DIO_prog.o
LOAD heap_4.o
LOAD LCD_program.o
LOAD list.o
LOAD main.o
LOAD port.o
LOAD queue.o
LOAD tasks.o
START GROUP
LOAD c:/program files/microchip/xc8/v2.36/avr/bin/../lib/gcc/avr/5.4.0/../../../../avr/lib/avr5/memx-const\libm.a
END GROUP
START GROUP
LOAD c:/program files/microchip/xc8/v2.36/avr/bin/../lib/gcc/avr/5.4.0/avr5/memx-const\libgcc.a
LOAD c:/program files/microchip/xc8/v2.36/avr/bin/../lib/gcc/avr/5.4.0/../../../../avr/lib/avr5/memx-const\libm.a
LOAD c:/program files/microchip/xc8/v2.36/avr/bin/../lib/gcc/avr/5.4.0/../../../../avr/lib/avr5/memx-const\libc.a
LOAD C:/Program Files (x86)/Atmel/Studio/7.0/Packs/atmel/ATmega_DFP/1.7.374/xc8/avr/lib/avr5/memx-const\libatmega32.a
END GROUP
                0x0000000000000000                __TEXT_REGION_ORIGIN__ = DEFINED (__TEXT_REGION_ORIGIN__)?__TEXT_REGION_ORIGIN__:0x0
                [0x0000000000800060]                __DATA_REGION_ORIGIN__ = DEFINED (__DATA_REGION_ORIGIN__)?__DATA_REGION_ORIGIN__:0x800060
                [0x0000000000008000]                __TEXT_REGION_LENGTH__ = DEFINED (__TEXT_REGION_LENGTH__)?__TEXT_REGION_LENGTH__:0x20000
                [0x0000000000000800]                __DATA_REGION_LENGTH__ = DEFINED (__DATA_REGION_LENGTH__)?__DATA_REGION_LENGTH__:0xffa0
                [0x0000000000000400]                __EEPROM_REGION_LENGTH__ = DEFINED (__EEPROM_REGION_LENGTH__)?__EEPROM_REGION_LENGTH__:0x10000
                [0x0000000000000002]                __FUSE_REGION_LENGTH__ = DEFINED (__FUSE_REGION_LENGTH__)?__FUSE_REGION_LENGTH__:0x400
                0x0000000000000400                __LOCK_REGION_LENGTH__ = DEFINED (__LOCK_REGION_LENGTH__)?__LOCK_REGION_LENGTH__:0x400
                0x0000000000000400                __SIGNATURE_REGION_LENGTH__ = DEFINED (__SIGNATURE_REGION_LENGTH__)?__SIGNATURE_REGION_LENGTH__:0x400
                0x0000000000000400                __USER_SIGNATURE_REGION_LENGTH__ = DEFINED (__USER_SIGNATURE_REGION_LENGTH__)?__USER_SIGNATURE_REGION_LENGTH__:0x400

.hash
 *(.hash)

.dynsym
 *(.dynsym)

.dynstr
 *(.dynstr)

.gnu.version
 *(.gnu.version)

.gnu.version_d
 *(.gnu.version_d)

.gnu.version_r
 *(.gnu.version_r)

.rel.init
 *(.rel.init)

.rela.init
 *(.rela.init)

.rel.text
 *(.rel.text)
 *(.rel.text.*)
 *(.rel.gnu.linkonce.t*)

.rela.text
 *(.rela.text)
 *(.rela.text.*)
 *(.rela.gnu.linkonce.t*)

.rel.fini
 *(.rel.fini)

.rela.fini
 *(.rela.fini)

.rel.rodata
 *(.rel.rodata)
 *(.rel.rodata.*)
 *(.rel.gnu.linkonce.r*)

.rela.rodata
 *(.rela.rodata)
 *(.rela.rodata.*)
 *(.rela.gnu.linkonce.r*)

.rel.data
 *(.rel.data)
 *(.rel.data.*)
 *(.rel.gnu.linkonce.d*)

.rela.data
 *(.rela.data)
 *(.rela.data.*)
 *(.rela.gnu.linkonce.d*)

.rel.ctors
 *(.rel.ctors)

.rela.ctors
 *(.rela.ctors)

.rel.dtors
 *(.rel.dtors)

.rela.dtors
 *(.rela.dtors)

.rel.got
 *(.rel.got)

.rela.got
 *(.rela.got)

.rel.bss
 *(.rel.bss)

.rela.bss
 *(.rela.bss)

.rel.plt
 *(.rel.plt)

.rela.plt
 *(.rela.plt)

.text           0x0000000000000000       0xba
 *(.vectors)
 .vectors       0x0000000000000000       0x54 C:/Program Files (x86)/Atmel/Studio/7.0/Packs/atmel/ATmega_DFP/1.7.374/xc8/avr/lib/avr5/memx-const/crtatmega32.o
                0x0000000000000000                __vector_default
                0x0000000000000000                __vectors
 *(.vectors)
 *(.progmem.gcc*)
 *(.dinit)
 .dinit         0x0000000000000054       0x11 data_init
                0x0000000000000066                . = ALIGN (0x2)
 *fill*         0x0000000000000065        0x1 
                0x0000000000000066                __trampolines_start = .
 *(.trampolines)
 .trampolines   0x0000000000000066        0x0 linker stubs
 *(.trampolines*)
                0x0000000000000066                __trampolines_end = .
 *libprintf_flt.a:*(.progmem.data)
 *libc.a:*(.progmem.data)
                0x0000000000000066                . = ALIGN (0x2)
 *(.jumptables)
 *(.jumptables*)
 *(.lowtext)
 *(.lowtext*)
                0x0000000000000066                __ctors_start = .
 *(.ctors)
                0x0000000000000066                __ctors_end = .
                0x0000000000000066                __dtors_start = .
 *(.dtors)
                0x0000000000000066                __dtors_end = .
 SORT(*)(.ctors)
 SORT(*)(.dtors)
 *(.init0)
 .init0         0x0000000000000066        0x0 C:/Program Files (x86)/Atmel/Studio/7.0/Packs/atmel/ATmega_DFP/1.7.374/xc8/avr/lib/avr5/memx-const/crtatmega32.o
                0x0000000000000066                __init
 *(.init0)
 *(.init1)
 *(.init1)
 *(.init2)
 .init2         0x0000000000000066        0xc C:/Program Files (x86)/Atmel/Studio/7.0/Packs/atmel/ATmega_DFP/1.7.374/xc8/avr/lib/avr5/memx-const/crtatmega32.o
 *(.init2)
 *(.init3)
 *(.init3)
 *(.init4)
 .init4         0x0000000000000072       0x3c c:/program files/microchip/xc8/v2.36/avr/bin/../lib/gcc/avr/5.4.0/avr5/memx-const\libgcc.a(_copy_data.o)
                0x0000000000000072                __do_copy_data
                0x00000000000000a0                __do_clear_bss
 *(.init4)
 *(.init5)
 *(.init5)
 *(.init6)
 *(.init6)
 *(.init7)
 *(.init7)
 *(.init8)
 *(.init8)
 *(.init9)
 .init9         0x00000000000000ae        0x8 C:/Program Files (x86)/Atmel/Studio/7.0/Packs/atmel/ATmega_DFP/1.7.374/xc8/avr/lib/avr5/memx-const/crtatmega32.o
 *(.init9)
                0x00000000000000b6                . = ALIGN (0x2)
 *(.fini9)
 .fini9         0x00000000000000b6        0x0 c:/program files/microchip/xc8/v2.36/avr/bin/../lib/gcc/avr/5.4.0/avr5/memx-const\libgcc.a(_exit.o)
                0x00000000000000b6                _exit
 *(.fini9)
 *(.fini8)
 *(.fini8)
 *(.fini7)
 *(.fini7)
 *(.fini6)
 *(.fini6)
 *(.fini5)
 *(.fini5)
 *(.fini4)
 *(.fini4)
 *(.fini3)
 *(.fini3)
 *(.fini2)
 *(.fini2)
 *(.fini1)
 *(.fini1)
 *(.fini0)
 .fini0         0x00000000000000b6        0x4 c:/program files/microchip/xc8/v2.36/avr/bin/../lib/gcc/avr/5.4.0/avr5/memx-const\libgcc.a(_exit.o)
 *(.fini0)
                0x00000000000000ba                _etext = .

.data           0x0000000000800060        0x0 load address 0x00000000000000ba
                [!provide]                        PROVIDE (__data_start, .)
 *(.gnu.linkonce.d*)
 *(.gnu.linkonce.r*)
                0x0000000000800060                . = ALIGN (0x2)
 *fill*         0x0000000000800060        0x0 
                0x0000000000800060                _edata = .
                [!provide]                        PROVIDE (__data_end, .)

.bss            0x0000000000800060        0x2
                [!provide]                        PROVIDE (__bss_start, .)
 *(COMMON)
 COMMON         0x0000000000800060        0x2 main.o
                0x0000000000800060                led
                [!provide]                        PROVIDE (__bss_end, .)
                0x00000000000000ba                __data_load_start = LOADADDR (.data)
                0x00000000000000ba                __data_load_end = (__data_load_start + SIZEOF (.data))

.noinit         0x0000000000800062        0x0
                [!provide]                        PROVIDE (__noinit_start, .)
 *(.noinit*)
                [!provide]                        PROVIDE (__noinit_end, .)
                0x0000000000800062                _end = .

.eeprom         0x0000000000810000        0x0
 *(.eeprom*)
                0x0000000000810000                __eeprom_end = .

.fuse
 *(.fuse)
 *(.lfuse)
 *(.hfuse)
 *(.efuse)

.lock
 *(.lock*)

.signature
 *(.signature*)

.user_signatures
 *(.user_signatures*)

.stab
 *(.stab)

.stabstr
 *(.stabstr)

.stab.excl
 *(.stab.excl)

.stab.exclstr
 *(.stab.exclstr)

.stab.index
 *(.stab.index)

.stab.indexstr
 *(.stab.indexstr)

.comment        0x0000000000000000       0x2f
 *(.comment)
 .comment       0x0000000000000000       0x2f heap_4.o
                                         0x30 (size before relaxing)
 .comment       0x000000000000002f       0x30 LCD_program.o
 .comment       0x000000000000002f       0x30 list.o
 .comment       0x000000000000002f       0x30 main.o
 .comment       0x000000000000002f       0x30 port.o
 .comment       0x000000000000002f       0x30 tasks.o
 .comment       0x000000000000002f       0x30 c:/program files/microchip/xc8/v2.36/avr/bin/../lib/gcc/avr/5.4.0/../../../../avr/lib/avr5/memx-const\libc.a(exit.o)
 .comment       0x000000000000002f       0x30 c:/program files/microchip/xc8/v2.36/avr/bin/../lib/gcc/avr/5.4.0/../../../../avr/lib/avr5/memx-const\libc.a(_Exit.o)

.stack.descriptors.hdr
                0x0000000000000000       0x1c
 .stack.descriptors.hdr
                0x0000000000000000        0xe c:/program files/microchip/xc8/v2.36/avr/bin/../lib/gcc/avr/5.4.0/avr5/memx-const\libgcc.a(_udivmodsi4.o)
 .stack.descriptors.hdr
                0x000000000000000e        0xe c:/program files/microchip/xc8/v2.36/avr/bin/../lib/gcc/avr/5.4.0/avr5/memx-const\libgcc.a(_exit.o)

.note.GNU-stack
                0x0000000000000000        0x0
 .note.GNU-stack
                0x0000000000000000        0x0 c:/program files/microchip/xc8/v2.36/avr/bin/../lib/gcc/avr/5.4.0/../../../../avr/lib/avr5/memx-const\libc.a(exit.o)
 .note.GNU-stack
                0x0000000000000000        0x0 c:/program files/microchip/xc8/v2.36/avr/bin/../lib/gcc/avr/5.4.0/../../../../avr/lib/avr5/memx-const\libc.a(_Exit.o)

.note.gnu.build-id
 *(.note.gnu.build-id)

.debug
 *(.debug)

.line
 *(.line)

.debug_srcinfo
 *(.debug_srcinfo)

.debug_sfnames
 *(.debug_sfnames)

.debug_aranges  0x0000000000000000      0x2f0
 *(.debug_aranges)
 .debug_aranges
                0x0000000000000000       0x60 heap_4.o
 .debug_aranges
                0x0000000000000060       0x58 LCD_program.o
 .debug_aranges
                0x00000000000000b8       0x40 list.o
 .debug_aranges
                0x00000000000000f8       0x30 main.o
 .debug_aranges
                0x0000000000000128       0x50 port.o
 .debug_aranges
                0x0000000000000178      0x178 tasks.o

.debug_pubnames
 *(.debug_pubnames)

.debug_info     0x0000000000000000     0x4bfb
 *(.debug_info .gnu.linkonce.wi.*)
 .debug_info    0x0000000000000000      0x4e6 C:/Program Files (x86)/Atmel/Studio/7.0/Packs/atmel/ATmega_DFP/1.7.374/xc8/avr/lib/avr5/memx-const/crtatmega32.o
 .debug_info    0x00000000000004e6      0x900 heap_4.o
 .debug_info    0x0000000000000de6      0x8c8 LCD_program.o
 .debug_info    0x00000000000016ae      0x55e list.o
 .debug_info    0x0000000000001c0c      0x604 main.o
 .debug_info    0x0000000000002210      0x4d4 port.o
 .debug_info    0x00000000000026e4     0x2517 tasks.o

.debug_abbrev   0x0000000000000000      0xf57
 *(.debug_abbrev)
 .debug_abbrev  0x0000000000000000      0x4a3 C:/Program Files (x86)/Atmel/Studio/7.0/Packs/atmel/ATmega_DFP/1.7.374/xc8/avr/lib/avr5/memx-const/crtatmega32.o
 .debug_abbrev  0x00000000000004a3      0x20e heap_4.o
 .debug_abbrev  0x00000000000006b1      0x1ca LCD_program.o
 .debug_abbrev  0x000000000000087b      0x130 list.o
 .debug_abbrev  0x00000000000009ab      0x15f main.o
 .debug_abbrev  0x0000000000000b0a      0x145 port.o
 .debug_abbrev  0x0000000000000c4f      0x308 tasks.o

.debug_line     0x0000000000000000     0x1ed5
 *(.debug_line .debug_line.* .debug_line_end)
 .debug_line    0x0000000000000000      0x119 C:/Program Files (x86)/Atmel/Studio/7.0/Packs/atmel/ATmega_DFP/1.7.374/xc8/avr/lib/avr5/memx-const/crtatmega32.o
 .debug_line    0x0000000000000119      0x3bb heap_4.o
 .debug_line    0x00000000000004d4      0x32f LCD_program.o
 .debug_line    0x0000000000000803      0x1b6 list.o
 .debug_line    0x00000000000009b9      0x151 main.o
 .debug_line    0x0000000000000b0a      0x283 port.o
 .debug_line    0x0000000000000d8d     0x1148 tasks.o

.debug_frame    0x0000000000000000      0x928
 *(.debug_frame)
 .debug_frame   0x0000000000000000      0x120 heap_4.o
 .debug_frame   0x0000000000000120       0xc0 LCD_program.o
 .debug_frame   0x00000000000001e0       0x88 list.o
 .debug_frame   0x0000000000000268       0x90 main.o
 .debug_frame   0x00000000000002f8       0x84 port.o
 .debug_frame   0x000000000000037c      0x5ac tasks.o

.debug_str      0x0000000000000000      0x561
 *(.debug_str)
 .debug_str     0x0000000000000000      0x196 C:/Program Files (x86)/Atmel/Studio/7.0/Packs/atmel/ATmega_DFP/1.7.374/xc8/avr/lib/avr5/memx-const/crtatmega32.o
 .debug_str     0x0000000000000196       0x76 heap_4.o
 .debug_str     0x000000000000020c       0x26 LCD_program.o
 .debug_str     0x0000000000000232       0x2b list.o
 .debug_str     0x000000000000025d       0x88 main.o
 .debug_str     0x00000000000002e5       0x26 port.o
 .debug_str     0x000000000000030b      0x256 tasks.o

.debug_loc      0x0000000000000000     0x3394
 *(.debug_loc)
 .debug_loc     0x0000000000000000      0x626 heap_4.o
 .debug_loc     0x0000000000000626      0x5b6 LCD_program.o
 .debug_loc     0x0000000000000bdc      0x145 list.o
 .debug_loc     0x0000000000000d21      0x1ae main.o
 .debug_loc     0x0000000000000ecf      0x2a0 port.o
 .debug_loc     0x000000000000116f     0x2225 tasks.o

.debug_macinfo
 *(.debug_macinfo)

.debug_weaknames
 *(.debug_weaknames)

.debug_funcnames
 *(.debug_funcnames)

.debug_typenames
 *(.debug_typenames)

.debug_varnames
 *(.debug_varnames)

.debug_pubtypes
 *(.debug_pubtypes)

.debug_ranges   0x0000000000000000      0x2d0
 *(.debug_ranges)
 .debug_ranges  0x0000000000000000       0x50 heap_4.o
 .debug_ranges  0x0000000000000050       0x48 LCD_program.o
 .debug_ranges  0x0000000000000098       0x30 list.o
 .debug_ranges  0x00000000000000c8       0x20 main.o
 .debug_ranges  0x00000000000000e8       0x40 port.o
 .debug_ranges  0x0000000000000128      0x1a8 tasks.o

.debug_macro
 *(.debug_macro)
OUTPUT(LECT2.elf elf32-avr)
LOAD linker stubs
LOAD data_init

.note.gnu.avr.deviceinfo
                0x0000000000000000       0x3c
 .note.gnu.avr.deviceinfo
                0x0000000000000000       0x3c C:/Program Files (x86)/Atmel/Studio/7.0/Packs/atmel/ATmega_DFP/1.7.374/xc8/avr/lib/avr5/memx-const/crtatmega32.o

.bss.xNumberOfSuccessfulFrees
                0x000000000080068f        0x2
 .bss.xNumberOfSuccessfulFrees
                0x000000000080068f        0x2 heap_4.o

.bss.xNumberOfSuccessfulAllocations
                0x0000000000800691        0x2
 .bss.xNumberOfSuccessfulAllocations
                0x0000000000800691        0x2 heap_4.o

.bss.xMinimumEverFreeBytesRemaining
                0x0000000000800693        0x2
 .bss.xMinimumEverFreeBytesRemaining
                0x0000000000800693        0x2 heap_4.o

.bss.xFreeBytesRemaining
                0x0000000000800695        0x2
 .bss.xFreeBytesRemaining
                0x0000000000800695        0x2 heap_4.o

.bss.pxEnd      0x0000000000800697        0x2
 .bss.pxEnd     0x0000000000800697        0x2 heap_4.o

.bss.xStart     0x000000000080068b        0x4
 .bss.xStart    0x000000000080068b        0x4 heap_4.o

.bss.ucHeap     0x0000000000800062      0x5dc
 .bss.ucHeap    0x0000000000800062      0x5dc heap_4.o

.bss.uxSchedulerSuspended
                0x00000000008006a7        0x1
 .bss.uxSchedulerSuspended
                0x00000000008006a7        0x1 tasks.o

.bss.xIdleTaskHandle
                0x0000000000800699        0x2
 .bss.xIdleTaskHandle
                0x0000000000800699        0x2 tasks.o

.bss.xNextTaskUnblockTime
                0x000000000080069b        0x2
 .bss.xNextTaskUnblockTime
                0x000000000080069b        0x2 tasks.o

.bss.uxTaskNumber
                0x00000000008006a8        0x1
 .bss.uxTaskNumber
                0x00000000008006a8        0x1 tasks.o

.bss.xNumOfOverflows
                0x00000000008006a9        0x1
 .bss.xNumOfOverflows
                0x00000000008006a9        0x1 tasks.o

.bss.xYieldPending
                0x00000000008006aa        0x1
 .bss.xYieldPending
                0x00000000008006aa        0x1 tasks.o

.bss.xPendedTicks
                0x000000000080069d        0x2
 .bss.xPendedTicks
                0x000000000080069d        0x2 tasks.o

.bss.xSchedulerRunning
                0x00000000008006ab        0x1
 .bss.xSchedulerRunning
                0x00000000008006ab        0x1 tasks.o

.bss.uxTopReadyPriority
                0x00000000008006ac        0x1
 .bss.uxTopReadyPriority
                0x00000000008006ac        0x1 tasks.o

.bss.xTickCount
                0x000000000080069f        0x2
 .bss.xTickCount
                0x000000000080069f        0x2 tasks.o

.bss.uxCurrentNumberOfTasks
                0x00000000008006ad        0x1
 .bss.uxCurrentNumberOfTasks
                0x00000000008006ad        0x1 tasks.o

.bss.xSuspendedTaskList
                0x0000000000800662        0x9
 .bss.xSuspendedTaskList
                0x0000000000800662        0x9 tasks.o

.bss.xPendingReadyList
                0x000000000080066b        0x9
 .bss.xPendingReadyList
                0x000000000080066b        0x9 tasks.o

.bss.pxOverflowDelayedTaskList
                0x00000000008006a1        0x2
 .bss.pxOverflowDelayedTaskList
                0x00000000008006a1        0x2 tasks.o

.bss.pxDelayedTaskList
                0x00000000008006a3        0x2
 .bss.pxDelayedTaskList
                0x00000000008006a3        0x2 tasks.o

.bss.xDelayedTaskList2
                0x0000000000800674        0x9
 .bss.xDelayedTaskList2
                0x0000000000800674        0x9 tasks.o

.bss.xDelayedTaskList1
                0x000000000080067d        0x9
 .bss.xDelayedTaskList1
                0x000000000080067d        0x9 tasks.o

.bss.pxReadyTasksLists
                0x000000000080063e       0x24
 .bss.pxReadyTasksLists
                0x000000000080063e       0x24 tasks.o

.bss.pxCurrentTCB
                0x00000000008006a5        0x2
 .bss.pxCurrentTCB
                0x00000000008006a5        0x2 tasks.o
                0x00000000008006a5                pxCurrentTCB

.progmemx.data  0x00000000000000ba        0x9
 .progmemx.data
                0x00000000000000ba        0x9 main.o

.progmemx.data  0x00000000000000c3        0x6
 .progmemx.data
                0x00000000000000c3        0x6 tasks.o
                0x00000000000000c8                uxTopUsedPriority

.text.xTaskIncrementTick
                0x00000000000000ca      0x234
 .text.xTaskIncrementTick
                0x00000000000000ca      0x234 tasks.o
                0x00000000000000ca                xTaskIncrementTick

.text.xTaskResumeAll
                0x00000000000002fe      0x1aa
 .text.xTaskResumeAll
                0x00000000000002fe      0x1aa tasks.o
                0x00000000000002fe                xTaskResumeAll

.text.pvPortMalloc
                0x00000000000004a8      0x136
 .text.pvPortMalloc
                0x00000000000004a8      0x136 heap_4.o
                0x00000000000004a8                pvPortMalloc

.text.vTaskPrioritySet
                0x00000000000005de      0x136
 .text.vTaskPrioritySet
                0x00000000000005de      0x136 tasks.o
                0x00000000000005de                vTaskPrioritySet

.text.prvAddCurrentTaskToDelayedList
                0x0000000000000714      0x102
 .text.prvAddCurrentTaskToDelayedList
                0x0000000000000714      0x102 tasks.o

.text.prvAddNewTaskToReadyList
                0x0000000000000816       0xfa
 .text.prvAddNewTaskToReadyList
                0x0000000000000816       0xfa tasks.o

.text.prvInitialiseNewTask
                0x0000000000000910       0xea
 .text.prvInitialiseNewTask
                0x0000000000000910       0xea tasks.o

.text.xTaskCreate
                0x00000000000009fa       0xde
 .text.xTaskCreate
                0x00000000000009fa       0xde tasks.o
                0x00000000000009fa                xTaskCreate

.text.pxPortInitialiseStack
                0x0000000000000ad8       0xd8
 .text.pxPortInitialiseStack
                0x0000000000000ad8       0xd8 port.o
                0x0000000000000ad8                pxPortInitialiseStack

.text.vPortYieldFromTick
                0x0000000000000bb0       0xb8
 .text.vPortYieldFromTick
                0x0000000000000bb0       0xb8 port.o
                0x0000000000000bb0                vPortYieldFromTick

.text.vPortYield
                0x0000000000000c68       0xb2
 .text.vPortYield
                0x0000000000000c68       0xb2 port.o
                0x0000000000000c68                vPortYield

.text.vTaskSwitchContext
                0x0000000000000d1a       0xa8
 .text.vTaskSwitchContext
                0x0000000000000d1a       0xa8 tasks.o
                0x0000000000000d1a                vTaskSwitchContext

.text.main      0x0000000000000dc2       0x98
 .text.main     0x0000000000000dc2       0x98 main.o
                0x0000000000000dc2                main

.text.HLCD_vShowInt
                0x0000000000000e5a       0x96
 .text.HLCD_vShowInt
                0x0000000000000e5a       0x96 LCD_program.o
                0x0000000000000e5a                HLCD_vShowInt

.text.prvInsertBlockIntoFreeList
                0x0000000000000ef0       0x94
 .text.prvInsertBlockIntoFreeList
                0x0000000000000ef0       0x94 heap_4.o

.text.xTaskDelayUntil
                0x0000000000000f84       0x84
 .text.xTaskDelayUntil
                0x0000000000000f84       0x84 tasks.o
                0x0000000000000f84                xTaskDelayUntil

.text.HLCD_vInit
                0x0000000000001008       0x76
 .text.HLCD_vInit
                0x0000000000001008       0x76 LCD_program.o
                0x0000000000001008                HLCD_vInit

.text.vPortFree
                0x000000000000107e       0x68
 .text.vPortFree
                0x000000000000107e       0x68 heap_4.o
                0x000000000000107e                vPortFree

.text.HLCD_vsendData
                0x00000000000010e6       0x68
 .text.HLCD_vsendData
                0x00000000000010e6       0x68 LCD_program.o
                0x00000000000010e6                HLCD_vsendData

.text.HLCD_vsendCommand
                0x000000000000114e       0x68
 .text.HLCD_vsendCommand
                0x000000000000114e       0x68 LCD_program.o
                0x000000000000114e                HLCD_vsendCommand

.text.prvInitialiseTaskLists
                0x00000000000011b6       0x66
 .text.prvInitialiseTaskLists
                0x00000000000011b6       0x66 tasks.o

.text.vListInsert
                0x000000000000121c       0x62
 .text.vListInsert
                0x000000000000121c       0x62 list.o
                0x000000000000121c                vListInsert

.text.Generic_led
                0x000000000000127e       0x62
 .text.Generic_led
                0x000000000000127e       0x62 main.o
                0x000000000000127e                Generic_led

.text.Lcd       0x00000000000012e0       0x60
 .text.Lcd      0x00000000000012e0       0x60 main.o
                0x00000000000012e0                Lcd

.text.xPortStartScheduler
                0x0000000000001340       0x5e
 .text.xPortStartScheduler
                0x0000000000001340       0x5e port.o
                0x0000000000001340                xPortStartScheduler

.text.vTaskStartScheduler
                0x000000000000139e       0x5e
 .text.vTaskStartScheduler
                0x000000000000139e       0x5e tasks.o
                0x000000000000139e                vTaskStartScheduler

.text.uxListRemove
                0x00000000000013fc       0x4e
 .text.uxListRemove
                0x00000000000013fc       0x4e list.o
                0x00000000000013fc                uxListRemove

.text.prvHeapInit
                0x000000000000144a       0x46
 .text.prvHeapInit
                0x000000000000144a       0x46 heap_4.o

.text.libgcc.div
                0x0000000000001490       0x44
 .text.libgcc.div
                0x0000000000001490       0x44 c:/program files/microchip/xc8/v2.36/avr/bin/../lib/gcc/avr/5.4.0/avr5/memx-const\libgcc.a(_udivmodsi4.o)
                0x0000000000001490                __udivmodsi4

.text.prvResetNextTaskUnblockTime
                0x00000000000014d4       0x38
 .text.prvResetNextTaskUnblockTime
                0x00000000000014d4       0x38 tasks.o

.text.uxTaskPriorityGet
                0x000000000000150c       0x2a
 .text.uxTaskPriorityGet
                0x000000000000150c       0x2a tasks.o
                0x000000000000150c                uxTaskPriorityGet

.text.vListInitialise
                0x0000000000001536       0x1c
 .text.vListInitialise
                0x0000000000001536       0x1c list.o
                0x0000000000001536                vListInitialise

.text.exit      0x0000000000001552       0x16
 .text.exit     0x0000000000001552       0x16 c:/program files/microchip/xc8/v2.36/avr/bin/../lib/gcc/avr/5.4.0/../../../../avr/lib/avr5/memx-const\libc.a(exit.o)
                0x0000000000001552                exit

.text.xTaskGetTickCount
                0x0000000000001568       0x14
 .text.xTaskGetTickCount
                0x0000000000001568       0x14 tasks.o
                0x0000000000001568                xTaskGetTickCount

.text.prvSetupTimerInterrupt
                0x000000000000157c       0x12
 .text.prvSetupTimerInterrupt
                0x000000000000157c       0x12 port.o

.text.vTaskSuspendAll
                0x000000000000158e        0xc
 .text.vTaskSuspendAll
                0x000000000000158e        0xc tasks.o
                0x000000000000158e                vTaskSuspendAll

.text.vListInitialiseItem
                0x000000000000159a        0x8
 .text.vListInitialiseItem
                0x000000000000159a        0x8 list.o
                0x000000000000159a                vListInitialiseItem

.text.__vector_7
                0x00000000000015a2        0x6
 .text.__vector_7
                0x00000000000015a2        0x6 port.o
                0x00000000000015a2                __vector_7

.text           0x00000000000015a8        0x4
 .text          0x00000000000015a8        0x4 C:/Program Files (x86)/Atmel/Studio/7.0/Packs/atmel/ATmega_DFP/1.7.374/xc8/avr/lib/avr5/memx-const/crtatmega32.o
                0x00000000000015a8                __vector_1
                0x00000000000015a8                __vector_12
                0x00000000000015a8                __bad_interrupt
                0x00000000000015a8                __vector_6
                0x00000000000015a8                __vector_3
                0x00000000000015a8                __vector_11
                0x00000000000015a8                __vector_13
                0x00000000000015a8                __vector_17
                0x00000000000015a8                __vector_19
                0x00000000000015a8                __vector_5
                0x00000000000015a8                __vector_4
                0x00000000000015a8                __vector_9
                0x00000000000015a8                __vector_2
                0x00000000000015a8                __vector_15
                0x00000000000015a8                __vector_8
                0x00000000000015a8                __vector_14
                0x00000000000015a8                __vector_10
                0x00000000000015a8                __vector_16
                0x00000000000015a8                __vector_18
                0x00000000000015a8                __vector_20

.text._Exit     0x00000000000015ac        0x4
 .text._Exit    0x00000000000015ac        0x4 c:/program files/microchip/xc8/v2.36/avr/bin/../lib/gcc/avr/5.4.0/../../../../avr/lib/avr5/memx-const\libc.a(_Exit.o)
                0x00000000000015ac                _Exit

.text.prvIdleTask
                0x00000000000015b0        0x2
 .text.prvIdleTask
                0x00000000000015b0        0x2 tasks.o

.text.__dummy_fini
                0x00000000000015b2        0x2
 .text.__dummy_fini
                0x00000000000015b2        0x2 c:/program files/microchip/xc8/v2.36/avr/bin/../lib/gcc/avr/5.4.0/../../../../avr/lib/avr5/memx-const\libc.a(exit.o)
                0x00000000000015b2                _fini

.text.__dummy_funcs_on_exit
                0x00000000000015b4        0x2
 .text.__dummy_funcs_on_exit
                0x00000000000015b4        0x2 c:/program files/microchip/xc8/v2.36/avr/bin/../lib/gcc/avr/5.4.0/../../../../avr/lib/avr5/memx-const\libc.a(exit.o)
                0x00000000000015b4                __funcs_on_exit

.text.__dummy_simulator_exit
                0x00000000000015b6        0x2
 .text.__dummy_simulator_exit
                0x00000000000015b6        0x2 c:/program files/microchip/xc8/v2.36/avr/bin/../lib/gcc/avr/5.4.0/../../../../avr/lib/avr5/memx-const\libc.a(exit.o)
                0x00000000000015b6                __simulator_exit

.rodata         0x0000000000800686        0x5 load address 0x00000000000015b8
 .rodata        0x0000000000800686        0x5 main.o
