Archive member included to satisfy reference by file (symbol)

c:/program files/microchip/xc8/v2.36/avr/bin/../lib/gcc/avr/5.4.0/avr5/memx-const\libgcc.a(_udivmodhi4.o)
                              queue.o (__udivmodhi4)
c:/program files/microchip/xc8/v2.36/avr/bin/../lib/gcc/avr/5.4.0/avr5/memx-const\libgcc.a(_copy_data.o)
                              heap_1.o (__do_clear_bss)
c:/program files/microchip/xc8/v2.36/avr/bin/../lib/gcc/avr/5.4.0/avr5/memx-const\libgcc.a(_umulhisi3.o)
                              LCD_program.o (__umulhisi3)
c:/program files/microchip/xc8/v2.36/avr/bin/../lib/gcc/avr/5.4.0/avr5/memx-const\libgcc.a(_xload_2.o)
                              event_groups.o (__xload_2)
c:/program files/microchip/xc8/v2.36/avr/bin/../lib/gcc/avr/5.4.0/../../../../avr/lib/avr5/memx-const\libc.a(exit.o)
                              C:/Program Files (x86)/Atmel/Studio/7.0/Packs/atmel/ATmega_DFP/1.7.374/xc8/avr/lib/avr5/memx-const/crtatmega32.o (exit)
c:/program files/microchip/xc8/v2.36/avr/bin/../lib/gcc/avr/5.4.0/../../../../avr/lib/avr5/memx-const\libc.a(memcpy.o)
                              queue.o (memcpy)
c:/program files/microchip/xc8/v2.36/avr/bin/../lib/gcc/avr/5.4.0/../../../../avr/lib/avr5/memx-const\libc.a(_Exit.o)
                              c:/program files/microchip/xc8/v2.36/avr/bin/../lib/gcc/avr/5.4.0/../../../../avr/lib/avr5/memx-const\libc.a(exit.o) (_Exit)
c:/program files/microchip/xc8/v2.36/avr/bin/../lib/gcc/avr/5.4.0/avr5/memx-const\libgcc.a(_exit.o)
                              c:/program files/microchip/xc8/v2.36/avr/bin/../lib/gcc/avr/5.4.0/../../../../avr/lib/avr5/memx-const\libc.a(_Exit.o) (_exit)

Allocating common symbols
Common symbol       size              file

task_stack          0x64              main.o
tcb_block           0x27              main.o

Discarded input sections

 .data          0x0000000000000000        0x0 C:/Program Files (x86)/Atmel/Studio/7.0/Packs/atmel/ATmega_DFP/1.7.374/xc8/avr/lib/avr5/memx-const/crtatmega32.o
 .bss           0x0000000000000000        0x0 C:/Program Files (x86)/Atmel/Studio/7.0/Packs/atmel/ATmega_DFP/1.7.374/xc8/avr/lib/avr5/memx-const/crtatmega32.o
 .text          0x0000000000000000        0x0 croutine.o
 .data          0x0000000000000000        0x0 croutine.o
 .bss           0x0000000000000000        0x0 croutine.o
 .debug_info    0x0000000000000000      0x237 croutine.o
 .debug_abbrev  0x0000000000000000       0x1b croutine.o
 .debug_aranges
                0x0000000000000000       0x18 croutine.o
 .debug_line    0x0000000000000000       0x1a croutine.o
 .debug_str     0x0000000000000000        0x0 croutine.o
 .comment       0x0000000000000000       0x30 croutine.o
 .text          0x0000000000000000        0x0 DIO_prog.o
 .data          0x0000000000000000        0x0 DIO_prog.o
 .bss           0x0000000000000000        0x0 DIO_prog.o
 .text.DIO_voidInit
                0x0000000000000000       0x1c DIO_prog.o
 .text.DIO_u8SetPinDirection
                0x0000000000000000      0x134 DIO_prog.o
 .text.DIO_u8SetPinValue
                0x0000000000000000      0x102 DIO_prog.o
 .text.DIO_u8GetPinValue
                0x0000000000000000       0xbc DIO_prog.o
 .text.DIO_u8SetPortDirection
                0x0000000000000000       0x8c DIO_prog.o
 .text.DIO_u8SetPortValue
                0x0000000000000000       0x22 DIO_prog.o
 .text.DIO_u8GetPortValue
                0x0000000000000000       0x4c DIO_prog.o
 .debug_info    0x0000000000000000      0x516 DIO_prog.o
 .debug_abbrev  0x0000000000000000       0xee DIO_prog.o
 .debug_loc     0x0000000000000000      0x6ce DIO_prog.o
 .debug_aranges
                0x0000000000000000       0x50 DIO_prog.o
 .debug_ranges  0x0000000000000000       0x40 DIO_prog.o
 .debug_line    0x0000000000000000      0x465 DIO_prog.o
 .debug_str     0x0000000000000000       0x3e DIO_prog.o
 .comment       0x0000000000000000       0x30 DIO_prog.o
 .debug_frame   0x0000000000000000       0x84 DIO_prog.o
 .text          0x0000000000000000        0x0 event_groups.o
 .data          0x0000000000000000        0x0 event_groups.o
 .bss           0x0000000000000000        0x0 event_groups.o
 .text.prvTestWaitCondition
                0x0000000000000000       0x26 event_groups.o
 .text.xEventGroupCreateStatic
                0x0000000000000000       0x22 event_groups.o
 .text.xEventGroupCreate
                0x0000000000000000       0x28 event_groups.o
 .text.xEventGroupWaitBits
                0x0000000000000000       0xe4 event_groups.o
 .text.xEventGroupClearBits
                0x0000000000000000       0x1e event_groups.o
 .text.xEventGroupGetBitsFromISR
                0x0000000000000000        0xe event_groups.o
 .text.xEventGroupSetBits
                0x0000000000000000       0xee event_groups.o
 .text.xEventGroupSync
                0x0000000000000000       0xd6 event_groups.o
 .text.vEventGroupDelete
                0x0000000000000000       0x60 event_groups.o
 .text.vEventGroupSetBitsCallback
                0x0000000000000000        0x8 event_groups.o
 .text.vEventGroupClearBitsCallback
                0x0000000000000000        0x8 event_groups.o
 .debug_info    0x0000000000000000      0xe73 event_groups.o
 .debug_abbrev  0x0000000000000000      0x280 event_groups.o
 .debug_loc     0x0000000000000000      0xc37 event_groups.o
 .debug_aranges
                0x0000000000000000       0x70 event_groups.o
 .debug_ranges  0x0000000000000000       0x78 event_groups.o
 .debug_line    0x0000000000000000      0x43d event_groups.o
 .debug_str     0x0000000000000000      0x19b event_groups.o
 .comment       0x0000000000000000       0x30 event_groups.o
 .debug_frame   0x0000000000000000      0x19c event_groups.o
 .text          0x0000000000000000        0x0 heap_1.o
 .data          0x0000000000000000        0x0 heap_1.o
 .bss           0x0000000000000000        0x0 heap_1.o
 .text.pvPortMalloc
                0x0000000000000000       0x74 heap_1.o
 .text.vPortInitialiseBlocks
                0x0000000000000000        0xa heap_1.o
 .text.xPortGetFreeHeapSize
                0x0000000000000000       0x12 heap_1.o
 .bss.pucAlignedHeap.2109
                0x0000000000000000        0x2 heap_1.o
 .bss.xNextFreeByte
                0x0000000000000000        0x2 heap_1.o
 .bss.ucHeap    0x0000000000000000      0x5dc heap_1.o
 .text          0x0000000000000000        0x0 LCD_program.o
 .data          0x0000000000000000        0x0 LCD_program.o
 .bss           0x0000000000000000        0x0 LCD_program.o
 .text.HLCD_vsendData
                0x0000000000000000       0x68 LCD_program.o
 .text.HLCD_vShowInt
                0x0000000000000000       0xc2 LCD_program.o
 .text.HLCD_vsendCommand
                0x0000000000000000       0x68 LCD_program.o
 .text.HLCD_vWriteNextChar
                0x0000000000000000       0x16 LCD_program.o
 .text.HLCD_vClearDisplay
                0x0000000000000000       0x14 LCD_program.o
 .text.HLCD_vShowString
                0x0000000000000000       0x42 LCD_program.o
 .text.HLCD_vInit
                0x0000000000000000       0x76 LCD_program.o
 .text.HLCD_u8GotoXY
                0x0000000000000000       0x2e LCD_program.o
 .debug_info    0x0000000000000000      0x92f LCD_program.o
 .debug_abbrev  0x0000000000000000      0x1c3 LCD_program.o
 .debug_loc     0x0000000000000000      0x658 LCD_program.o
 .debug_aranges
                0x0000000000000000       0x58 LCD_program.o
 .debug_ranges  0x0000000000000000       0x48 LCD_program.o
 .debug_line    0x0000000000000000      0x36c LCD_program.o
 .debug_str     0x0000000000000000       0x26 LCD_program.o
 .comment       0x0000000000000000       0x30 LCD_program.o
 .debug_frame   0x0000000000000000       0xc0 LCD_program.o
 .text          0x0000000000000000        0x0 list.o
 .data          0x0000000000000000        0x0 list.o
 .bss           0x0000000000000000        0x0 list.o
 .text.vListInsertEnd
                0x0000000000000000       0x42 list.o
 .text          0x0000000000000000        0x0 main.o
 .data          0x0000000000000000        0x0 main.o
 .bss           0x0000000000000000        0x0 main.o
 .text          0x0000000000000000        0x0 port.o
 .data          0x0000000000000000        0x0 port.o
 .bss           0x0000000000000000        0x0 port.o
 .text.vPortEndScheduler
                0x0000000000000000        0x2 port.o
 .text          0x0000000000000000        0x0 queue.o
 .data          0x0000000000000000        0x0 queue.o
 .bss           0x0000000000000000        0x0 queue.o
 .text.prvIsQueueEmpty
                0x0000000000000000       0x26 queue.o
 .text.prvIsQueueFull
                0x0000000000000000       0x38 queue.o
 .text.prvCopyDataToQueue
                0x0000000000000000       0x92 queue.o
 .text.prvCopyDataFromQueue
                0x0000000000000000       0x36 queue.o
 .text.prvNotifyQueueSetContainer
                0x0000000000000000       0x98 queue.o
 .text.prvUnlockQueue
                0x0000000000000000       0x8a queue.o
 .text.xQueueGenericReset
                0x0000000000000000       0xc2 queue.o
 .text.prvInitialiseNewQueue
                0x0000000000000000       0x32 queue.o
 .text.xQueueGenericCreateStatic
                0x0000000000000000       0x50 queue.o
 .text.xQueueGenericCreate
                0x0000000000000000       0x86 queue.o
 .text.xQueueGenericSend
                0x0000000000000000      0x154 queue.o
 .text.xQueueGenericSendFromISR
                0x0000000000000000       0xbc queue.o
 .text.xQueueGiveFromISR
                0x0000000000000000       0xa2 queue.o
 .text.xQueueReceive
                0x0000000000000000      0x126 queue.o
 .text.xQueueSemaphoreTake
                0x0000000000000000      0x10e queue.o
 .text.xQueuePeek
                0x0000000000000000      0x12a queue.o
 .text.xQueueReceiveFromISR
                0x0000000000000000       0x7e queue.o
 .text.xQueuePeekFromISR
                0x0000000000000000       0x2e queue.o
 .text.uxQueueMessagesWaiting
                0x0000000000000000       0x10 queue.o
 .text.uxQueueSpacesAvailable
                0x0000000000000000       0x16 queue.o
 .text.uxQueueMessagesWaitingFromISR
                0x0000000000000000        0x6 queue.o
 .text.vQueueDelete
                0x0000000000000000        0xe queue.o
 .text.xQueueIsQueueEmptyFromISR
                0x0000000000000000       0x10 queue.o
 .text.xQueueIsQueueFullFromISR
                0x0000000000000000       0x12 queue.o
 .text.xQueueCreateSet
                0x0000000000000000        0xa queue.o
 .text.xQueueAddToSet
                0x0000000000000000       0x2a queue.o
 .text.xQueueRemoveFromSet
                0x0000000000000000       0x2c queue.o
 .text.xQueueSelectFromSet
                0x0000000000000000       0x28 queue.o
 .text.xQueueSelectFromSetFromISR
                0x0000000000000000       0x2a queue.o
 .debug_info    0x0000000000000000     0x1f61 queue.o
 .debug_abbrev  0x0000000000000000      0x2d8 queue.o
 .debug_loc     0x0000000000000000     0x208d queue.o
 .debug_aranges
                0x0000000000000000      0x100 queue.o
 .debug_ranges  0x0000000000000000      0x150 queue.o
 .debug_line    0x0000000000000000      0xca2 queue.o
 .debug_str     0x0000000000000000      0x26f queue.o
 .comment       0x0000000000000000       0x30 queue.o
 .debug_frame   0x0000000000000000      0x3d4 queue.o
 .text          0x0000000000000000        0x0 stream_buffer.o
 .data          0x0000000000000000        0x0 stream_buffer.o
 .bss           0x0000000000000000        0x0 stream_buffer.o
 .text.prvBytesInBuffer
                0x0000000000000000       0x54 stream_buffer.o
 .text.prvInitialiseNewStreamBuffer
                0x0000000000000000       0x20 stream_buffer.o
 .text.prvWriteBytesToBuffer
                0x0000000000000000       0x96 stream_buffer.o
 .text.prvWriteMessageToBuffer
                0x0000000000000000       0xa0 stream_buffer.o
 .text.prvReadBytesFromBuffer
                0x0000000000000000       0x8c stream_buffer.o
 .text.prvReadMessageFromBuffer
                0x0000000000000000       0x90 stream_buffer.o
 .text.xStreamBufferGenericCreate
                0x0000000000000000       0x80 stream_buffer.o
 .text.xStreamBufferGenericCreateStatic
                0x0000000000000000       0x64 stream_buffer.o
 .text.vStreamBufferDelete
                0x0000000000000000       0x1a stream_buffer.o
 .text.xStreamBufferReset
                0x0000000000000000       0x56 stream_buffer.o
 .text.xStreamBufferSetTriggerLevel
                0x0000000000000000       0x22 stream_buffer.o
 .text.xStreamBufferSpacesAvailable
                0x0000000000000000       0x66 stream_buffer.o
 .text.xStreamBufferBytesAvailable
                0x0000000000000000        0xa stream_buffer.o
 .text.xStreamBufferSend
                0x0000000000000000      0x17e stream_buffer.o
 .text.xStreamBufferSendFromISR
                0x0000000000000000       0xa2 stream_buffer.o
 .text.xStreamBufferReceive
                0x0000000000000000      0x11a stream_buffer.o
 .text.xStreamBufferNextMessageLengthBytes
                0x0000000000000000       0x58 stream_buffer.o
 .text.xStreamBufferReceiveFromISR
                0x0000000000000000       0x8c stream_buffer.o
 .text.xStreamBufferIsEmpty
                0x0000000000000000       0x26 stream_buffer.o
 .text.xStreamBufferIsFull
                0x0000000000000000       0x3a stream_buffer.o
 .text.xStreamBufferSendCompletedFromISR
                0x0000000000000000       0x4c stream_buffer.o
 .text.xStreamBufferReceiveCompletedFromISR
                0x0000000000000000       0x4c stream_buffer.o
 .debug_info    0x0000000000000000     0x1a74 stream_buffer.o
 .debug_abbrev  0x0000000000000000      0x27f stream_buffer.o
 .debug_loc     0x0000000000000000     0x20e2 stream_buffer.o
 .debug_aranges
                0x0000000000000000       0xc8 stream_buffer.o
 .debug_ranges  0x0000000000000000       0xb8 stream_buffer.o
 .debug_line    0x0000000000000000      0x7b1 stream_buffer.o
 .debug_str     0x0000000000000000      0x253 stream_buffer.o
 .comment       0x0000000000000000       0x30 stream_buffer.o
 .debug_frame   0x0000000000000000      0x4ac stream_buffer.o
 .text          0x0000000000000000        0x0 tasks.o
 .data          0x0000000000000000        0x0 tasks.o
 .bss           0x0000000000000000        0x0 tasks.o
 .text.prvTaskIsTaskSuspended
                0x0000000000000000       0x42 tasks.o
 .text.xTaskCreate
                0x0000000000000000       0xe2 tasks.o
 .text.vTaskDelete
                0x0000000000000000       0xb0 tasks.o
 .text.uxTaskPriorityGet
                0x0000000000000000       0x2a tasks.o
 .text.uxTaskPriorityGetFromISR
                0x0000000000000000       0x20 tasks.o
 .text.vTaskPrioritySet
                0x0000000000000000      0x136 tasks.o
 .text.vTaskResume
                0x0000000000000000       0xcc tasks.o
 .text.xTaskResumeFromISR
                0x0000000000000000       0xda tasks.o
 .text.vTaskEndScheduler
                0x0000000000000000        0xc tasks.o
 .text.xTaskGetTickCount
                0x0000000000000000       0x14 tasks.o
 .text.xTaskGetTickCountFromISR
                0x0000000000000000        0xa tasks.o
 .text.uxTaskGetNumberOfTasks
                0x0000000000000000        0x6 tasks.o
 .text.pcTaskGetName
                0x0000000000000000       0x10 tasks.o
 .text.xTaskDelayUntil
                0x0000000000000000       0x84 tasks.o
 .text.xTaskCatchUpTicks
                0x0000000000000000       0x32 tasks.o
 .text.vTaskSuspend
                0x0000000000000000       0xc2 tasks.o
 .text.vTaskPlaceOnEventList
                0x0000000000000000       0x24 tasks.o
 .text.vTaskPlaceOnUnorderedEventList
                0x0000000000000000       0x8c tasks.o
 .text.xTaskRemoveFromEventList
                0x0000000000000000      0x184 tasks.o
 .text.vTaskRemoveFromUnorderedEventList
                0x0000000000000000      0x14c tasks.o
 .text.vTaskSetTimeOutState
                0x0000000000000000       0x20 tasks.o
 .text.vTaskInternalSetTimeOutState
                0x0000000000000000       0x16 tasks.o
 .text.xTaskCheckForTimeOut
                0x0000000000000000       0x7e tasks.o
 .text.vTaskMissedYield
                0x0000000000000000        0x8 tasks.o
 .text.xTaskGetCurrentTaskHandle
                0x0000000000000000        0xa tasks.o
 .text.uxTaskResetEventItemValue
                0x0000000000000000       0x2e tasks.o
 .text.ulTaskGenericNotifyTake
                0x0000000000000000      0x106 tasks.o
 .text.xTaskGenericNotifyWait
                0x0000000000000000      0x142 tasks.o
 .text.xTaskGenericNotify
                0x0000000000000000      0x20a tasks.o
 .text.xTaskGenericNotifyFromISR
                0x0000000000000000      0x260 tasks.o
 .text.vTaskGenericNotifyGiveFromISR
                0x0000000000000000      0x194 tasks.o
 .text.xTaskGenericNotifyStateClear
                0x0000000000000000       0x34 tasks.o
 .text.ulTaskGenericNotifyValueClear
                0x0000000000000000       0x6c tasks.o
 .text          0x0000000000000000        0x0 timers.o
 .data          0x0000000000000000        0x0 timers.o
 .bss           0x0000000000000000        0x0 timers.o
 .debug_info    0x0000000000000000      0x235 timers.o
 .debug_abbrev  0x0000000000000000       0x1b timers.o
 .debug_aranges
                0x0000000000000000       0x18 timers.o
 .debug_line    0x0000000000000000       0x1a timers.o
 .debug_str     0x0000000000000000        0x0 timers.o
 .comment       0x0000000000000000       0x30 timers.o
 .text          0x0000000000000000        0x0 c:/program files/microchip/xc8/v2.36/avr/bin/../lib/gcc/avr/5.4.0/avr5/memx-const\libgcc.a(_udivmodhi4.o)
 .data          0x0000000000000000        0x0 c:/program files/microchip/xc8/v2.36/avr/bin/../lib/gcc/avr/5.4.0/avr5/memx-const\libgcc.a(_udivmodhi4.o)
 .bss           0x0000000000000000        0x0 c:/program files/microchip/xc8/v2.36/avr/bin/../lib/gcc/avr/5.4.0/avr5/memx-const\libgcc.a(_udivmodhi4.o)
 .text.libgcc.mul
                0x0000000000000000        0x0 c:/program files/microchip/xc8/v2.36/avr/bin/../lib/gcc/avr/5.4.0/avr5/memx-const\libgcc.a(_udivmodhi4.o)
 .text.libgcc.div
                0x0000000000000000       0x28 c:/program files/microchip/xc8/v2.36/avr/bin/../lib/gcc/avr/5.4.0/avr5/memx-const\libgcc.a(_udivmodhi4.o)
 .stack.descriptors.hdr
                0x0000000000000000        0xe c:/program files/microchip/xc8/v2.36/avr/bin/../lib/gcc/avr/5.4.0/avr5/memx-const\libgcc.a(_udivmodhi4.o)
 .stack.descriptors
                0x0000000000000000       0x1a c:/program files/microchip/xc8/v2.36/avr/bin/../lib/gcc/avr/5.4.0/avr5/memx-const\libgcc.a(_udivmodhi4.o)
 .text.libgcc   0x0000000000000000        0x0 c:/program files/microchip/xc8/v2.36/avr/bin/../lib/gcc/avr/5.4.0/avr5/memx-const\libgcc.a(_udivmodhi4.o)
 .text.libgcc.prologue
                0x0000000000000000        0x0 c:/program files/microchip/xc8/v2.36/avr/bin/../lib/gcc/avr/5.4.0/avr5/memx-const\libgcc.a(_udivmodhi4.o)
 .text.libgcc.builtins
                0x0000000000000000        0x0 c:/program files/microchip/xc8/v2.36/avr/bin/../lib/gcc/avr/5.4.0/avr5/memx-const\libgcc.a(_udivmodhi4.o)
 .text.libgcc.fmul
                0x0000000000000000        0x0 c:/program files/microchip/xc8/v2.36/avr/bin/../lib/gcc/avr/5.4.0/avr5/memx-const\libgcc.a(_udivmodhi4.o)
 .text.libgcc.fixed
                0x0000000000000000        0x0 c:/program files/microchip/xc8/v2.36/avr/bin/../lib/gcc/avr/5.4.0/avr5/memx-const\libgcc.a(_udivmodhi4.o)
 .text          0x0000000000000000        0x0 c:/program files/microchip/xc8/v2.36/avr/bin/../lib/gcc/avr/5.4.0/avr5/memx-const\libgcc.a(_copy_data.o)
 .data          0x0000000000000000        0x0 c:/program files/microchip/xc8/v2.36/avr/bin/../lib/gcc/avr/5.4.0/avr5/memx-const\libgcc.a(_copy_data.o)
 .bss           0x0000000000000000        0x0 c:/program files/microchip/xc8/v2.36/avr/bin/../lib/gcc/avr/5.4.0/avr5/memx-const\libgcc.a(_copy_data.o)
 .text.libgcc.mul
                0x0000000000000000        0x0 c:/program files/microchip/xc8/v2.36/avr/bin/../lib/gcc/avr/5.4.0/avr5/memx-const\libgcc.a(_copy_data.o)
 .text.libgcc.div
                0x0000000000000000        0x0 c:/program files/microchip/xc8/v2.36/avr/bin/../lib/gcc/avr/5.4.0/avr5/memx-const\libgcc.a(_copy_data.o)
 .text.libgcc   0x0000000000000000        0x0 c:/program files/microchip/xc8/v2.36/avr/bin/../lib/gcc/avr/5.4.0/avr5/memx-const\libgcc.a(_copy_data.o)
 .text.libgcc.prologue
                0x0000000000000000        0x0 c:/program files/microchip/xc8/v2.36/avr/bin/../lib/gcc/avr/5.4.0/avr5/memx-const\libgcc.a(_copy_data.o)
 .text.libgcc.builtins
                0x0000000000000000        0x0 c:/program files/microchip/xc8/v2.36/avr/bin/../lib/gcc/avr/5.4.0/avr5/memx-const\libgcc.a(_copy_data.o)
 .text.libgcc.fmul
                0x0000000000000000        0x0 c:/program files/microchip/xc8/v2.36/avr/bin/../lib/gcc/avr/5.4.0/avr5/memx-const\libgcc.a(_copy_data.o)
 .text.libgcc.fixed
                0x0000000000000000        0x0 c:/program files/microchip/xc8/v2.36/avr/bin/../lib/gcc/avr/5.4.0/avr5/memx-const\libgcc.a(_copy_data.o)
 .text          0x0000000000000000        0x0 c:/program files/microchip/xc8/v2.36/avr/bin/../lib/gcc/avr/5.4.0/avr5/memx-const\libgcc.a(_umulhisi3.o)
 .data          0x0000000000000000        0x0 c:/program files/microchip/xc8/v2.36/avr/bin/../lib/gcc/avr/5.4.0/avr5/memx-const\libgcc.a(_umulhisi3.o)
 .bss           0x0000000000000000        0x0 c:/program files/microchip/xc8/v2.36/avr/bin/../lib/gcc/avr/5.4.0/avr5/memx-const\libgcc.a(_umulhisi3.o)
 .text.libgcc.mul
                0x0000000000000000       0x1e c:/program files/microchip/xc8/v2.36/avr/bin/../lib/gcc/avr/5.4.0/avr5/memx-const\libgcc.a(_umulhisi3.o)
 .stack.descriptors.hdr
                0x0000000000000000        0xe c:/program files/microchip/xc8/v2.36/avr/bin/../lib/gcc/avr/5.4.0/avr5/memx-const\libgcc.a(_umulhisi3.o)
 .stack.descriptors
                0x0000000000000000       0x19 c:/program files/microchip/xc8/v2.36/avr/bin/../lib/gcc/avr/5.4.0/avr5/memx-const\libgcc.a(_umulhisi3.o)
 .text.libgcc.div
                0x0000000000000000        0x0 c:/program files/microchip/xc8/v2.36/avr/bin/../lib/gcc/avr/5.4.0/avr5/memx-const\libgcc.a(_umulhisi3.o)
 .text.libgcc   0x0000000000000000        0x0 c:/program files/microchip/xc8/v2.36/avr/bin/../lib/gcc/avr/5.4.0/avr5/memx-const\libgcc.a(_umulhisi3.o)
 .text.libgcc.prologue
                0x0000000000000000        0x0 c:/program files/microchip/xc8/v2.36/avr/bin/../lib/gcc/avr/5.4.0/avr5/memx-const\libgcc.a(_umulhisi3.o)
 .text.libgcc.builtins
                0x0000000000000000        0x0 c:/program files/microchip/xc8/v2.36/avr/bin/../lib/gcc/avr/5.4.0/avr5/memx-const\libgcc.a(_umulhisi3.o)
 .text.libgcc.fmul
                0x0000000000000000        0x0 c:/program files/microchip/xc8/v2.36/avr/bin/../lib/gcc/avr/5.4.0/avr5/memx-const\libgcc.a(_umulhisi3.o)
 .text.libgcc.fixed
                0x0000000000000000        0x0 c:/program files/microchip/xc8/v2.36/avr/bin/../lib/gcc/avr/5.4.0/avr5/memx-const\libgcc.a(_umulhisi3.o)
 .text          0x0000000000000000        0x0 c:/program files/microchip/xc8/v2.36/avr/bin/../lib/gcc/avr/5.4.0/avr5/memx-const\libgcc.a(_xload_2.o)
 .data          0x0000000000000000        0x0 c:/program files/microchip/xc8/v2.36/avr/bin/../lib/gcc/avr/5.4.0/avr5/memx-const\libgcc.a(_xload_2.o)
 .bss           0x0000000000000000        0x0 c:/program files/microchip/xc8/v2.36/avr/bin/../lib/gcc/avr/5.4.0/avr5/memx-const\libgcc.a(_xload_2.o)
 .text.libgcc.mul
                0x0000000000000000        0x0 c:/program files/microchip/xc8/v2.36/avr/bin/../lib/gcc/avr/5.4.0/avr5/memx-const\libgcc.a(_xload_2.o)
 .text.libgcc.div
                0x0000000000000000        0x0 c:/program files/microchip/xc8/v2.36/avr/bin/../lib/gcc/avr/5.4.0/avr5/memx-const\libgcc.a(_xload_2.o)
 .text.libgcc   0x0000000000000000       0x10 c:/program files/microchip/xc8/v2.36/avr/bin/../lib/gcc/avr/5.4.0/avr5/memx-const\libgcc.a(_xload_2.o)
 .text.libgcc.prologue
                0x0000000000000000        0x0 c:/program files/microchip/xc8/v2.36/avr/bin/../lib/gcc/avr/5.4.0/avr5/memx-const\libgcc.a(_xload_2.o)
 .stack.descriptors.hdr
                0x0000000000000000        0xe c:/program files/microchip/xc8/v2.36/avr/bin/../lib/gcc/avr/5.4.0/avr5/memx-const\libgcc.a(_xload_2.o)
 .stack.descriptors
                0x0000000000000000       0x17 c:/program files/microchip/xc8/v2.36/avr/bin/../lib/gcc/avr/5.4.0/avr5/memx-const\libgcc.a(_xload_2.o)
 .text.libgcc.builtins
                0x0000000000000000        0x0 c:/program files/microchip/xc8/v2.36/avr/bin/../lib/gcc/avr/5.4.0/avr5/memx-const\libgcc.a(_xload_2.o)
 .text.libgcc.fmul
                0x0000000000000000        0x0 c:/program files/microchip/xc8/v2.36/avr/bin/../lib/gcc/avr/5.4.0/avr5/memx-const\libgcc.a(_xload_2.o)
 .text.libgcc.fixed
                0x0000000000000000        0x0 c:/program files/microchip/xc8/v2.36/avr/bin/../lib/gcc/avr/5.4.0/avr5/memx-const\libgcc.a(_xload_2.o)
 .text          0x0000000000000000        0x0 c:/program files/microchip/xc8/v2.36/avr/bin/../lib/gcc/avr/5.4.0/../../../../avr/lib/avr5/memx-const\libc.a(exit.o)
 .data          0x0000000000000000        0x0 c:/program files/microchip/xc8/v2.36/avr/bin/../lib/gcc/avr/5.4.0/../../../../avr/lib/avr5/memx-const\libc.a(exit.o)
 .bss           0x0000000000000000        0x0 c:/program files/microchip/xc8/v2.36/avr/bin/../lib/gcc/avr/5.4.0/../../../../avr/lib/avr5/memx-const\libc.a(exit.o)
 .text          0x0000000000000000        0x0 c:/program files/microchip/xc8/v2.36/avr/bin/../lib/gcc/avr/5.4.0/../../../../avr/lib/avr5/memx-const\libc.a(memcpy.o)
 .data          0x0000000000000000        0x0 c:/program files/microchip/xc8/v2.36/avr/bin/../lib/gcc/avr/5.4.0/../../../../avr/lib/avr5/memx-const\libc.a(memcpy.o)
 .bss           0x0000000000000000        0x0 c:/program files/microchip/xc8/v2.36/avr/bin/../lib/gcc/avr/5.4.0/../../../../avr/lib/avr5/memx-const\libc.a(memcpy.o)
 .text.memcpy   0x0000000000000000       0x32 c:/program files/microchip/xc8/v2.36/avr/bin/../lib/gcc/avr/5.4.0/../../../../avr/lib/avr5/memx-const\libc.a(memcpy.o)
 .comment       0x0000000000000000       0x30 c:/program files/microchip/xc8/v2.36/avr/bin/../lib/gcc/avr/5.4.0/../../../../avr/lib/avr5/memx-const\libc.a(memcpy.o)
 .note.GNU-stack
                0x0000000000000000        0x0 c:/program files/microchip/xc8/v2.36/avr/bin/../lib/gcc/avr/5.4.0/../../../../avr/lib/avr5/memx-const\libc.a(memcpy.o)
 .text          0x0000000000000000        0x0 c:/program files/microchip/xc8/v2.36/avr/bin/../lib/gcc/avr/5.4.0/../../../../avr/lib/avr5/memx-const\libc.a(_Exit.o)
 .data          0x0000000000000000        0x0 c:/program files/microchip/xc8/v2.36/avr/bin/../lib/gcc/avr/5.4.0/../../../../avr/lib/avr5/memx-const\libc.a(_Exit.o)
 .bss           0x0000000000000000        0x0 c:/program files/microchip/xc8/v2.36/avr/bin/../lib/gcc/avr/5.4.0/../../../../avr/lib/avr5/memx-const\libc.a(_Exit.o)
 .text          0x0000000000000000        0x0 c:/program files/microchip/xc8/v2.36/avr/bin/../lib/gcc/avr/5.4.0/avr5/memx-const\libgcc.a(_exit.o)
 .data          0x0000000000000000        0x0 c:/program files/microchip/xc8/v2.36/avr/bin/../lib/gcc/avr/5.4.0/avr5/memx-const\libgcc.a(_exit.o)
 .bss           0x0000000000000000        0x0 c:/program files/microchip/xc8/v2.36/avr/bin/../lib/gcc/avr/5.4.0/avr5/memx-const\libgcc.a(_exit.o)
 .text.libgcc.mul
                0x0000000000000000        0x0 c:/program files/microchip/xc8/v2.36/avr/bin/../lib/gcc/avr/5.4.0/avr5/memx-const\libgcc.a(_exit.o)
 .text.libgcc.div
                0x0000000000000000        0x0 c:/program files/microchip/xc8/v2.36/avr/bin/../lib/gcc/avr/5.4.0/avr5/memx-const\libgcc.a(_exit.o)
 .text.libgcc   0x0000000000000000        0x0 c:/program files/microchip/xc8/v2.36/avr/bin/../lib/gcc/avr/5.4.0/avr5/memx-const\libgcc.a(_exit.o)
 .text.libgcc.prologue
                0x0000000000000000        0x0 c:/program files/microchip/xc8/v2.36/avr/bin/../lib/gcc/avr/5.4.0/avr5/memx-const\libgcc.a(_exit.o)
 .stack.descriptors
                0x0000000000000000       0x13 c:/program files/microchip/xc8/v2.36/avr/bin/../lib/gcc/avr/5.4.0/avr5/memx-const\libgcc.a(_exit.o)
 .text.libgcc.builtins
                0x0000000000000000        0x0 c:/program files/microchip/xc8/v2.36/avr/bin/../lib/gcc/avr/5.4.0/avr5/memx-const\libgcc.a(_exit.o)
 .text.libgcc.fmul
                0x0000000000000000        0x0 c:/program files/microchip/xc8/v2.36/avr/bin/../lib/gcc/avr/5.4.0/avr5/memx-const\libgcc.a(_exit.o)
 .text.libgcc.fixed
                0x0000000000000000        0x0 c:/program files/microchip/xc8/v2.36/avr/bin/../lib/gcc/avr/5.4.0/avr5/memx-const\libgcc.a(_exit.o)

Memory Configuration

Name             Origin             Length             Attributes
text             0x0000000000000000 0x0000000000008000 xr
data             0x0000000000800060 0x0000000000000800 rw !x
eeprom           0x0000000000810000 0x0000000000000400 rw !x
fuse             0x0000000000820000 0x0000000000000002 rw !x
lock             0x0000000000830000 0x0000000000000400 rw !x
signature        0x0000000000840000 0x0000000000000400 rw !x
user_signatures  0x0000000000850000 0x0000000000000400 rw !x
*default*        0x0000000000000000 0xffffffffffffffff

Linker script and memory map

LOAD C:/Program Files (x86)/Atmel/Studio/7.0/Packs/atmel/ATmega_DFP/1.7.374/xc8/avr/lib/avr5/memx-const/crtatmega32.o
LOAD croutine.o
LOAD DIO_prog.o
LOAD event_groups.o
LOAD heap_1.o
LOAD LCD_program.o
LOAD list.o
LOAD main.o
LOAD port.o
LOAD queue.o
LOAD stream_buffer.o
LOAD tasks.o
LOAD timers.o
START GROUP
LOAD c:/program files/microchip/xc8/v2.36/avr/bin/../lib/gcc/avr/5.4.0/../../../../avr/lib/avr5/memx-const\libm.a
END GROUP
START GROUP
LOAD c:/program files/microchip/xc8/v2.36/avr/bin/../lib/gcc/avr/5.4.0/avr5/memx-const\libgcc.a
LOAD c:/program files/microchip/xc8/v2.36/avr/bin/../lib/gcc/avr/5.4.0/../../../../avr/lib/avr5/memx-const\libm.a
LOAD c:/program files/microchip/xc8/v2.36/avr/bin/../lib/gcc/avr/5.4.0/../../../../avr/lib/avr5/memx-const\libc.a
LOAD C:/Program Files (x86)/Atmel/Studio/7.0/Packs/atmel/ATmega_DFP/1.7.374/xc8/avr/lib/avr5/memx-const\libatmega32.a
END GROUP
                0x0000000000000000                __TEXT_REGION_ORIGIN__ = DEFINED (__TEXT_REGION_ORIGIN__)?__TEXT_REGION_ORIGIN__:0x0
                [0x0000000000800060]                __DATA_REGION_ORIGIN__ = DEFINED (__DATA_REGION_ORIGIN__)?__DATA_REGION_ORIGIN__:0x800060
                [0x0000000000008000]                __TEXT_REGION_LENGTH__ = DEFINED (__TEXT_REGION_LENGTH__)?__TEXT_REGION_LENGTH__:0x20000
                [0x0000000000000800]                __DATA_REGION_LENGTH__ = DEFINED (__DATA_REGION_LENGTH__)?__DATA_REGION_LENGTH__:0xffa0
                [0x0000000000000400]                __EEPROM_REGION_LENGTH__ = DEFINED (__EEPROM_REGION_LENGTH__)?__EEPROM_REGION_LENGTH__:0x10000
                [0x0000000000000002]                __FUSE_REGION_LENGTH__ = DEFINED (__FUSE_REGION_LENGTH__)?__FUSE_REGION_LENGTH__:0x400
                0x0000000000000400                __LOCK_REGION_LENGTH__ = DEFINED (__LOCK_REGION_LENGTH__)?__LOCK_REGION_LENGTH__:0x400
                0x0000000000000400                __SIGNATURE_REGION_LENGTH__ = DEFINED (__SIGNATURE_REGION_LENGTH__)?__SIGNATURE_REGION_LENGTH__:0x400
                0x0000000000000400                __USER_SIGNATURE_REGION_LENGTH__ = DEFINED (__USER_SIGNATURE_REGION_LENGTH__)?__USER_SIGNATURE_REGION_LENGTH__:0x400

.hash
 *(.hash)

.dynsym
 *(.dynsym)

.dynstr
 *(.dynstr)

.gnu.version
 *(.gnu.version)

.gnu.version_d
 *(.gnu.version_d)

.gnu.version_r
 *(.gnu.version_r)

.rel.init
 *(.rel.init)

.rela.init
 *(.rela.init)

.rel.text
 *(.rel.text)
 *(.rel.text.*)
 *(.rel.gnu.linkonce.t*)

.rela.text
 *(.rela.text)
 *(.rela.text.*)
 *(.rela.gnu.linkonce.t*)

.rel.fini
 *(.rel.fini)

.rela.fini
 *(.rela.fini)

.rel.rodata
 *(.rel.rodata)
 *(.rel.rodata.*)
 *(.rel.gnu.linkonce.r*)

.rela.rodata
 *(.rela.rodata)
 *(.rela.rodata.*)
 *(.rela.gnu.linkonce.r*)

.rel.data
 *(.rel.data)
 *(.rel.data.*)
 *(.rel.gnu.linkonce.d*)

.rela.data
 *(.rela.data)
 *(.rela.data.*)
 *(.rela.gnu.linkonce.d*)

.rel.ctors
 *(.rel.ctors)

.rela.ctors
 *(.rela.ctors)

.rel.dtors
 *(.rel.dtors)

.rela.dtors
 *(.rela.dtors)

.rel.got
 *(.rel.got)

.rela.got
 *(.rela.got)

.rel.bss
 *(.rel.bss)

.rela.bss
 *(.rela.bss)

.rel.plt
 *(.rel.plt)

.rela.plt
 *(.rela.plt)

.text           0x0000000000000000       0xae
 *(.vectors)
 .vectors       0x0000000000000000       0x54 C:/Program Files (x86)/Atmel/Studio/7.0/Packs/atmel/ATmega_DFP/1.7.374/xc8/avr/lib/avr5/memx-const/crtatmega32.o
                0x0000000000000000                __vector_default
                0x0000000000000000                __vectors
 *(.vectors)
 *(.progmem.gcc*)
 *(.dinit)
 .dinit         0x0000000000000054        0x5 data_init
                0x000000000000005a                . = ALIGN (0x2)
 *fill*         0x0000000000000059        0x1 
                0x000000000000005a                __trampolines_start = .
 *(.trampolines)
 .trampolines   0x000000000000005a        0x0 linker stubs
 *(.trampolines*)
                0x000000000000005a                __trampolines_end = .
 *libprintf_flt.a:*(.progmem.data)
 *libc.a:*(.progmem.data)
                0x000000000000005a                . = ALIGN (0x2)
 *(.jumptables)
 *(.jumptables*)
 *(.lowtext)
 *(.lowtext*)
                0x000000000000005a                __ctors_start = .
 *(.ctors)
                0x000000000000005a                __ctors_end = .
                0x000000000000005a                __dtors_start = .
 *(.dtors)
                0x000000000000005a                __dtors_end = .
 SORT(*)(.ctors)
 SORT(*)(.dtors)
 *(.init0)
 .init0         0x000000000000005a        0x0 C:/Program Files (x86)/Atmel/Studio/7.0/Packs/atmel/ATmega_DFP/1.7.374/xc8/avr/lib/avr5/memx-const/crtatmega32.o
                0x000000000000005a                __init
 *(.init0)
 *(.init1)
 *(.init1)
 *(.init2)
 .init2         0x000000000000005a        0xc C:/Program Files (x86)/Atmel/Studio/7.0/Packs/atmel/ATmega_DFP/1.7.374/xc8/avr/lib/avr5/memx-const/crtatmega32.o
 *(.init2)
 *(.init3)
 *(.init3)
 *(.init4)
 .init4         0x0000000000000066       0x3c c:/program files/microchip/xc8/v2.36/avr/bin/../lib/gcc/avr/5.4.0/avr5/memx-const\libgcc.a(_copy_data.o)
                0x0000000000000066                __do_copy_data
                0x0000000000000094                __do_clear_bss
 *(.init4)
 *(.init5)
 *(.init5)
 *(.init6)
 *(.init6)
 *(.init7)
 *(.init7)
 *(.init8)
 *(.init8)
 *(.init9)
 .init9         0x00000000000000a2        0x8 C:/Program Files (x86)/Atmel/Studio/7.0/Packs/atmel/ATmega_DFP/1.7.374/xc8/avr/lib/avr5/memx-const/crtatmega32.o
 *(.init9)
                0x00000000000000aa                . = ALIGN (0x2)
 *(.fini9)
 .fini9         0x00000000000000aa        0x0 c:/program files/microchip/xc8/v2.36/avr/bin/../lib/gcc/avr/5.4.0/avr5/memx-const\libgcc.a(_exit.o)
                0x00000000000000aa                _exit
 *(.fini9)
 *(.fini8)
 *(.fini8)
 *(.fini7)
 *(.fini7)
 *(.fini6)
 *(.fini6)
 *(.fini5)
 *(.fini5)
 *(.fini4)
 *(.fini4)
 *(.fini3)
 *(.fini3)
 *(.fini2)
 *(.fini2)
 *(.fini1)
 *(.fini1)
 *(.fini0)
 .fini0         0x00000000000000aa        0x4 c:/program files/microchip/xc8/v2.36/avr/bin/../lib/gcc/avr/5.4.0/avr5/memx-const\libgcc.a(_exit.o)
 *(.fini0)
                0x00000000000000ae                _etext = .

.data           0x0000000000800060        0x0 load address 0x00000000000000ae
                [!provide]                        PROVIDE (__data_start, .)
 *(.gnu.linkonce.d*)
 *(.gnu.linkonce.r*)
                0x0000000000800060                . = ALIGN (0x2)
                0x0000000000800060                _edata = .
                [!provide]                        PROVIDE (__data_end, .)

.bss            0x0000000000800060       0x8b
                [!provide]                        PROVIDE (__bss_start, .)
 *(COMMON)
 COMMON         0x0000000000800060       0x8b main.o
                0x0000000000800060                task_stack
                0x00000000008000c4                tcb_block
                [!provide]                        PROVIDE (__bss_end, .)
                0x00000000000000ae                __data_load_start = LOADADDR (.data)
                0x00000000000000ae                __data_load_end = (__data_load_start + SIZEOF (.data))

.noinit         0x00000000008000eb        0x0
                [!provide]                        PROVIDE (__noinit_start, .)
 *(.noinit*)
                [!provide]                        PROVIDE (__noinit_end, .)
                0x00000000008000eb                _end = .

.eeprom         0x0000000000810000        0x0
 *(.eeprom*)
                0x0000000000810000                __eeprom_end = .

.fuse
 *(.fuse)
 *(.lfuse)
 *(.hfuse)
 *(.efuse)

.lock
 *(.lock*)

.signature
 *(.signature*)

.user_signatures
 *(.user_signatures*)

.stab
 *(.stab)

.stabstr
 *(.stabstr)

.stab.excl
 *(.stab.excl)

.stab.exclstr
 *(.stab.exclstr)

.stab.index
 *(.stab.index)

.stab.indexstr
 *(.stab.indexstr)

.comment        0x0000000000000000       0x2f
 *(.comment)
 .comment       0x0000000000000000       0x2f heap_1.o
                                         0x30 (size before relaxing)
 .comment       0x000000000000002f       0x30 list.o
 .comment       0x000000000000002f       0x30 main.o
 .comment       0x000000000000002f       0x30 port.o
 .comment       0x000000000000002f       0x30 tasks.o
 .comment       0x000000000000002f       0x30 c:/program files/microchip/xc8/v2.36/avr/bin/../lib/gcc/avr/5.4.0/../../../../avr/lib/avr5/memx-const\libc.a(exit.o)
 .comment       0x000000000000002f       0x30 c:/program files/microchip/xc8/v2.36/avr/bin/../lib/gcc/avr/5.4.0/../../../../avr/lib/avr5/memx-const\libc.a(_Exit.o)

.note.GNU-stack
                0x0000000000000000        0x0
 .note.GNU-stack
                0x0000000000000000        0x0 c:/program files/microchip/xc8/v2.36/avr/bin/../lib/gcc/avr/5.4.0/../../../../avr/lib/avr5/memx-const\libc.a(exit.o)
 .note.GNU-stack
                0x0000000000000000        0x0 c:/program files/microchip/xc8/v2.36/avr/bin/../lib/gcc/avr/5.4.0/../../../../avr/lib/avr5/memx-const\libc.a(_Exit.o)

.stack.descriptors.hdr
                0x0000000000000000        0xe
 .stack.descriptors.hdr
                0x0000000000000000        0xe c:/program files/microchip/xc8/v2.36/avr/bin/../lib/gcc/avr/5.4.0/avr5/memx-const\libgcc.a(_exit.o)

.note.gnu.build-id
 *(.note.gnu.build-id)

.debug
 *(.debug)

.line
 *(.line)

.debug_srcinfo
 *(.debug_srcinfo)

.debug_sfnames
 *(.debug_sfnames)

.debug_aranges  0x0000000000000000      0x290
 *(.debug_aranges)
 .debug_aranges
                0x0000000000000000       0x38 heap_1.o
 .debug_aranges
                0x0000000000000038       0x40 list.o
 .debug_aranges
                0x0000000000000078       0x30 main.o
 .debug_aranges
                0x00000000000000a8       0x50 port.o
 .debug_aranges
                0x00000000000000f8      0x198 tasks.o

.debug_pubnames
 *(.debug_pubnames)

.debug_info     0x0000000000000000     0x4481
 *(.debug_info .gnu.linkonce.wi.*)
 .debug_info    0x0000000000000000      0x4e6 C:/Program Files (x86)/Atmel/Studio/7.0/Packs/atmel/ATmega_DFP/1.7.374/xc8/avr/lib/avr5/memx-const/crtatmega32.o
 .debug_info    0x00000000000004e6      0x3d8 heap_1.o
 .debug_info    0x00000000000008be      0x56a list.o
 .debug_info    0x0000000000000e28      0x692 main.o
 .debug_info    0x00000000000014ba      0x4e0 port.o
 .debug_info    0x000000000000199a     0x2ae7 tasks.o

.debug_abbrev   0x0000000000000000      0xc9a
 *(.debug_abbrev)
 .debug_abbrev  0x0000000000000000      0x4a3 C:/Program Files (x86)/Atmel/Studio/7.0/Packs/atmel/ATmega_DFP/1.7.374/xc8/avr/lib/avr5/memx-const/crtatmega32.o
 .debug_abbrev  0x00000000000004a3      0x111 heap_1.o
 .debug_abbrev  0x00000000000005b4      0x130 list.o
 .debug_abbrev  0x00000000000006e4      0x14d main.o
 .debug_abbrev  0x0000000000000831      0x145 port.o
 .debug_abbrev  0x0000000000000976      0x324 tasks.o

.debug_line     0x0000000000000000     0x1a6b
 *(.debug_line .debug_line.* .debug_line_end)
 .debug_line    0x0000000000000000      0x119 C:/Program Files (x86)/Atmel/Studio/7.0/Packs/atmel/ATmega_DFP/1.7.374/xc8/avr/lib/avr5/memx-const/crtatmega32.o
 .debug_line    0x0000000000000119      0x123 heap_1.o
 .debug_line    0x000000000000023c      0x1b6 list.o
 .debug_line    0x00000000000003f2      0x106 main.o
 .debug_line    0x00000000000004f8      0x283 port.o
 .debug_line    0x000000000000077b     0x12f0 tasks.o

.debug_frame    0x0000000000000000      0x864
 *(.debug_frame)
 .debug_frame   0x0000000000000000       0x60 heap_1.o
 .debug_frame   0x0000000000000060       0x88 list.o
 .debug_frame   0x00000000000000e8       0x74 main.o
 .debug_frame   0x000000000000015c       0x84 port.o
 .debug_frame   0x00000000000001e0      0x684 tasks.o

.debug_str      0x0000000000000000      0x4bf
 *(.debug_str)
 .debug_str     0x0000000000000000      0x196 C:/Program Files (x86)/Atmel/Studio/7.0/Packs/atmel/ATmega_DFP/1.7.374/xc8/avr/lib/avr5/memx-const/crtatmega32.o
 .debug_str     0x0000000000000196       0x1f heap_1.o
 .debug_str     0x00000000000001b5       0x2b list.o
 .debug_str     0x00000000000001e0       0x31 main.o
 .debug_str     0x0000000000000211       0x26 port.o
 .debug_str     0x0000000000000237      0x288 tasks.o

.debug_loc      0x0000000000000000     0x2bf1
 *(.debug_loc)
 .debug_loc     0x0000000000000000      0x10f heap_1.o
 .debug_loc     0x000000000000010f      0x145 list.o
 .debug_loc     0x0000000000000254       0xe6 main.o
 .debug_loc     0x000000000000033a      0x2a0 port.o
 .debug_loc     0x00000000000005da     0x2617 tasks.o

.debug_macinfo
 *(.debug_macinfo)

.debug_weaknames
 *(.debug_weaknames)

.debug_funcnames
 *(.debug_funcnames)

.debug_typenames
 *(.debug_typenames)

.debug_varnames
 *(.debug_varnames)

.debug_pubtypes
 *(.debug_pubtypes)

.debug_ranges   0x0000000000000000      0x280
 *(.debug_ranges)
 .debug_ranges  0x0000000000000000       0x28 heap_1.o
 .debug_ranges  0x0000000000000028       0x30 list.o
 .debug_ranges  0x0000000000000058       0x20 main.o
 .debug_ranges  0x0000000000000078       0x40 port.o
 .debug_ranges  0x00000000000000b8      0x1c8 tasks.o

.debug_macro
 *(.debug_macro)
OUTPUT(Static_task.elf elf32-avr)
LOAD linker stubs
LOAD data_init

.note.gnu.avr.deviceinfo
                0x0000000000000000       0x3c
 .note.gnu.avr.deviceinfo
                0x0000000000000000       0x3c C:/Program Files (x86)/Atmel/Studio/7.0/Packs/atmel/ATmega_DFP/1.7.374/xc8/avr/lib/avr5/memx-const/crtatmega32.o

.bss.uxIdleTaskStack.2025
                0x00000000008000eb       0x55
 .bss.uxIdleTaskStack.2025
                0x00000000008000eb       0x55 main.o

.bss.xIdleTaskTCB.2024
                0x0000000000800140       0x27
 .bss.xIdleTaskTCB.2024
                0x0000000000800140       0x27 main.o

.bss.uxSchedulerSuspended
                0x00000000008001c4        0x1
 .bss.uxSchedulerSuspended
                0x00000000008001c4        0x1 tasks.o

.bss.xNextTaskUnblockTime
                0x00000000008001b8        0x2
 .bss.xNextTaskUnblockTime
                0x00000000008001b8        0x2 tasks.o

.bss.uxTaskNumber
                0x00000000008001c5        0x1
 .bss.uxTaskNumber
                0x00000000008001c5        0x1 tasks.o

.bss.xNumOfOverflows
                0x00000000008001c6        0x1
 .bss.xNumOfOverflows
                0x00000000008001c6        0x1 tasks.o

.bss.xYieldPending
                0x00000000008001c7        0x1
 .bss.xYieldPending
                0x00000000008001c7        0x1 tasks.o

.bss.xPendedTicks
                0x00000000008001ba        0x2
 .bss.xPendedTicks
                0x00000000008001ba        0x2 tasks.o

.bss.xSchedulerRunning
                0x00000000008001c8        0x1
 .bss.xSchedulerRunning
                0x00000000008001c8        0x1 tasks.o

.bss.uxTopReadyPriority
                0x00000000008001c9        0x1
 .bss.uxTopReadyPriority
                0x00000000008001c9        0x1 tasks.o

.bss.xTickCount
                0x00000000008001bc        0x2
 .bss.xTickCount
                0x00000000008001bc        0x2 tasks.o

.bss.uxCurrentNumberOfTasks
                0x00000000008001ca        0x1
 .bss.uxCurrentNumberOfTasks
                0x00000000008001ca        0x1 tasks.o

.bss.xSuspendedTaskList
                0x000000000080018b        0x9
 .bss.xSuspendedTaskList
                0x000000000080018b        0x9 tasks.o

.bss.uxDeletedTasksWaitingCleanUp
                0x00000000008001cb        0x1
 .bss.uxDeletedTasksWaitingCleanUp
                0x00000000008001cb        0x1 tasks.o

.bss.xTasksWaitingTermination
                0x0000000000800194        0x9
 .bss.xTasksWaitingTermination
                0x0000000000800194        0x9 tasks.o

.bss.xPendingReadyList
                0x000000000080019d        0x9
 .bss.xPendingReadyList
                0x000000000080019d        0x9 tasks.o

.bss.pxOverflowDelayedTaskList
                0x00000000008001be        0x2
 .bss.pxOverflowDelayedTaskList
                0x00000000008001be        0x2 tasks.o

.bss.pxDelayedTaskList
                0x00000000008001c0        0x2
 .bss.pxDelayedTaskList
                0x00000000008001c0        0x2 tasks.o

.bss.xDelayedTaskList2
                0x00000000008001a6        0x9
 .bss.xDelayedTaskList2
                0x00000000008001a6        0x9 tasks.o

.bss.xDelayedTaskList1
                0x00000000008001af        0x9
 .bss.xDelayedTaskList1
                0x00000000008001af        0x9 tasks.o

.bss.pxReadyTasksLists
                0x0000000000800167       0x24
 .bss.pxReadyTasksLists
                0x0000000000800167       0x24 tasks.o

.bss.pxCurrentTCB
                0x00000000008001c2        0x2
 .bss.pxCurrentTCB
                0x00000000008001c2        0x2 tasks.o
                0x00000000008001c2                pxCurrentTCB

.progmemx.data  0x00000000000000ae        0x6
 .progmemx.data
                0x00000000000000ae        0x6 tasks.o
                0x00000000000000b3                uxTopUsedPriority

.text.xTaskIncrementTick
                0x00000000000000b4      0x234
 .text.xTaskIncrementTick
                0x00000000000000b4      0x234 tasks.o
                0x00000000000000b4                xTaskIncrementTick

.text.xTaskResumeAll
                0x00000000000002e8      0x1aa
 .text.xTaskResumeAll
                0x00000000000002e8      0x1aa tasks.o
                0x00000000000002e8                xTaskResumeAll

.text.prvAddCurrentTaskToDelayedList
                0x0000000000000492      0x102
 .text.prvAddCurrentTaskToDelayedList
                0x0000000000000492      0x102 tasks.o

.text.prvAddNewTaskToReadyList
                0x0000000000000594       0xfa
 .text.prvAddNewTaskToReadyList
                0x0000000000000594       0xfa tasks.o

.text.prvInitialiseNewTask
                0x000000000000068e       0xea
 .text.prvInitialiseNewTask
                0x000000000000068e       0xea tasks.o

.text.pxPortInitialiseStack
                0x0000000000000778       0xd8
 .text.pxPortInitialiseStack
                0x0000000000000778       0xd8 port.o
                0x0000000000000778                pxPortInitialiseStack

.text.vPortYieldFromTick
                0x0000000000000850       0xb8
 .text.vPortYieldFromTick
                0x0000000000000850       0xb8 port.o
                0x0000000000000850                vPortYieldFromTick

.text.vTaskStartScheduler
                0x0000000000000908       0xb8
 .text.vTaskStartScheduler
                0x0000000000000908       0xb8 tasks.o
                0x0000000000000908                vTaskStartScheduler

.text.vPortYield
                0x00000000000009c0       0xb2
 .text.vPortYield
                0x00000000000009c0       0xb2 port.o
                0x00000000000009c0                vPortYield

.text.vTaskSwitchContext
                0x0000000000000a72       0xa8
 .text.vTaskSwitchContext
                0x0000000000000a72       0xa8 tasks.o
                0x0000000000000a72                vTaskSwitchContext

.text.xTaskCreateStatic
                0x0000000000000b1a       0x86
 .text.xTaskCreateStatic
                0x0000000000000b1a       0x86 tasks.o
                0x0000000000000b1a                xTaskCreateStatic

.text.prvInitialiseTaskLists
                0x0000000000000ba0       0x6e
 .text.prvInitialiseTaskLists
                0x0000000000000ba0       0x6e tasks.o

.text.main      0x0000000000000c0e       0x66
 .text.main     0x0000000000000c0e       0x66 main.o
                0x0000000000000c0e                main

.text.vListInsert
                0x0000000000000c74       0x62
 .text.vListInsert
                0x0000000000000c74       0x62 list.o
                0x0000000000000c74                vListInsert

.text.xPortStartScheduler
                0x0000000000000cd6       0x5e
 .text.xPortStartScheduler
                0x0000000000000cd6       0x5e port.o
                0x0000000000000cd6                xPortStartScheduler

.text.uxListRemove
                0x0000000000000d34       0x4e
 .text.uxListRemove
                0x0000000000000d34       0x4e list.o
                0x0000000000000d34                uxListRemove

.text.prvCheckTasksWaitingTermination
                0x0000000000000d82       0x4c
 .text.prvCheckTasksWaitingTermination
                0x0000000000000d82       0x4c tasks.o

.text.prvResetNextTaskUnblockTime
                0x0000000000000dce       0x38
 .text.prvResetNextTaskUnblockTime
                0x0000000000000dce       0x38 tasks.o

.text.prvDeleteTCB
                0x0000000000000e06       0x2c
 .text.prvDeleteTCB
                0x0000000000000e06       0x2c tasks.o

.text.vTaskDelay
                0x0000000000000e32       0x2c
 .text.vTaskDelay
                0x0000000000000e32       0x2c tasks.o
                0x0000000000000e32                vTaskDelay

.text.vApplicationGetIdleTaskMemory
                0x0000000000000e5e       0x28
 .text.vApplicationGetIdleTaskMemory
                0x0000000000000e5e       0x28 main.o
                0x0000000000000e5e                vApplicationGetIdleTaskMemory

.text.vListInitialise
                0x0000000000000e86       0x1c
 .text.vListInitialise
                0x0000000000000e86       0x1c list.o
                0x0000000000000e86                vListInitialise

.text.task1     0x0000000000000ea2       0x18
 .text.task1    0x0000000000000ea2       0x18 main.o
                0x0000000000000ea2                task1

.text.exit      0x0000000000000eba       0x16
 .text.exit     0x0000000000000eba       0x16 c:/program files/microchip/xc8/v2.36/avr/bin/../lib/gcc/avr/5.4.0/../../../../avr/lib/avr5/memx-const\libc.a(exit.o)
                0x0000000000000eba                exit

.text.prvSetupTimerInterrupt
                0x0000000000000ed0       0x12
 .text.prvSetupTimerInterrupt
                0x0000000000000ed0       0x12 port.o

.text.vTaskSuspendAll
                0x0000000000000ee2        0xc
 .text.vTaskSuspendAll
                0x0000000000000ee2        0xc tasks.o
                0x0000000000000ee2                vTaskSuspendAll

.text.vListInitialiseItem
                0x0000000000000eee        0x8
 .text.vListInitialiseItem
                0x0000000000000eee        0x8 list.o
                0x0000000000000eee                vListInitialiseItem

.text.__vector_7
                0x0000000000000ef6        0x6
 .text.__vector_7
                0x0000000000000ef6        0x6 port.o
                0x0000000000000ef6                __vector_7

.text.prvIdleTask
                0x0000000000000efc        0x6
 .text.prvIdleTask
                0x0000000000000efc        0x6 tasks.o

.text           0x0000000000000f02        0x4
 .text          0x0000000000000f02        0x4 C:/Program Files (x86)/Atmel/Studio/7.0/Packs/atmel/ATmega_DFP/1.7.374/xc8/avr/lib/avr5/memx-const/crtatmega32.o
                0x0000000000000f02                __vector_1
                0x0000000000000f02                __vector_12
                0x0000000000000f02                __bad_interrupt
                0x0000000000000f02                __vector_6
                0x0000000000000f02                __vector_3
                0x0000000000000f02                __vector_11
                0x0000000000000f02                __vector_13
                0x0000000000000f02                __vector_17
                0x0000000000000f02                __vector_19
                0x0000000000000f02                __vector_5
                0x0000000000000f02                __vector_4
                0x0000000000000f02                __vector_9
                0x0000000000000f02                __vector_2
                0x0000000000000f02                __vector_15
                0x0000000000000f02                __vector_8
                0x0000000000000f02                __vector_14
                0x0000000000000f02                __vector_10
                0x0000000000000f02                __vector_16
                0x0000000000000f02                __vector_18
                0x0000000000000f02                __vector_20

.text._Exit     0x0000000000000f06        0x4
 .text._Exit    0x0000000000000f06        0x4 c:/program files/microchip/xc8/v2.36/avr/bin/../lib/gcc/avr/5.4.0/../../../../avr/lib/avr5/memx-const\libc.a(_Exit.o)
                0x0000000000000f06                _Exit

.text.vPortFree
                0x0000000000000f0a        0x2
 .text.vPortFree
                0x0000000000000f0a        0x2 heap_1.o
                0x0000000000000f0a                vPortFree

.text.__dummy_fini
                0x0000000000000f0c        0x2
 .text.__dummy_fini
                0x0000000000000f0c        0x2 c:/program files/microchip/xc8/v2.36/avr/bin/../lib/gcc/avr/5.4.0/../../../../avr/lib/avr5/memx-const\libc.a(exit.o)
                0x0000000000000f0c                _fini

.text.__dummy_funcs_on_exit
                0x0000000000000f0e        0x2
 .text.__dummy_funcs_on_exit
                0x0000000000000f0e        0x2 c:/program files/microchip/xc8/v2.36/avr/bin/../lib/gcc/avr/5.4.0/../../../../avr/lib/avr5/memx-const\libc.a(exit.o)
                0x0000000000000f0e                __funcs_on_exit

.text.__dummy_simulator_exit
                0x0000000000000f10        0x2
 .text.__dummy_simulator_exit
                0x0000000000000f10        0x2 c:/program files/microchip/xc8/v2.36/avr/bin/../lib/gcc/avr/5.4.0/../../../../avr/lib/avr5/memx-const\libc.a(exit.o)
                0x0000000000000f10                __simulator_exit
