Archive member included to satisfy reference by file (symbol)

c:/program files/microchip/xc8/v2.36/avr/bin/../lib/gcc/avr/5.4.0/avr5/memx-const\libgcc.a(_udivmodhi4.o)
                              queue.o (__udivmodhi4)
c:/program files/microchip/xc8/v2.36/avr/bin/../lib/gcc/avr/5.4.0/avr5/memx-const\libgcc.a(_copy_data.o)
                              heap_1.o (__do_clear_bss)
c:/program files/microchip/xc8/v2.36/avr/bin/../lib/gcc/avr/5.4.0/avr5/memx-const\libgcc.a(_umulhisi3.o)
                              LCD_program.o (__umulhisi3)
c:/program files/microchip/xc8/v2.36/avr/bin/../lib/gcc/avr/5.4.0/avr5/memx-const\libgcc.a(_xload_2.o)
                              queue.o (__xload_2)
c:/program files/microchip/xc8/v2.36/avr/bin/../lib/gcc/avr/5.4.0/../../../../avr/lib/avr5/memx-const\libc.a(exit.o)
                              C:/Program Files (x86)/Atmel/Studio/7.0/Packs/atmel/ATmega_DFP/1.7.374/xc8/avr/lib/avr5/memx-const/crtatmega32.o (exit)
c:/program files/microchip/xc8/v2.36/avr/bin/../lib/gcc/avr/5.4.0/../../../../avr/lib/avr5/memx-const\libc.a(memcpy.o)
                              queue.o (memcpy)
c:/program files/microchip/xc8/v2.36/avr/bin/../lib/gcc/avr/5.4.0/../../../../avr/lib/avr5/memx-const\libc.a(_Exit.o)
                              c:/program files/microchip/xc8/v2.36/avr/bin/../lib/gcc/avr/5.4.0/../../../../avr/lib/avr5/memx-const\libc.a(exit.o) (_Exit)
c:/program files/microchip/xc8/v2.36/avr/bin/../lib/gcc/avr/5.4.0/avr5/memx-const\libgcc.a(_exit.o)
                              c:/program files/microchip/xc8/v2.36/avr/bin/../lib/gcc/avr/5.4.0/../../../../avr/lib/avr5/memx-const\libc.a(_Exit.o) (_exit)

Allocating common symbols
Common symbol       size              file

xQueue2             0x2               main.o
xQueueSet           0x2               main.o
xQueue1             0x2               main.o

Discarded input sections

 .data          0x0000000000000000        0x0 C:/Program Files (x86)/Atmel/Studio/7.0/Packs/atmel/ATmega_DFP/1.7.374/xc8/avr/lib/avr5/memx-const/crtatmega32.o
 .bss           0x0000000000000000        0x0 C:/Program Files (x86)/Atmel/Studio/7.0/Packs/atmel/ATmega_DFP/1.7.374/xc8/avr/lib/avr5/memx-const/crtatmega32.o
 .text          0x0000000000000000        0x0 DIO_prog.o
 .data          0x0000000000000000        0x0 DIO_prog.o
 .bss           0x0000000000000000        0x0 DIO_prog.o
 .text.DIO_voidInit
                0x0000000000000000       0x1c DIO_prog.o
 .text.DIO_u8SetPinDirection
                0x0000000000000000      0x134 DIO_prog.o
 .text.DIO_u8SetPinValue
                0x0000000000000000      0x102 DIO_prog.o
 .text.DIO_u8GetPinValue
                0x0000000000000000       0xbc DIO_prog.o
 .text.DIO_u8SetPortDirection
                0x0000000000000000       0x8c DIO_prog.o
 .text.DIO_u8SetPortValue
                0x0000000000000000       0x22 DIO_prog.o
 .text.DIO_u8GetPortValue
                0x0000000000000000       0x4c DIO_prog.o
 .debug_info    0x0000000000000000      0x50a DIO_prog.o
 .debug_abbrev  0x0000000000000000       0xee DIO_prog.o
 .debug_loc     0x0000000000000000      0x6ce DIO_prog.o
 .debug_aranges
                0x0000000000000000       0x50 DIO_prog.o
 .debug_ranges  0x0000000000000000       0x40 DIO_prog.o
 .debug_line    0x0000000000000000      0x465 DIO_prog.o
 .debug_str     0x0000000000000000       0x3e DIO_prog.o
 .comment       0x0000000000000000       0x30 DIO_prog.o
 .debug_frame   0x0000000000000000       0x84 DIO_prog.o
 .text          0x0000000000000000        0x0 heap_1.o
 .data          0x0000000000000000        0x0 heap_1.o
 .bss           0x0000000000000000        0x0 heap_1.o
 .text.vPortInitialiseBlocks
                0x0000000000000000        0xa heap_1.o
 .text.xPortGetFreeHeapSize
                0x0000000000000000       0x12 heap_1.o
 .text          0x0000000000000000        0x0 LCD_program.o
 .data          0x0000000000000000        0x0 LCD_program.o
 .bss           0x0000000000000000        0x0 LCD_program.o
 .text.HLCD_vShowInt
                0x0000000000000000       0xc2 LCD_program.o
 .text.HLCD_vWriteNextChar
                0x0000000000000000       0x16 LCD_program.o
 .text.HLCD_vClearDisplay
                0x0000000000000000       0x14 LCD_program.o
 .text.HLCD_vshowString
                0x0000000000000000        0x6 LCD_program.o
 .text.HLCD_u8GotoXY
                0x0000000000000000       0x2e LCD_program.o
 .text          0x0000000000000000        0x0 list.o
 .data          0x0000000000000000        0x0 list.o
 .bss           0x0000000000000000        0x0 list.o
 .text.vListInsertEnd
                0x0000000000000000       0x42 list.o
 .text          0x0000000000000000        0x0 main.o
 .data          0x0000000000000000        0x0 main.o
 .bss           0x0000000000000000        0x0 main.o
 .text          0x0000000000000000        0x0 port.o
 .data          0x0000000000000000        0x0 port.o
 .bss           0x0000000000000000        0x0 port.o
 .text.vPortEndScheduler
                0x0000000000000000        0x2 port.o
 .text.vPortYieldFromTick
                0x0000000000000000       0xb8 port.o
 .text          0x0000000000000000        0x0 queue.o
 .data          0x0000000000000000        0x0 queue.o
 .bss           0x0000000000000000        0x0 queue.o
 .text.xQueueGenericSendFromISR
                0x0000000000000000       0xbc queue.o
 .text.xQueueGiveFromISR
                0x0000000000000000       0xa2 queue.o
 .text.xQueueSemaphoreTake
                0x0000000000000000      0x108 queue.o
 .text.xQueuePeek
                0x0000000000000000      0x124 queue.o
 .text.xQueueReceiveFromISR
                0x0000000000000000       0x7e queue.o
 .text.xQueuePeekFromISR
                0x0000000000000000       0x2e queue.o
 .text.uxQueueMessagesWaiting
                0x0000000000000000       0x10 queue.o
 .text.uxQueueSpacesAvailable
                0x0000000000000000       0x16 queue.o
 .text.uxQueueMessagesWaitingFromISR
                0x0000000000000000        0x6 queue.o
 .text.vQueueDelete
                0x0000000000000000        0x6 queue.o
 .text.xQueueIsQueueEmptyFromISR
                0x0000000000000000       0x10 queue.o
 .text.xQueueIsQueueFullFromISR
                0x0000000000000000       0x12 queue.o
 .text.xQueueRemoveFromSet
                0x0000000000000000       0x2c queue.o
 .text.xQueueSelectFromSetFromISR
                0x0000000000000000       0x2a queue.o
 .text          0x0000000000000000        0x0 tasks.o
 .data          0x0000000000000000        0x0 tasks.o
 .bss           0x0000000000000000        0x0 tasks.o
 .text.prvTaskIsTaskSuspended
                0x0000000000000000       0x42 tasks.o
 .text.vTaskDelete
                0x0000000000000000       0xb0 tasks.o
 .text.uxTaskPriorityGet
                0x0000000000000000       0x2a tasks.o
 .text.uxTaskPriorityGetFromISR
                0x0000000000000000       0x20 tasks.o
 .text.vTaskPrioritySet
                0x0000000000000000      0x10e tasks.o
 .text.vTaskResume
                0x0000000000000000       0xc0 tasks.o
 .text.xTaskResumeFromISR
                0x0000000000000000       0xda tasks.o
 .text.vTaskEndScheduler
                0x0000000000000000        0xc tasks.o
 .text.xTaskGetTickCountFromISR
                0x0000000000000000        0xa tasks.o
 .text.pcTaskGetName
                0x0000000000000000       0x10 tasks.o
 .text.vTaskDelay
                0x0000000000000000       0x2c tasks.o
 .text.xTaskCatchUpTicks
                0x0000000000000000       0x32 tasks.o
 .text.vTaskSuspend
                0x0000000000000000       0xc2 tasks.o
 .text.vTaskPlaceOnUnorderedEventList
                0x0000000000000000       0x8c tasks.o
 .text.vTaskRemoveFromUnorderedEventList
                0x0000000000000000      0x14c tasks.o
 .text.vTaskSetTimeOutState
                0x0000000000000000       0x20 tasks.o
 .text.xTaskGetCurrentTaskHandle
                0x0000000000000000        0xa tasks.o
 .text.uxTaskResetEventItemValue
                0x0000000000000000       0x2e tasks.o
 .text.ulTaskGenericNotifyTake
                0x0000000000000000      0x106 tasks.o
 .text.xTaskGenericNotifyWait
                0x0000000000000000      0x142 tasks.o
 .text.xTaskGenericNotify
                0x0000000000000000      0x1fa tasks.o
 .text.xTaskGenericNotifyFromISR
                0x0000000000000000      0x260 tasks.o
 .text.vTaskGenericNotifyGiveFromISR
                0x0000000000000000      0x194 tasks.o
 .text.xTaskGenericNotifyStateClear
                0x0000000000000000       0x34 tasks.o
 .text.ulTaskGenericNotifyValueClear
                0x0000000000000000       0x6c tasks.o
 .text          0x0000000000000000        0x0 c:/program files/microchip/xc8/v2.36/avr/bin/../lib/gcc/avr/5.4.0/avr5/memx-const\libgcc.a(_udivmodhi4.o)
 .data          0x0000000000000000        0x0 c:/program files/microchip/xc8/v2.36/avr/bin/../lib/gcc/avr/5.4.0/avr5/memx-const\libgcc.a(_udivmodhi4.o)
 .bss           0x0000000000000000        0x0 c:/program files/microchip/xc8/v2.36/avr/bin/../lib/gcc/avr/5.4.0/avr5/memx-const\libgcc.a(_udivmodhi4.o)
 .text.libgcc.mul
                0x0000000000000000        0x0 c:/program files/microchip/xc8/v2.36/avr/bin/../lib/gcc/avr/5.4.0/avr5/memx-const\libgcc.a(_udivmodhi4.o)
 .stack.descriptors
                0x0000000000000000       0x1a c:/program files/microchip/xc8/v2.36/avr/bin/../lib/gcc/avr/5.4.0/avr5/memx-const\libgcc.a(_udivmodhi4.o)
 .text.libgcc   0x0000000000000000        0x0 c:/program files/microchip/xc8/v2.36/avr/bin/../lib/gcc/avr/5.4.0/avr5/memx-const\libgcc.a(_udivmodhi4.o)
 .text.libgcc.prologue
                0x0000000000000000        0x0 c:/program files/microchip/xc8/v2.36/avr/bin/../lib/gcc/avr/5.4.0/avr5/memx-const\libgcc.a(_udivmodhi4.o)
 .text.libgcc.builtins
                0x0000000000000000        0x0 c:/program files/microchip/xc8/v2.36/avr/bin/../lib/gcc/avr/5.4.0/avr5/memx-const\libgcc.a(_udivmodhi4.o)
 .text.libgcc.fmul
                0x0000000000000000        0x0 c:/program files/microchip/xc8/v2.36/avr/bin/../lib/gcc/avr/5.4.0/avr5/memx-const\libgcc.a(_udivmodhi4.o)
 .text.libgcc.fixed
                0x0000000000000000        0x0 c:/program files/microchip/xc8/v2.36/avr/bin/../lib/gcc/avr/5.4.0/avr5/memx-const\libgcc.a(_udivmodhi4.o)
 .text          0x0000000000000000        0x0 c:/program files/microchip/xc8/v2.36/avr/bin/../lib/gcc/avr/5.4.0/avr5/memx-const\libgcc.a(_copy_data.o)
 .data          0x0000000000000000        0x0 c:/program files/microchip/xc8/v2.36/avr/bin/../lib/gcc/avr/5.4.0/avr5/memx-const\libgcc.a(_copy_data.o)
 .bss           0x0000000000000000        0x0 c:/program files/microchip/xc8/v2.36/avr/bin/../lib/gcc/avr/5.4.0/avr5/memx-const\libgcc.a(_copy_data.o)
 .text.libgcc.mul
                0x0000000000000000        0x0 c:/program files/microchip/xc8/v2.36/avr/bin/../lib/gcc/avr/5.4.0/avr5/memx-const\libgcc.a(_copy_data.o)
 .text.libgcc.div
                0x0000000000000000        0x0 c:/program files/microchip/xc8/v2.36/avr/bin/../lib/gcc/avr/5.4.0/avr5/memx-const\libgcc.a(_copy_data.o)
 .text.libgcc   0x0000000000000000        0x0 c:/program files/microchip/xc8/v2.36/avr/bin/../lib/gcc/avr/5.4.0/avr5/memx-const\libgcc.a(_copy_data.o)
 .text.libgcc.prologue
                0x0000000000000000        0x0 c:/program files/microchip/xc8/v2.36/avr/bin/../lib/gcc/avr/5.4.0/avr5/memx-const\libgcc.a(_copy_data.o)
 .text.libgcc.builtins
                0x0000000000000000        0x0 c:/program files/microchip/xc8/v2.36/avr/bin/../lib/gcc/avr/5.4.0/avr5/memx-const\libgcc.a(_copy_data.o)
 .text.libgcc.fmul
                0x0000000000000000        0x0 c:/program files/microchip/xc8/v2.36/avr/bin/../lib/gcc/avr/5.4.0/avr5/memx-const\libgcc.a(_copy_data.o)
 .text.libgcc.fixed
                0x0000000000000000        0x0 c:/program files/microchip/xc8/v2.36/avr/bin/../lib/gcc/avr/5.4.0/avr5/memx-const\libgcc.a(_copy_data.o)
 .text          0x0000000000000000        0x0 c:/program files/microchip/xc8/v2.36/avr/bin/../lib/gcc/avr/5.4.0/avr5/memx-const\libgcc.a(_umulhisi3.o)
 .data          0x0000000000000000        0x0 c:/program files/microchip/xc8/v2.36/avr/bin/../lib/gcc/avr/5.4.0/avr5/memx-const\libgcc.a(_umulhisi3.o)
 .bss           0x0000000000000000        0x0 c:/program files/microchip/xc8/v2.36/avr/bin/../lib/gcc/avr/5.4.0/avr5/memx-const\libgcc.a(_umulhisi3.o)
 .text.libgcc.mul
                0x0000000000000000       0x1e c:/program files/microchip/xc8/v2.36/avr/bin/../lib/gcc/avr/5.4.0/avr5/memx-const\libgcc.a(_umulhisi3.o)
 .stack.descriptors.hdr
                0x0000000000000000        0xe c:/program files/microchip/xc8/v2.36/avr/bin/../lib/gcc/avr/5.4.0/avr5/memx-const\libgcc.a(_umulhisi3.o)
 .stack.descriptors
                0x0000000000000000       0x19 c:/program files/microchip/xc8/v2.36/avr/bin/../lib/gcc/avr/5.4.0/avr5/memx-const\libgcc.a(_umulhisi3.o)
 .text.libgcc.div
                0x0000000000000000        0x0 c:/program files/microchip/xc8/v2.36/avr/bin/../lib/gcc/avr/5.4.0/avr5/memx-const\libgcc.a(_umulhisi3.o)
 .text.libgcc   0x0000000000000000        0x0 c:/program files/microchip/xc8/v2.36/avr/bin/../lib/gcc/avr/5.4.0/avr5/memx-const\libgcc.a(_umulhisi3.o)
 .text.libgcc.prologue
                0x0000000000000000        0x0 c:/program files/microchip/xc8/v2.36/avr/bin/../lib/gcc/avr/5.4.0/avr5/memx-const\libgcc.a(_umulhisi3.o)
 .text.libgcc.builtins
                0x0000000000000000        0x0 c:/program files/microchip/xc8/v2.36/avr/bin/../lib/gcc/avr/5.4.0/avr5/memx-const\libgcc.a(_umulhisi3.o)
 .text.libgcc.fmul
                0x0000000000000000        0x0 c:/program files/microchip/xc8/v2.36/avr/bin/../lib/gcc/avr/5.4.0/avr5/memx-const\libgcc.a(_umulhisi3.o)
 .text.libgcc.fixed
                0x0000000000000000        0x0 c:/program files/microchip/xc8/v2.36/avr/bin/../lib/gcc/avr/5.4.0/avr5/memx-const\libgcc.a(_umulhisi3.o)
 .text          0x0000000000000000        0x0 c:/program files/microchip/xc8/v2.36/avr/bin/../lib/gcc/avr/5.4.0/avr5/memx-const\libgcc.a(_xload_2.o)
 .data          0x0000000000000000        0x0 c:/program files/microchip/xc8/v2.36/avr/bin/../lib/gcc/avr/5.4.0/avr5/memx-const\libgcc.a(_xload_2.o)
 .bss           0x0000000000000000        0x0 c:/program files/microchip/xc8/v2.36/avr/bin/../lib/gcc/avr/5.4.0/avr5/memx-const\libgcc.a(_xload_2.o)
 .text.libgcc.mul
                0x0000000000000000        0x0 c:/program files/microchip/xc8/v2.36/avr/bin/../lib/gcc/avr/5.4.0/avr5/memx-const\libgcc.a(_xload_2.o)
 .text.libgcc.div
                0x0000000000000000        0x0 c:/program files/microchip/xc8/v2.36/avr/bin/../lib/gcc/avr/5.4.0/avr5/memx-const\libgcc.a(_xload_2.o)
 .text.libgcc.prologue
                0x0000000000000000        0x0 c:/program files/microchip/xc8/v2.36/avr/bin/../lib/gcc/avr/5.4.0/avr5/memx-const\libgcc.a(_xload_2.o)
 .stack.descriptors
                0x0000000000000000       0x17 c:/program files/microchip/xc8/v2.36/avr/bin/../lib/gcc/avr/5.4.0/avr5/memx-const\libgcc.a(_xload_2.o)
 .text.libgcc.builtins
                0x0000000000000000        0x0 c:/program files/microchip/xc8/v2.36/avr/bin/../lib/gcc/avr/5.4.0/avr5/memx-const\libgcc.a(_xload_2.o)
 .text.libgcc.fmul
                0x0000000000000000        0x0 c:/program files/microchip/xc8/v2.36/avr/bin/../lib/gcc/avr/5.4.0/avr5/memx-const\libgcc.a(_xload_2.o)
 .text.libgcc.fixed
                0x0000000000000000        0x0 c:/program files/microchip/xc8/v2.36/avr/bin/../lib/gcc/avr/5.4.0/avr5/memx-const\libgcc.a(_xload_2.o)
 .text          0x0000000000000000        0x0 c:/program files/microchip/xc8/v2.36/avr/bin/../lib/gcc/avr/5.4.0/../../../../avr/lib/avr5/memx-const\libc.a(exit.o)
 .data          0x0000000000000000        0x0 c:/program files/microchip/xc8/v2.36/avr/bin/../lib/gcc/avr/5.4.0/../../../../avr/lib/avr5/memx-const\libc.a(exit.o)
 .bss           0x0000000000000000        0x0 c:/program files/microchip/xc8/v2.36/avr/bin/../lib/gcc/avr/5.4.0/../../../../avr/lib/avr5/memx-const\libc.a(exit.o)
 .text          0x0000000000000000        0x0 c:/program files/microchip/xc8/v2.36/avr/bin/../lib/gcc/avr/5.4.0/../../../../avr/lib/avr5/memx-const\libc.a(memcpy.o)
 .data          0x0000000000000000        0x0 c:/program files/microchip/xc8/v2.36/avr/bin/../lib/gcc/avr/5.4.0/../../../../avr/lib/avr5/memx-const\libc.a(memcpy.o)
 .bss           0x0000000000000000        0x0 c:/program files/microchip/xc8/v2.36/avr/bin/../lib/gcc/avr/5.4.0/../../../../avr/lib/avr5/memx-const\libc.a(memcpy.o)
 .text          0x0000000000000000        0x0 c:/program files/microchip/xc8/v2.36/avr/bin/../lib/gcc/avr/5.4.0/../../../../avr/lib/avr5/memx-const\libc.a(_Exit.o)
 .data          0x0000000000000000        0x0 c:/program files/microchip/xc8/v2.36/avr/bin/../lib/gcc/avr/5.4.0/../../../../avr/lib/avr5/memx-const\libc.a(_Exit.o)
 .bss           0x0000000000000000        0x0 c:/program files/microchip/xc8/v2.36/avr/bin/../lib/gcc/avr/5.4.0/../../../../avr/lib/avr5/memx-const\libc.a(_Exit.o)
 .text          0x0000000000000000        0x0 c:/program files/microchip/xc8/v2.36/avr/bin/../lib/gcc/avr/5.4.0/avr5/memx-const\libgcc.a(_exit.o)
 .data          0x0000000000000000        0x0 c:/program files/microchip/xc8/v2.36/avr/bin/../lib/gcc/avr/5.4.0/avr5/memx-const\libgcc.a(_exit.o)
 .bss           0x0000000000000000        0x0 c:/program files/microchip/xc8/v2.36/avr/bin/../lib/gcc/avr/5.4.0/avr5/memx-const\libgcc.a(_exit.o)
 .text.libgcc.mul
                0x0000000000000000        0x0 c:/program files/microchip/xc8/v2.36/avr/bin/../lib/gcc/avr/5.4.0/avr5/memx-const\libgcc.a(_exit.o)
 .text.libgcc.div
                0x0000000000000000        0x0 c:/program files/microchip/xc8/v2.36/avr/bin/../lib/gcc/avr/5.4.0/avr5/memx-const\libgcc.a(_exit.o)
 .text.libgcc   0x0000000000000000        0x0 c:/program files/microchip/xc8/v2.36/avr/bin/../lib/gcc/avr/5.4.0/avr5/memx-const\libgcc.a(_exit.o)
 .text.libgcc.prologue
                0x0000000000000000        0x0 c:/program files/microchip/xc8/v2.36/avr/bin/../lib/gcc/avr/5.4.0/avr5/memx-const\libgcc.a(_exit.o)
 .stack.descriptors
                0x0000000000000000       0x13 c:/program files/microchip/xc8/v2.36/avr/bin/../lib/gcc/avr/5.4.0/avr5/memx-const\libgcc.a(_exit.o)
 .text.libgcc.builtins
                0x0000000000000000        0x0 c:/program files/microchip/xc8/v2.36/avr/bin/../lib/gcc/avr/5.4.0/avr5/memx-const\libgcc.a(_exit.o)
 .text.libgcc.fmul
                0x0000000000000000        0x0 c:/program files/microchip/xc8/v2.36/avr/bin/../lib/gcc/avr/5.4.0/avr5/memx-const\libgcc.a(_exit.o)
 .text.libgcc.fixed
                0x0000000000000000        0x0 c:/program files/microchip/xc8/v2.36/avr/bin/../lib/gcc/avr/5.4.0/avr5/memx-const\libgcc.a(_exit.o)

Memory Configuration

Name             Origin             Length             Attributes
text             0x0000000000000000 0x0000000000008000 xr
data             0x0000000000800060 0x0000000000000800 rw !x
eeprom           0x0000000000810000 0x0000000000000400 rw !x
fuse             0x0000000000820000 0x0000000000000002 rw !x
lock             0x0000000000830000 0x0000000000000400 rw !x
signature        0x0000000000840000 0x0000000000000400 rw !x
user_signatures  0x0000000000850000 0x0000000000000400 rw !x
*default*        0x0000000000000000 0xffffffffffffffff

Linker script and memory map

LOAD C:/Program Files (x86)/Atmel/Studio/7.0/Packs/atmel/ATmega_DFP/1.7.374/xc8/avr/lib/avr5/memx-const/crtatmega32.o
LOAD DIO_prog.o
LOAD heap_1.o
LOAD LCD_program.o
LOAD list.o
LOAD main.o
LOAD port.o
LOAD queue.o
LOAD tasks.o
START GROUP
LOAD c:/program files/microchip/xc8/v2.36/avr/bin/../lib/gcc/avr/5.4.0/../../../../avr/lib/avr5/memx-const\libm.a
END GROUP
START GROUP
LOAD c:/program files/microchip/xc8/v2.36/avr/bin/../lib/gcc/avr/5.4.0/avr5/memx-const\libgcc.a
LOAD c:/program files/microchip/xc8/v2.36/avr/bin/../lib/gcc/avr/5.4.0/../../../../avr/lib/avr5/memx-const\libm.a
LOAD c:/program files/microchip/xc8/v2.36/avr/bin/../lib/gcc/avr/5.4.0/../../../../avr/lib/avr5/memx-const\libc.a
LOAD C:/Program Files (x86)/Atmel/Studio/7.0/Packs/atmel/ATmega_DFP/1.7.374/xc8/avr/lib/avr5/memx-const\libatmega32.a
END GROUP
                0x0000000000000000                __TEXT_REGION_ORIGIN__ = DEFINED (__TEXT_REGION_ORIGIN__)?__TEXT_REGION_ORIGIN__:0x0
                [0x0000000000800060]                __DATA_REGION_ORIGIN__ = DEFINED (__DATA_REGION_ORIGIN__)?__DATA_REGION_ORIGIN__:0x800060
                [0x0000000000008000]                __TEXT_REGION_LENGTH__ = DEFINED (__TEXT_REGION_LENGTH__)?__TEXT_REGION_LENGTH__:0x20000
                [0x0000000000000800]                __DATA_REGION_LENGTH__ = DEFINED (__DATA_REGION_LENGTH__)?__DATA_REGION_LENGTH__:0xffa0
                [0x0000000000000400]                __EEPROM_REGION_LENGTH__ = DEFINED (__EEPROM_REGION_LENGTH__)?__EEPROM_REGION_LENGTH__:0x10000
                [0x0000000000000002]                __FUSE_REGION_LENGTH__ = DEFINED (__FUSE_REGION_LENGTH__)?__FUSE_REGION_LENGTH__:0x400
                0x0000000000000400                __LOCK_REGION_LENGTH__ = DEFINED (__LOCK_REGION_LENGTH__)?__LOCK_REGION_LENGTH__:0x400
                0x0000000000000400                __SIGNATURE_REGION_LENGTH__ = DEFINED (__SIGNATURE_REGION_LENGTH__)?__SIGNATURE_REGION_LENGTH__:0x400
                0x0000000000000400                __USER_SIGNATURE_REGION_LENGTH__ = DEFINED (__USER_SIGNATURE_REGION_LENGTH__)?__USER_SIGNATURE_REGION_LENGTH__:0x400

.hash
 *(.hash)

.dynsym
 *(.dynsym)

.dynstr
 *(.dynstr)

.gnu.version
 *(.gnu.version)

.gnu.version_d
 *(.gnu.version_d)

.gnu.version_r
 *(.gnu.version_r)

.rel.init
 *(.rel.init)

.rela.init
 *(.rela.init)

.rel.text
 *(.rel.text)
 *(.rel.text.*)
 *(.rel.gnu.linkonce.t*)

.rela.text
 *(.rela.text)
 *(.rela.text.*)
 *(.rela.gnu.linkonce.t*)

.rel.fini
 *(.rel.fini)

.rela.fini
 *(.rela.fini)

.rel.rodata
 *(.rel.rodata)
 *(.rel.rodata.*)
 *(.rel.gnu.linkonce.r*)

.rela.rodata
 *(.rela.rodata)
 *(.rela.rodata.*)
 *(.rela.gnu.linkonce.r*)

.rel.data
 *(.rel.data)
 *(.rel.data.*)
 *(.rel.gnu.linkonce.d*)

.rela.data
 *(.rela.data)
 *(.rela.data.*)
 *(.rela.gnu.linkonce.d*)

.rel.ctors
 *(.rel.ctors)

.rela.ctors
 *(.rela.ctors)

.rel.dtors
 *(.rel.dtors)

.rela.dtors
 *(.rela.dtors)

.rel.got
 *(.rel.got)

.rela.got
 *(.rela.got)

.rel.bss
 *(.rel.bss)

.rela.bss
 *(.rela.bss)

.rel.plt
 *(.rel.plt)

.rela.plt
 *(.rela.plt)

.text           0x0000000000000000       0xae
 *(.vectors)
 .vectors       0x0000000000000000       0x54 C:/Program Files (x86)/Atmel/Studio/7.0/Packs/atmel/ATmega_DFP/1.7.374/xc8/avr/lib/avr5/memx-const/crtatmega32.o
                0x0000000000000000                __vector_default
                0x0000000000000000                __vectors
 *(.vectors)
 *(.progmem.gcc*)
 *(.dinit)
 .dinit         0x0000000000000054        0x5 data_init
                0x000000000000005a                . = ALIGN (0x2)
 *fill*         0x0000000000000059        0x1 
                0x000000000000005a                __trampolines_start = .
 *(.trampolines)
 .trampolines   0x000000000000005a        0x0 linker stubs
 *(.trampolines*)
                0x000000000000005a                __trampolines_end = .
 *libprintf_flt.a:*(.progmem.data)
 *libc.a:*(.progmem.data)
                0x000000000000005a                . = ALIGN (0x2)
 *(.jumptables)
 *(.jumptables*)
 *(.lowtext)
 *(.lowtext*)
                0x000000000000005a                __ctors_start = .
 *(.ctors)
                0x000000000000005a                __ctors_end = .
                0x000000000000005a                __dtors_start = .
 *(.dtors)
                0x000000000000005a                __dtors_end = .
 SORT(*)(.ctors)
 SORT(*)(.dtors)
 *(.init0)
 .init0         0x000000000000005a        0x0 C:/Program Files (x86)/Atmel/Studio/7.0/Packs/atmel/ATmega_DFP/1.7.374/xc8/avr/lib/avr5/memx-const/crtatmega32.o
                0x000000000000005a                __init
 *(.init0)
 *(.init1)
 *(.init1)
 *(.init2)
 .init2         0x000000000000005a        0xc C:/Program Files (x86)/Atmel/Studio/7.0/Packs/atmel/ATmega_DFP/1.7.374/xc8/avr/lib/avr5/memx-const/crtatmega32.o
 *(.init2)
 *(.init3)
 *(.init3)
 *(.init4)
 .init4         0x0000000000000066       0x3c c:/program files/microchip/xc8/v2.36/avr/bin/../lib/gcc/avr/5.4.0/avr5/memx-const\libgcc.a(_copy_data.o)
                0x0000000000000066                __do_copy_data
                0x0000000000000094                __do_clear_bss
 *(.init4)
 *(.init5)
 *(.init5)
 *(.init6)
 *(.init6)
 *(.init7)
 *(.init7)
 *(.init8)
 *(.init8)
 *(.init9)
 .init9         0x00000000000000a2        0x8 C:/Program Files (x86)/Atmel/Studio/7.0/Packs/atmel/ATmega_DFP/1.7.374/xc8/avr/lib/avr5/memx-const/crtatmega32.o
 *(.init9)
                0x00000000000000aa                . = ALIGN (0x2)
 *(.fini9)
 .fini9         0x00000000000000aa        0x0 c:/program files/microchip/xc8/v2.36/avr/bin/../lib/gcc/avr/5.4.0/avr5/memx-const\libgcc.a(_exit.o)
                0x00000000000000aa                _exit
 *(.fini9)
 *(.fini8)
 *(.fini8)
 *(.fini7)
 *(.fini7)
 *(.fini6)
 *(.fini6)
 *(.fini5)
 *(.fini5)
 *(.fini4)
 *(.fini4)
 *(.fini3)
 *(.fini3)
 *(.fini2)
 *(.fini2)
 *(.fini1)
 *(.fini1)
 *(.fini0)
 .fini0         0x00000000000000aa        0x4 c:/program files/microchip/xc8/v2.36/avr/bin/../lib/gcc/avr/5.4.0/avr5/memx-const\libgcc.a(_exit.o)
 *(.fini0)
                0x00000000000000ae                _etext = .

.data           0x0000000000800060        0x0 load address 0x00000000000000ae
                [!provide]                        PROVIDE (__data_start, .)
 *(.gnu.linkonce.d*)
 *(.gnu.linkonce.r*)
                0x0000000000800060                . = ALIGN (0x2)
 *fill*         0x0000000000800060        0x0 
                0x0000000000800060                _edata = .
                [!provide]                        PROVIDE (__data_end, .)

.bss            0x0000000000800060        0x6
                [!provide]                        PROVIDE (__bss_start, .)
 *(COMMON)
 COMMON         0x0000000000800060        0x6 main.o
                0x0000000000800060                xQueue2
                0x0000000000800062                xQueueSet
                0x0000000000800064                xQueue1
                [!provide]                        PROVIDE (__bss_end, .)
                0x00000000000000ae                __data_load_start = LOADADDR (.data)
                0x00000000000000ae                __data_load_end = (__data_load_start + SIZEOF (.data))

.noinit         0x0000000000800066        0x0
                [!provide]                        PROVIDE (__noinit_start, .)
 *(.noinit*)
                [!provide]                        PROVIDE (__noinit_end, .)
                0x0000000000800066                _end = .

.eeprom         0x0000000000810000        0x0
 *(.eeprom*)
                0x0000000000810000                __eeprom_end = .

.fuse
 *(.fuse)
 *(.lfuse)
 *(.hfuse)
 *(.efuse)

.lock
 *(.lock*)

.signature
 *(.signature*)

.user_signatures
 *(.user_signatures*)

.stab
 *(.stab)

.stabstr
 *(.stabstr)

.stab.excl
 *(.stab.excl)

.stab.exclstr
 *(.stab.exclstr)

.stab.index
 *(.stab.index)

.stab.indexstr
 *(.stab.indexstr)

.comment        0x0000000000000000       0x2f
 *(.comment)
 .comment       0x0000000000000000       0x2f heap_1.o
                                         0x30 (size before relaxing)
 .comment       0x000000000000002f       0x30 LCD_program.o
 .comment       0x000000000000002f       0x30 list.o
 .comment       0x000000000000002f       0x30 main.o
 .comment       0x000000000000002f       0x30 port.o
 .comment       0x000000000000002f       0x30 queue.o
 .comment       0x000000000000002f       0x30 tasks.o
 .comment       0x000000000000002f       0x30 c:/program files/microchip/xc8/v2.36/avr/bin/../lib/gcc/avr/5.4.0/../../../../avr/lib/avr5/memx-const\libc.a(exit.o)
 .comment       0x000000000000002f       0x30 c:/program files/microchip/xc8/v2.36/avr/bin/../lib/gcc/avr/5.4.0/../../../../avr/lib/avr5/memx-const\libc.a(memcpy.o)
 .comment       0x000000000000002f       0x30 c:/program files/microchip/xc8/v2.36/avr/bin/../lib/gcc/avr/5.4.0/../../../../avr/lib/avr5/memx-const\libc.a(_Exit.o)

.stack.descriptors.hdr
                0x0000000000000000       0x2a
 .stack.descriptors.hdr
                0x0000000000000000        0xe c:/program files/microchip/xc8/v2.36/avr/bin/../lib/gcc/avr/5.4.0/avr5/memx-const\libgcc.a(_udivmodhi4.o)
 .stack.descriptors.hdr
                0x000000000000000e        0xe c:/program files/microchip/xc8/v2.36/avr/bin/../lib/gcc/avr/5.4.0/avr5/memx-const\libgcc.a(_xload_2.o)
 .stack.descriptors.hdr
                0x000000000000001c        0xe c:/program files/microchip/xc8/v2.36/avr/bin/../lib/gcc/avr/5.4.0/avr5/memx-const\libgcc.a(_exit.o)

.note.GNU-stack
                0x0000000000000000        0x0
 .note.GNU-stack
                0x0000000000000000        0x0 c:/program files/microchip/xc8/v2.36/avr/bin/../lib/gcc/avr/5.4.0/../../../../avr/lib/avr5/memx-const\libc.a(exit.o)
 .note.GNU-stack
                0x0000000000000000        0x0 c:/program files/microchip/xc8/v2.36/avr/bin/../lib/gcc/avr/5.4.0/../../../../avr/lib/avr5/memx-const\libc.a(memcpy.o)
 .note.GNU-stack
                0x0000000000000000        0x0 c:/program files/microchip/xc8/v2.36/avr/bin/../lib/gcc/avr/5.4.0/../../../../avr/lib/avr5/memx-const\libc.a(_Exit.o)

.note.gnu.build-id
 *(.note.gnu.build-id)

.debug
 *(.debug)

.line
 *(.line)

.debug_srcinfo
 *(.debug_srcinfo)

.debug_sfnames
 *(.debug_sfnames)

.debug_aranges  0x0000000000000000      0x3e8
 *(.debug_aranges)
 .debug_aranges
                0x0000000000000000       0x38 heap_1.o
 .debug_aranges
                0x0000000000000038       0x60 LCD_program.o
 .debug_aranges
                0x0000000000000098       0x40 list.o
 .debug_aranges
                0x00000000000000d8       0x38 main.o
 .debug_aranges
                0x0000000000000110       0x50 port.o
 .debug_aranges
                0x0000000000000160       0xf8 queue.o
 .debug_aranges
                0x0000000000000258      0x190 tasks.o

.debug_pubnames
 *(.debug_pubnames)

.debug_info     0x0000000000000000     0x6783
 *(.debug_info .gnu.linkonce.wi.*)
 .debug_info    0x0000000000000000      0x4e6 C:/Program Files (x86)/Atmel/Studio/7.0/Packs/atmel/ATmega_DFP/1.7.374/xc8/avr/lib/avr5/memx-const/crtatmega32.o
 .debug_info    0x00000000000004e6      0x3cc heap_1.o
 .debug_info    0x00000000000008b2      0x966 LCD_program.o
 .debug_info    0x0000000000001218      0x55e list.o
 .debug_info    0x0000000000001776      0x7ee main.o
 .debug_info    0x0000000000001f64      0x4d4 port.o
 .debug_info    0x0000000000002438     0x1c51 queue.o
 .debug_info    0x0000000000004089     0x26fa tasks.o

.debug_abbrev   0x0000000000000000     0x10e2
 *(.debug_abbrev)
 .debug_abbrev  0x0000000000000000      0x4a3 C:/Program Files (x86)/Atmel/Studio/7.0/Packs/atmel/ATmega_DFP/1.7.374/xc8/avr/lib/avr5/memx-const/crtatmega32.o
 .debug_abbrev  0x00000000000004a3      0x111 heap_1.o
 .debug_abbrev  0x00000000000005b4      0x1cc LCD_program.o
 .debug_abbrev  0x0000000000000780      0x130 list.o
 .debug_abbrev  0x00000000000008b0      0x160 main.o
 .debug_abbrev  0x0000000000000a10      0x15f port.o
 .debug_abbrev  0x0000000000000b6f      0x272 queue.o
 .debug_abbrev  0x0000000000000de1      0x301 tasks.o

.debug_line     0x0000000000000000     0x2994
 *(.debug_line .debug_line.* .debug_line_end)
 .debug_line    0x0000000000000000      0x119 C:/Program Files (x86)/Atmel/Studio/7.0/Packs/atmel/ATmega_DFP/1.7.374/xc8/avr/lib/avr5/memx-const/crtatmega32.o
 .debug_line    0x0000000000000119      0x123 heap_1.o
 .debug_line    0x000000000000023c      0x382 LCD_program.o
 .debug_line    0x00000000000005be      0x1b6 list.o
 .debug_line    0x0000000000000774      0x1b2 main.o
 .debug_line    0x0000000000000926      0x284 port.o
 .debug_line    0x0000000000000baa      0xbff queue.o
 .debug_line    0x00000000000017a9     0x11eb tasks.o

.debug_frame    0x0000000000000000      0xcd4
 *(.debug_frame)
 .debug_frame   0x0000000000000000       0x60 heap_1.o
 .debug_frame   0x0000000000000060       0xd0 LCD_program.o
 .debug_frame   0x0000000000000130       0x88 list.o
 .debug_frame   0x00000000000001b8       0xa0 main.o
 .debug_frame   0x0000000000000258       0xcc port.o
 .debug_frame   0x0000000000000324      0x3b0 queue.o
 .debug_frame   0x00000000000006d4      0x600 tasks.o

.debug_str      0x0000000000000000      0x7ba
 *(.debug_str)
 .debug_str     0x0000000000000000      0x196 C:/Program Files (x86)/Atmel/Studio/7.0/Packs/atmel/ATmega_DFP/1.7.374/xc8/avr/lib/avr5/memx-const/crtatmega32.o
 .debug_str     0x0000000000000196       0x1f heap_1.o
 .debug_str     0x00000000000001b5       0x26 LCD_program.o
 .debug_str     0x00000000000001db       0x2b list.o
 .debug_str     0x0000000000000206       0xdb main.o
 .debug_str     0x00000000000002e1       0x26 port.o
 .debug_str     0x0000000000000307      0x25d queue.o
 .debug_str     0x0000000000000564      0x256 tasks.o

.debug_loc      0x0000000000000000     0x4e94
 *(.debug_loc)
 .debug_loc     0x0000000000000000      0x10f heap_1.o
 .debug_loc     0x000000000000010f      0x67e LCD_program.o
 .debug_loc     0x000000000000078d      0x145 list.o
 .debug_loc     0x00000000000008d2      0x1c8 main.o
 .debug_loc     0x0000000000000a9a      0x36b port.o
 .debug_loc     0x0000000000000e05     0x1ed2 queue.o
 .debug_loc     0x0000000000002cd7     0x21bd tasks.o

.debug_macinfo
 *(.debug_macinfo)

.debug_weaknames
 *(.debug_weaknames)

.debug_funcnames
 *(.debug_funcnames)

.debug_typenames
 *(.debug_typenames)

.debug_varnames
 *(.debug_varnames)

.debug_pubtypes
 *(.debug_pubtypes)

.debug_ranges   0x0000000000000000      0x3f8
 *(.debug_ranges)
 .debug_ranges  0x0000000000000000       0x28 heap_1.o
 .debug_ranges  0x0000000000000028       0x50 LCD_program.o
 .debug_ranges  0x0000000000000078       0x30 list.o
 .debug_ranges  0x00000000000000a8       0x28 main.o
 .debug_ranges  0x00000000000000d0       0x40 port.o
 .debug_ranges  0x0000000000000110      0x148 queue.o
 .debug_ranges  0x0000000000000258      0x1a0 tasks.o

.debug_macro
 *(.debug_macro)
OUTPUT(Lect3.elf elf32-avr)
LOAD linker stubs
LOAD data_init

.note.gnu.avr.deviceinfo
                0x0000000000000000       0x3c
 .note.gnu.avr.deviceinfo
                0x0000000000000000       0x3c C:/Program Files (x86)/Atmel/Studio/7.0/Packs/atmel/ATmega_DFP/1.7.374/xc8/avr/lib/avr5/memx-const/crtatmega32.o

.bss.pucAlignedHeap.2094
                0x0000000000800693        0x2
 .bss.pucAlignedHeap.2094
                0x0000000000800693        0x2 heap_1.o

.bss.xNextFreeByte
                0x0000000000800695        0x2
 .bss.xNextFreeByte
                0x0000000000800695        0x2 heap_1.o

.bss.ucHeap     0x0000000000800066      0x5dc
 .bss.ucHeap    0x0000000000800066      0x5dc heap_1.o

.bss.uxSchedulerSuspended
                0x00000000008006a5        0x1
 .bss.uxSchedulerSuspended
                0x00000000008006a5        0x1 tasks.o

.bss.xIdleTaskHandle
                0x0000000000800697        0x2
 .bss.xIdleTaskHandle
                0x0000000000800697        0x2 tasks.o

.bss.xNextTaskUnblockTime
                0x0000000000800699        0x2
 .bss.xNextTaskUnblockTime
                0x0000000000800699        0x2 tasks.o

.bss.uxTaskNumber
                0x00000000008006a6        0x1
 .bss.uxTaskNumber
                0x00000000008006a6        0x1 tasks.o

.bss.xNumOfOverflows
                0x00000000008006a7        0x1
 .bss.xNumOfOverflows
                0x00000000008006a7        0x1 tasks.o

.bss.xYieldPending
                0x00000000008006a8        0x1
 .bss.xYieldPending
                0x00000000008006a8        0x1 tasks.o

.bss.xPendedTicks
                0x000000000080069b        0x2
 .bss.xPendedTicks
                0x000000000080069b        0x2 tasks.o

.bss.xSchedulerRunning
                0x00000000008006a9        0x1
 .bss.xSchedulerRunning
                0x00000000008006a9        0x1 tasks.o

.bss.uxTopReadyPriority
                0x00000000008006aa        0x1
 .bss.uxTopReadyPriority
                0x00000000008006aa        0x1 tasks.o

.bss.xTickCount
                0x000000000080069d        0x2
 .bss.xTickCount
                0x000000000080069d        0x2 tasks.o

.bss.uxCurrentNumberOfTasks
                0x00000000008006ab        0x1
 .bss.uxCurrentNumberOfTasks
                0x00000000008006ab        0x1 tasks.o

.bss.xSuspendedTaskList
                0x0000000000800666        0x9
 .bss.xSuspendedTaskList
                0x0000000000800666        0x9 tasks.o

.bss.uxDeletedTasksWaitingCleanUp
                0x00000000008006ac        0x1
 .bss.uxDeletedTasksWaitingCleanUp
                0x00000000008006ac        0x1 tasks.o

.bss.xTasksWaitingTermination
                0x000000000080066f        0x9
 .bss.xTasksWaitingTermination
                0x000000000080066f        0x9 tasks.o

.bss.xPendingReadyList
                0x0000000000800678        0x9
 .bss.xPendingReadyList
                0x0000000000800678        0x9 tasks.o

.bss.pxOverflowDelayedTaskList
                0x000000000080069f        0x2
 .bss.pxOverflowDelayedTaskList
                0x000000000080069f        0x2 tasks.o

.bss.pxDelayedTaskList
                0x00000000008006a1        0x2
 .bss.pxDelayedTaskList
                0x00000000008006a1        0x2 tasks.o

.bss.xDelayedTaskList2
                0x0000000000800681        0x9
 .bss.xDelayedTaskList2
                0x0000000000800681        0x9 tasks.o

.bss.xDelayedTaskList1
                0x000000000080068a        0x9
 .bss.xDelayedTaskList1
                0x000000000080068a        0x9 tasks.o

.bss.pxReadyTasksLists
                0x0000000000800642       0x24
 .bss.pxReadyTasksLists
                0x0000000000800642       0x24 tasks.o

.bss.pxCurrentTCB
                0x00000000008006a3        0x2
 .bss.pxCurrentTCB
                0x00000000008006a3        0x2 tasks.o
                0x00000000008006a3                pxCurrentTCB

.progmemx.data  0x00000000000000ae       0x1f
 .progmemx.data
                0x00000000000000ae       0x1f main.o

.progmemx.data  0x00000000000000cd        0x6
 .progmemx.data
                0x00000000000000cd        0x6 tasks.o
                0x00000000000000d2                uxTopUsedPriority

.text.xTaskIncrementTick
                0x00000000000000d4      0x1de
 .text.xTaskIncrementTick
                0x00000000000000d4      0x1de tasks.o
                0x00000000000000d4                xTaskIncrementTick

.text.xTaskResumeAll
                0x00000000000002b2      0x19a
 .text.xTaskResumeAll
                0x00000000000002b2      0x19a tasks.o
                0x00000000000002b2                xTaskResumeAll

.text.xTaskRemoveFromEventList
                0x000000000000044c      0x184
 .text.xTaskRemoveFromEventList
                0x000000000000044c      0x184 tasks.o
                0x000000000000044c                xTaskRemoveFromEventList

.text.xQueueGenericSend
                0x00000000000005d0      0x13e
 .text.xQueueGenericSend
                0x00000000000005d0      0x13e queue.o
                0x00000000000005d0                xQueueGenericSend

.text.xQueueReceive
                0x000000000000070e      0x120
 .text.xQueueReceive
                0x000000000000070e      0x120 queue.o
                0x000000000000070e                xQueueReceive

.text.prvAddCurrentTaskToDelayedList
                0x000000000000082e      0x102
 .text.prvAddCurrentTaskToDelayedList
                0x000000000000082e      0x102 tasks.o

.text.prvAddNewTaskToReadyList
                0x0000000000000930       0xee
 .text.prvAddNewTaskToReadyList
                0x0000000000000930       0xee tasks.o

.text.prvInitialiseNewTask
                0x0000000000000a1e       0xea
 .text.prvInitialiseNewTask
                0x0000000000000a1e       0xea tasks.o

.text.main      0x0000000000000b08       0xe2
 .text.main     0x0000000000000b08       0xe2 main.o
                0x0000000000000b08                main

.text.xTaskCreate
                0x0000000000000bea       0xde
 .text.xTaskCreate
                0x0000000000000bea       0xde tasks.o
                0x0000000000000bea                xTaskCreate

.text.pxPortInitialiseStack
                0x0000000000000cc8       0xd8
 .text.pxPortInitialiseStack
                0x0000000000000cc8       0xd8 port.o
                0x0000000000000cc8                pxPortInitialiseStack

.text.xQueueGenericReset
                0x0000000000000da0       0xba
 .text.xQueueGenericReset
                0x0000000000000da0       0xba queue.o
                0x0000000000000da0                xQueueGenericReset

.text.vPortYield
                0x0000000000000e5a       0xb2
 .text.vPortYield
                0x0000000000000e5a       0xb2 port.o
                0x0000000000000e5a                vPortYield

.text.vTaskSwitchContext
                0x0000000000000f0c       0xa8
 .text.vTaskSwitchContext
                0x0000000000000f0c       0xa8 tasks.o
                0x0000000000000f0c                vTaskSwitchContext

.text.prvNotifyQueueSetContainer
                0x0000000000000fb4       0x98
 .text.prvNotifyQueueSetContainer
                0x0000000000000fb4       0x98 queue.o

.text.prvCopyDataToQueue
                0x000000000000104c       0x92
 .text.prvCopyDataToQueue
                0x000000000000104c       0x92 queue.o

.text.prvUnlockQueue
                0x00000000000010de       0x8a
 .text.prvUnlockQueue
                0x00000000000010de       0x8a queue.o

.text.xTaskDelayUntil
                0x0000000000001168       0x84
 .text.xTaskDelayUntil
                0x0000000000001168       0x84 tasks.o
                0x0000000000001168                xTaskDelayUntil

.text.xQueueGenericCreate
                0x00000000000011ec       0x82
 .text.xQueueGenericCreate
                0x00000000000011ec       0x82 queue.o
                0x00000000000011ec                xQueueGenericCreate

.text.xTaskCheckForTimeOut
                0x000000000000126e       0x7e
 .text.xTaskCheckForTimeOut
                0x000000000000126e       0x7e tasks.o
                0x000000000000126e                xTaskCheckForTimeOut

.text.HLCD_vInit
                0x00000000000012ec       0x76
 .text.HLCD_vInit
                0x00000000000012ec       0x76 LCD_program.o
                0x00000000000012ec                HLCD_vInit

.text.pvPortMalloc
                0x0000000000001362       0x74
 .text.pvPortMalloc
                0x0000000000001362       0x74 heap_1.o
                0x0000000000001362                pvPortMalloc

.text.prvInitialiseTaskLists
                0x00000000000013d6       0x6e
 .text.prvInitialiseTaskLists
                0x00000000000013d6       0x6e tasks.o

.text.HLCD_vsendData
                0x0000000000001444       0x68
 .text.HLCD_vsendData
                0x0000000000001444       0x68 LCD_program.o
                0x0000000000001444                HLCD_vsendData

.text.HLCD_vsendCommand
                0x00000000000014ac       0x68
 .text.HLCD_vsendCommand
                0x00000000000014ac       0x68 LCD_program.o
                0x00000000000014ac                HLCD_vsendCommand

.text.ReceiverTask
                0x0000000000001514       0x68
 .text.ReceiverTask
                0x0000000000001514       0x68 main.o
                0x0000000000001514                ReceiverTask

.text.vListInsert
                0x000000000000157c       0x62
 .text.vListInsert
                0x000000000000157c       0x62 list.o
                0x000000000000157c                vListInsert

.text.xPortStartScheduler
                0x00000000000015de       0x5e
 .text.xPortStartScheduler
                0x00000000000015de       0x5e port.o
                0x00000000000015de                xPortStartScheduler

.text.vTaskStartScheduler
                0x000000000000163c       0x5e
 .text.vTaskStartScheduler
                0x000000000000163c       0x5e tasks.o
                0x000000000000163c                vTaskStartScheduler

.text.uxListRemove
                0x000000000000169a       0x4e
 .text.uxListRemove
                0x000000000000169a       0x4e list.o
                0x000000000000169a                uxListRemove

.text.prvCheckTasksWaitingTermination
                0x00000000000016e8       0x4c
 .text.prvCheckTasksWaitingTermination
                0x00000000000016e8       0x4c tasks.o

.text.SenderTask1
                0x0000000000001734       0x4a
 .text.SenderTask1
                0x0000000000001734       0x4a main.o
                0x0000000000001734                SenderTask1

.text.SenderTask2
                0x000000000000177e       0x4a
 .text.SenderTask2
                0x000000000000177e       0x4a main.o
                0x000000000000177e                SenderTask2

.text.__vector_7
                0x00000000000017c8       0x48
 .text.__vector_7
                0x00000000000017c8       0x48 port.o
                0x00000000000017c8                __vector_7

.text.HLCD_vShowString
                0x0000000000001810       0x42
 .text.HLCD_vShowString
                0x0000000000001810       0x42 LCD_program.o
                0x0000000000001810                HLCD_vShowString

.text.prvIsQueueFull
                0x0000000000001852       0x38
 .text.prvIsQueueFull
                0x0000000000001852       0x38 queue.o

.text.prvResetNextTaskUnblockTime
                0x000000000000188a       0x38
 .text.prvResetNextTaskUnblockTime
                0x000000000000188a       0x38 tasks.o

.text.prvCopyDataFromQueue
                0x00000000000018c2       0x36
 .text.prvCopyDataFromQueue
                0x00000000000018c2       0x36 queue.o

.text.prvInitialiseNewQueue
                0x00000000000018f8       0x32
 .text.prvInitialiseNewQueue
                0x00000000000018f8       0x32 queue.o

.text.memcpy    0x000000000000192a       0x32
 .text.memcpy   0x000000000000192a       0x32 c:/program files/microchip/xc8/v2.36/avr/bin/../lib/gcc/avr/5.4.0/../../../../avr/lib/avr5/memx-const\libc.a(memcpy.o)
                0x000000000000192a                memcpy

.text.xQueueAddToSet
                0x000000000000195c       0x2a
 .text.xQueueAddToSet
                0x000000000000195c       0x2a queue.o
                0x000000000000195c                xQueueAddToSet

.text.xQueueSelectFromSet
                0x0000000000001986       0x28
 .text.xQueueSelectFromSet
                0x0000000000001986       0x28 queue.o
                0x0000000000001986                xQueueSelectFromSet

.text.libgcc.div
                0x00000000000019ae       0x28
 .text.libgcc.div
                0x00000000000019ae       0x28 c:/program files/microchip/xc8/v2.36/avr/bin/../lib/gcc/avr/5.4.0/avr5/memx-const\libgcc.a(_udivmodhi4.o)
                0x00000000000019ae                __udivmodhi4

.text.prvIsQueueEmpty
                0x00000000000019d6       0x26
 .text.prvIsQueueEmpty
                0x00000000000019d6       0x26 queue.o

.text.vTaskPlaceOnEventList
                0x00000000000019fc       0x24
 .text.vTaskPlaceOnEventList
                0x00000000000019fc       0x24 tasks.o
                0x00000000000019fc                vTaskPlaceOnEventList

.text.vListInitialise
                0x0000000000001a20       0x1c
 .text.vListInitialise
                0x0000000000001a20       0x1c list.o
                0x0000000000001a20                vListInitialise

.text.prvDeleteTCB
                0x0000000000001a3c       0x1a
 .text.prvDeleteTCB
                0x0000000000001a3c       0x1a tasks.o

.text.vTaskInternalSetTimeOutState
                0x0000000000001a56       0x16
 .text.vTaskInternalSetTimeOutState
                0x0000000000001a56       0x16 tasks.o
                0x0000000000001a56                vTaskInternalSetTimeOutState

.text.exit      0x0000000000001a6c       0x16
 .text.exit     0x0000000000001a6c       0x16 c:/program files/microchip/xc8/v2.36/avr/bin/../lib/gcc/avr/5.4.0/../../../../avr/lib/avr5/memx-const\libc.a(exit.o)
                0x0000000000001a6c                exit

.text.xTaskGetTickCount
                0x0000000000001a82       0x14
 .text.xTaskGetTickCount
                0x0000000000001a82       0x14 tasks.o
                0x0000000000001a82                xTaskGetTickCount

.text.prvSetupTimerInterrupt
                0x0000000000001a96       0x12
 .text.prvSetupTimerInterrupt
                0x0000000000001a96       0x12 port.o

.text.libgcc    0x0000000000001aa8       0x10
 .text.libgcc   0x0000000000001aa8       0x10 c:/program files/microchip/xc8/v2.36/avr/bin/../lib/gcc/avr/5.4.0/avr5/memx-const\libgcc.a(_xload_2.o)
                0x0000000000001aa8                __xload_2

.text.vTaskSuspendAll
                0x0000000000001ab8        0xc
 .text.vTaskSuspendAll
                0x0000000000001ab8        0xc tasks.o
                0x0000000000001ab8                vTaskSuspendAll

.text.xQueueCreateSet
                0x0000000000001ac4        0xa
 .text.xQueueCreateSet
                0x0000000000001ac4        0xa queue.o
                0x0000000000001ac4                xQueueCreateSet

.text.prvIdleTask
                0x0000000000001ace        0xa
 .text.prvIdleTask
                0x0000000000001ace        0xa tasks.o

.text.vListInitialiseItem
                0x0000000000001ad8        0x8
 .text.vListInitialiseItem
                0x0000000000001ad8        0x8 list.o
                0x0000000000001ad8                vListInitialiseItem

.text.vTaskMissedYield
                0x0000000000001ae0        0x8
 .text.vTaskMissedYield
                0x0000000000001ae0        0x8 tasks.o
                0x0000000000001ae0                vTaskMissedYield

.text.uxTaskGetNumberOfTasks
                0x0000000000001ae8        0x6
 .text.uxTaskGetNumberOfTasks
                0x0000000000001ae8        0x6 tasks.o
                0x0000000000001ae8                uxTaskGetNumberOfTasks

.text           0x0000000000001aee        0x4
 .text          0x0000000000001aee        0x4 C:/Program Files (x86)/Atmel/Studio/7.0/Packs/atmel/ATmega_DFP/1.7.374/xc8/avr/lib/avr5/memx-const/crtatmega32.o
                0x0000000000001aee                __vector_1
                0x0000000000001aee                __vector_12
                0x0000000000001aee                __bad_interrupt
                0x0000000000001aee                __vector_6
                0x0000000000001aee                __vector_3
                0x0000000000001aee                __vector_11
                0x0000000000001aee                __vector_13
                0x0000000000001aee                __vector_17
                0x0000000000001aee                __vector_19
                0x0000000000001aee                __vector_5
                0x0000000000001aee                __vector_4
                0x0000000000001aee                __vector_9
                0x0000000000001aee                __vector_2
                0x0000000000001aee                __vector_15
                0x0000000000001aee                __vector_8
                0x0000000000001aee                __vector_14
                0x0000000000001aee                __vector_10
                0x0000000000001aee                __vector_16
                0x0000000000001aee                __vector_18
                0x0000000000001aee                __vector_20

.text._Exit     0x0000000000001af2        0x4
 .text._Exit    0x0000000000001af2        0x4 c:/program files/microchip/xc8/v2.36/avr/bin/../lib/gcc/avr/5.4.0/../../../../avr/lib/avr5/memx-const\libc.a(_Exit.o)
                0x0000000000001af2                _Exit

.text.vPortFree
                0x0000000000001af6        0x2
 .text.vPortFree
                0x0000000000001af6        0x2 heap_1.o
                0x0000000000001af6                vPortFree

.text.__dummy_fini
                0x0000000000001af8        0x2
 .text.__dummy_fini
                0x0000000000001af8        0x2 c:/program files/microchip/xc8/v2.36/avr/bin/../lib/gcc/avr/5.4.0/../../../../avr/lib/avr5/memx-const\libc.a(exit.o)
                0x0000000000001af8                _fini

.text.__dummy_funcs_on_exit
                0x0000000000001afa        0x2
 .text.__dummy_funcs_on_exit
                0x0000000000001afa        0x2 c:/program files/microchip/xc8/v2.36/avr/bin/../lib/gcc/avr/5.4.0/../../../../avr/lib/avr5/memx-const\libc.a(exit.o)
                0x0000000000001afa                __funcs_on_exit

.text.__dummy_simulator_exit
                0x0000000000001afc        0x2
 .text.__dummy_simulator_exit
                0x0000000000001afc        0x2 c:/program files/microchip/xc8/v2.36/avr/bin/../lib/gcc/avr/5.4.0/../../../../avr/lib/avr5/memx-const\libc.a(exit.o)
                0x0000000000001afc                __simulator_exit
