Archive member included to satisfy reference by file (symbol)

c:/program files/microchip/xc8/v2.36/avr/bin/../lib/gcc/avr/5.4.0/avr5/memx-const\libgcc.a(_udivmodhi4.o)
                              queue.o (__udivmodhi4)
c:/program files/microchip/xc8/v2.36/avr/bin/../lib/gcc/avr/5.4.0/avr5/memx-const\libgcc.a(_tablejump2.o)
                              timers.o (__tablejump2__)
c:/program files/microchip/xc8/v2.36/avr/bin/../lib/gcc/avr/5.4.0/avr5/memx-const\libgcc.a(_copy_data.o)
                              main.o (__do_copy_data)
c:/program files/microchip/xc8/v2.36/avr/bin/../lib/gcc/avr/5.4.0/avr5/memx-const\libgcc.a(_umulhisi3.o)
                              LCD_program.o (__umulhisi3)
c:/program files/microchip/xc8/v2.36/avr/bin/../lib/gcc/avr/5.4.0/avr5/memx-const\libgcc.a(_xload_2.o)
                              event_groups.o (__xload_2)
c:/program files/microchip/xc8/v2.36/avr/bin/../lib/gcc/avr/5.4.0/../../../../avr/lib/avr5/memx-const\libc.a(exit.o)
                              C:/Program Files (x86)/Atmel/Studio/7.0/Packs/atmel/ATmega_DFP/1.7.374/xc8/avr/lib/avr5/memx-const/crtatmega32.o (exit)
c:/program files/microchip/xc8/v2.36/avr/bin/../lib/gcc/avr/5.4.0/../../../../avr/lib/avr5/memx-const\libc.a(memcpy.o)
                              queue.o (memcpy)
c:/program files/microchip/xc8/v2.36/avr/bin/../lib/gcc/avr/5.4.0/../../../../avr/lib/avr5/memx-const\libc.a(_Exit.o)
                              c:/program files/microchip/xc8/v2.36/avr/bin/../lib/gcc/avr/5.4.0/../../../../avr/lib/avr5/memx-const\libc.a(exit.o) (_Exit)
c:/program files/microchip/xc8/v2.36/avr/bin/../lib/gcc/avr/5.4.0/avr5/memx-const\libgcc.a(_exit.o)
                              c:/program files/microchip/xc8/v2.36/avr/bin/../lib/gcc/avr/5.4.0/../../../../avr/lib/avr5/memx-const\libc.a(_Exit.o) (_exit)

Allocating common symbols
Common symbol       size              file

autoRelaod_started  0x1               main.o
oneShot_started     0x1               main.o
oneShot             0x2               main.o
autoReload          0x2               main.o

Discarded input sections

 .data          0x0000000000000000        0x0 C:/Program Files (x86)/Atmel/Studio/7.0/Packs/atmel/ATmega_DFP/1.7.374/xc8/avr/lib/avr5/memx-const/crtatmega32.o
 .bss           0x0000000000000000        0x0 C:/Program Files (x86)/Atmel/Studio/7.0/Packs/atmel/ATmega_DFP/1.7.374/xc8/avr/lib/avr5/memx-const/crtatmega32.o
 .text          0x0000000000000000        0x0 croutine.o
 .data          0x0000000000000000        0x0 croutine.o
 .bss           0x0000000000000000        0x0 croutine.o
 .debug_info    0x0000000000000000      0x22b croutine.o
 .debug_abbrev  0x0000000000000000       0x1b croutine.o
 .debug_aranges
                0x0000000000000000       0x18 croutine.o
 .debug_line    0x0000000000000000       0x1a croutine.o
 .debug_str     0x0000000000000000        0x0 croutine.o
 .comment       0x0000000000000000       0x30 croutine.o
 .text          0x0000000000000000        0x0 DIO_prog.o
 .data          0x0000000000000000        0x0 DIO_prog.o
 .bss           0x0000000000000000        0x0 DIO_prog.o
 .text.DIO_voidInit
                0x0000000000000000       0x1c DIO_prog.o
 .text.DIO_u8SetPinDirection
                0x0000000000000000      0x134 DIO_prog.o
 .text.DIO_u8SetPinValue
                0x0000000000000000      0x102 DIO_prog.o
 .text.DIO_u8GetPinValue
                0x0000000000000000       0xbc DIO_prog.o
 .text.DIO_u8SetPortDirection
                0x0000000000000000       0x8c DIO_prog.o
 .text.DIO_u8SetPortValue
                0x0000000000000000       0x22 DIO_prog.o
 .text.DIO_u8GetPortValue
                0x0000000000000000       0x4c DIO_prog.o
 .debug_info    0x0000000000000000      0x50a DIO_prog.o
 .debug_abbrev  0x0000000000000000       0xee DIO_prog.o
 .debug_loc     0x0000000000000000      0x6ce DIO_prog.o
 .debug_aranges
                0x0000000000000000       0x50 DIO_prog.o
 .debug_ranges  0x0000000000000000       0x40 DIO_prog.o
 .debug_line    0x0000000000000000      0x465 DIO_prog.o
 .debug_str     0x0000000000000000       0x3e DIO_prog.o
 .comment       0x0000000000000000       0x30 DIO_prog.o
 .debug_frame   0x0000000000000000       0x84 DIO_prog.o
 .text          0x0000000000000000        0x0 event_groups.o
 .data          0x0000000000000000        0x0 event_groups.o
 .bss           0x0000000000000000        0x0 event_groups.o
 .text.prvTestWaitCondition
                0x0000000000000000       0x26 event_groups.o
 .text.xEventGroupCreate
                0x0000000000000000       0x26 event_groups.o
 .text.xEventGroupWaitBits
                0x0000000000000000       0xe4 event_groups.o
 .text.xEventGroupClearBits
                0x0000000000000000       0x1e event_groups.o
 .text.xEventGroupGetBitsFromISR
                0x0000000000000000        0xe event_groups.o
 .text.xEventGroupSetBits
                0x0000000000000000       0xee event_groups.o
 .text.xEventGroupSync
                0x0000000000000000       0xd6 event_groups.o
 .text.vEventGroupDelete
                0x0000000000000000       0x5a event_groups.o
 .text.vEventGroupSetBitsCallback
                0x0000000000000000        0x8 event_groups.o
 .text.vEventGroupClearBitsCallback
                0x0000000000000000        0x8 event_groups.o
 .debug_info    0x0000000000000000      0xc78 event_groups.o
 .debug_abbrev  0x0000000000000000      0x232 event_groups.o
 .debug_loc     0x0000000000000000      0xb98 event_groups.o
 .debug_aranges
                0x0000000000000000       0x68 event_groups.o
 .debug_ranges  0x0000000000000000       0x70 event_groups.o
 .debug_line    0x0000000000000000      0x3f4 event_groups.o
 .debug_str     0x0000000000000000      0x192 event_groups.o
 .comment       0x0000000000000000       0x30 event_groups.o
 .debug_frame   0x0000000000000000      0x180 event_groups.o
 .text          0x0000000000000000        0x0 heap_1.o
 .data          0x0000000000000000        0x0 heap_1.o
 .bss           0x0000000000000000        0x0 heap_1.o
 .text.vPortInitialiseBlocks
                0x0000000000000000        0xa heap_1.o
 .text.xPortGetFreeHeapSize
                0x0000000000000000       0x12 heap_1.o
 .text          0x0000000000000000        0x0 LCD_program.o
 .data          0x0000000000000000        0x0 LCD_program.o
 .bss           0x0000000000000000        0x0 LCD_program.o
 .text.HLCD_vWriteNextChar
                0x0000000000000000       0x16 LCD_program.o
 .text.HLCD_vClearDisplay
                0x0000000000000000       0x14 LCD_program.o
 .text.HLCD_u8GotoXY
                0x0000000000000000       0x2e LCD_program.o
 .text          0x0000000000000000        0x0 list.o
 .data          0x0000000000000000        0x0 list.o
 .bss           0x0000000000000000        0x0 list.o
 .text.vListInsertEnd
                0x0000000000000000       0x42 list.o
 .text          0x0000000000000000        0x0 main.o
 .data          0x0000000000000000        0x0 main.o
 .bss           0x0000000000000000        0x0 main.o
 .data.timerHandleSize
                0x0000000000000000        0x2 main.o
 .text          0x0000000000000000        0x0 port.o
 .data          0x0000000000000000        0x0 port.o
 .bss           0x0000000000000000        0x0 port.o
 .text.vPortEndScheduler
                0x0000000000000000        0x2 port.o
 .text          0x0000000000000000        0x0 queue.o
 .data          0x0000000000000000        0x0 queue.o
 .bss           0x0000000000000000        0x0 queue.o
 .text.xQueueGiveFromISR
                0x0000000000000000       0xa2 queue.o
 .text.xQueueSemaphoreTake
                0x0000000000000000      0x10e queue.o
 .text.xQueuePeek
                0x0000000000000000      0x12a queue.o
 .text.xQueueReceiveFromISR
                0x0000000000000000       0x7e queue.o
 .text.xQueuePeekFromISR
                0x0000000000000000       0x2e queue.o
 .text.uxQueueMessagesWaiting
                0x0000000000000000       0x10 queue.o
 .text.uxQueueSpacesAvailable
                0x0000000000000000       0x16 queue.o
 .text.uxQueueMessagesWaitingFromISR
                0x0000000000000000        0x6 queue.o
 .text.vQueueDelete
                0x0000000000000000        0x6 queue.o
 .text.xQueueIsQueueEmptyFromISR
                0x0000000000000000       0x10 queue.o
 .text.xQueueIsQueueFullFromISR
                0x0000000000000000       0x12 queue.o
 .text.xQueueCreateSet
                0x0000000000000000        0xa queue.o
 .text.xQueueAddToSet
                0x0000000000000000       0x2a queue.o
 .text.xQueueRemoveFromSet
                0x0000000000000000       0x2c queue.o
 .text.xQueueSelectFromSet
                0x0000000000000000       0x28 queue.o
 .text.xQueueSelectFromSetFromISR
                0x0000000000000000       0x2a queue.o
 .text          0x0000000000000000        0x0 stream_buffer.o
 .data          0x0000000000000000        0x0 stream_buffer.o
 .bss           0x0000000000000000        0x0 stream_buffer.o
 .text.prvBytesInBuffer
                0x0000000000000000       0x54 stream_buffer.o
 .text.prvInitialiseNewStreamBuffer
                0x0000000000000000       0x20 stream_buffer.o
 .text.prvWriteBytesToBuffer
                0x0000000000000000       0x96 stream_buffer.o
 .text.prvWriteMessageToBuffer
                0x0000000000000000       0xa0 stream_buffer.o
 .text.prvReadBytesFromBuffer
                0x0000000000000000       0x8c stream_buffer.o
 .text.prvReadMessageFromBuffer
                0x0000000000000000       0x90 stream_buffer.o
 .text.xStreamBufferGenericCreate
                0x0000000000000000       0x80 stream_buffer.o
 .text.vStreamBufferDelete
                0x0000000000000000       0x1a stream_buffer.o
 .text.xStreamBufferReset
                0x0000000000000000       0x56 stream_buffer.o
 .text.xStreamBufferSetTriggerLevel
                0x0000000000000000       0x22 stream_buffer.o
 .text.xStreamBufferSpacesAvailable
                0x0000000000000000       0x66 stream_buffer.o
 .text.xStreamBufferBytesAvailable
                0x0000000000000000        0xa stream_buffer.o
 .text.xStreamBufferSend
                0x0000000000000000      0x17e stream_buffer.o
 .text.xStreamBufferSendFromISR
                0x0000000000000000       0xa2 stream_buffer.o
 .text.xStreamBufferReceive
                0x0000000000000000      0x11a stream_buffer.o
 .text.xStreamBufferNextMessageLengthBytes
                0x0000000000000000       0x58 stream_buffer.o
 .text.xStreamBufferReceiveFromISR
                0x0000000000000000       0x8c stream_buffer.o
 .text.xStreamBufferIsEmpty
                0x0000000000000000       0x26 stream_buffer.o
 .text.xStreamBufferIsFull
                0x0000000000000000       0x3a stream_buffer.o
 .text.xStreamBufferSendCompletedFromISR
                0x0000000000000000       0x4c stream_buffer.o
 .text.xStreamBufferReceiveCompletedFromISR
                0x0000000000000000       0x4c stream_buffer.o
 .debug_info    0x0000000000000000     0x1899 stream_buffer.o
 .debug_abbrev  0x0000000000000000      0x24f stream_buffer.o
 .debug_loc     0x0000000000000000     0x1dea stream_buffer.o
 .debug_aranges
                0x0000000000000000       0xc0 stream_buffer.o
 .debug_ranges  0x0000000000000000       0xb0 stream_buffer.o
 .debug_line    0x0000000000000000      0x744 stream_buffer.o
 .debug_str     0x0000000000000000      0x242 stream_buffer.o
 .comment       0x0000000000000000       0x30 stream_buffer.o
 .debug_frame   0x0000000000000000      0x474 stream_buffer.o
 .text          0x0000000000000000        0x0 tasks.o
 .data          0x0000000000000000        0x0 tasks.o
 .bss           0x0000000000000000        0x0 tasks.o
 .text.prvTaskIsTaskSuspended
                0x0000000000000000       0x42 tasks.o
 .text.vTaskDelete
                0x0000000000000000       0xb0 tasks.o
 .text.uxTaskPriorityGet
                0x0000000000000000       0x2a tasks.o
 .text.uxTaskPriorityGetFromISR
                0x0000000000000000       0x20 tasks.o
 .text.vTaskPrioritySet
                0x0000000000000000      0x136 tasks.o
 .text.vTaskResume
                0x0000000000000000       0xcc tasks.o
 .text.xTaskResumeFromISR
                0x0000000000000000       0xda tasks.o
 .text.vTaskEndScheduler
                0x0000000000000000        0xc tasks.o
 .text.xTaskGetTickCountFromISR
                0x0000000000000000        0xa tasks.o
 .text.pcTaskGetName
                0x0000000000000000       0x10 tasks.o
 .text.xTaskDelayUntil
                0x0000000000000000       0x84 tasks.o
 .text.vTaskDelay
                0x0000000000000000       0x2c tasks.o
 .text.xTaskCatchUpTicks
                0x0000000000000000       0x32 tasks.o
 .text.vTaskSuspend
                0x0000000000000000       0xc2 tasks.o
 .text.vTaskPlaceOnUnorderedEventList
                0x0000000000000000       0x8c tasks.o
 .text.vTaskRemoveFromUnorderedEventList
                0x0000000000000000      0x14c tasks.o
 .text.vTaskSetTimeOutState
                0x0000000000000000       0x20 tasks.o
 .text.xTaskGetCurrentTaskHandle
                0x0000000000000000        0xa tasks.o
 .text.uxTaskResetEventItemValue
                0x0000000000000000       0x2e tasks.o
 .text.ulTaskGenericNotifyTake
                0x0000000000000000      0x106 tasks.o
 .text.xTaskGenericNotifyWait
                0x0000000000000000      0x142 tasks.o
 .text.xTaskGenericNotify
                0x0000000000000000      0x20a tasks.o
 .text.xTaskGenericNotifyFromISR
                0x0000000000000000      0x260 tasks.o
 .text.vTaskGenericNotifyGiveFromISR
                0x0000000000000000      0x194 tasks.o
 .text.xTaskGenericNotifyStateClear
                0x0000000000000000       0x34 tasks.o
 .text.ulTaskGenericNotifyValueClear
                0x0000000000000000       0x6c tasks.o
 .text          0x0000000000000000        0x0 timers.o
 .data          0x0000000000000000        0x0 timers.o
 .bss           0x0000000000000000        0x0 timers.o
 .text.xTimerGetTimerDaemonTaskHandle
                0x0000000000000000        0xa timers.o
 .text.xTimerGetPeriod
                0x0000000000000000        0x8 timers.o
 .text.vTimerSetReloadMode
                0x0000000000000000       0x22 timers.o
 .text.xTimerGetReloadMode
                0x0000000000000000       0x1a timers.o
 .text.uxTimerGetReloadMode
                0x0000000000000000        0x6 timers.o
 .text.xTimerGetExpiryTime
                0x0000000000000000        0x8 timers.o
 .text.pcTimerGetName
                0x0000000000000000        0xa timers.o
 .text.xTimerIsTimerActive
                0x0000000000000000       0x1a timers.o
 .text.pvTimerGetTimerID
                0x0000000000000000       0x12 timers.o
 .text.vTimerSetTimerID
                0x0000000000000000       0x12 timers.o
 .text          0x0000000000000000        0x0 c:/program files/microchip/xc8/v2.36/avr/bin/../lib/gcc/avr/5.4.0/avr5/memx-const\libgcc.a(_udivmodhi4.o)
 .data          0x0000000000000000        0x0 c:/program files/microchip/xc8/v2.36/avr/bin/../lib/gcc/avr/5.4.0/avr5/memx-const\libgcc.a(_udivmodhi4.o)
 .bss           0x0000000000000000        0x0 c:/program files/microchip/xc8/v2.36/avr/bin/../lib/gcc/avr/5.4.0/avr5/memx-const\libgcc.a(_udivmodhi4.o)
 .text.libgcc.mul
                0x0000000000000000        0x0 c:/program files/microchip/xc8/v2.36/avr/bin/../lib/gcc/avr/5.4.0/avr5/memx-const\libgcc.a(_udivmodhi4.o)
 .stack.descriptors
                0x0000000000000000       0x1a c:/program files/microchip/xc8/v2.36/avr/bin/../lib/gcc/avr/5.4.0/avr5/memx-const\libgcc.a(_udivmodhi4.o)
 .text.libgcc   0x0000000000000000        0x0 c:/program files/microchip/xc8/v2.36/avr/bin/../lib/gcc/avr/5.4.0/avr5/memx-const\libgcc.a(_udivmodhi4.o)
 .text.libgcc.prologue
                0x0000000000000000        0x0 c:/program files/microchip/xc8/v2.36/avr/bin/../lib/gcc/avr/5.4.0/avr5/memx-const\libgcc.a(_udivmodhi4.o)
 .text.libgcc.builtins
                0x0000000000000000        0x0 c:/program files/microchip/xc8/v2.36/avr/bin/../lib/gcc/avr/5.4.0/avr5/memx-const\libgcc.a(_udivmodhi4.o)
 .text.libgcc.fmul
                0x0000000000000000        0x0 c:/program files/microchip/xc8/v2.36/avr/bin/../lib/gcc/avr/5.4.0/avr5/memx-const\libgcc.a(_udivmodhi4.o)
 .text.libgcc.fixed
                0x0000000000000000        0x0 c:/program files/microchip/xc8/v2.36/avr/bin/../lib/gcc/avr/5.4.0/avr5/memx-const\libgcc.a(_udivmodhi4.o)
 .text          0x0000000000000000        0x0 c:/program files/microchip/xc8/v2.36/avr/bin/../lib/gcc/avr/5.4.0/avr5/memx-const\libgcc.a(_tablejump2.o)
 .data          0x0000000000000000        0x0 c:/program files/microchip/xc8/v2.36/avr/bin/../lib/gcc/avr/5.4.0/avr5/memx-const\libgcc.a(_tablejump2.o)
 .bss           0x0000000000000000        0x0 c:/program files/microchip/xc8/v2.36/avr/bin/../lib/gcc/avr/5.4.0/avr5/memx-const\libgcc.a(_tablejump2.o)
 .text.libgcc.mul
                0x0000000000000000        0x0 c:/program files/microchip/xc8/v2.36/avr/bin/../lib/gcc/avr/5.4.0/avr5/memx-const\libgcc.a(_tablejump2.o)
 .text.libgcc.div
                0x0000000000000000        0x0 c:/program files/microchip/xc8/v2.36/avr/bin/../lib/gcc/avr/5.4.0/avr5/memx-const\libgcc.a(_tablejump2.o)
 .text.libgcc.prologue
                0x0000000000000000        0x0 c:/program files/microchip/xc8/v2.36/avr/bin/../lib/gcc/avr/5.4.0/avr5/memx-const\libgcc.a(_tablejump2.o)
 .stack.descriptors
                0x0000000000000000       0x1c c:/program files/microchip/xc8/v2.36/avr/bin/../lib/gcc/avr/5.4.0/avr5/memx-const\libgcc.a(_tablejump2.o)
 .text.libgcc.builtins
                0x0000000000000000        0x0 c:/program files/microchip/xc8/v2.36/avr/bin/../lib/gcc/avr/5.4.0/avr5/memx-const\libgcc.a(_tablejump2.o)
 .text.libgcc.fmul
                0x0000000000000000        0x0 c:/program files/microchip/xc8/v2.36/avr/bin/../lib/gcc/avr/5.4.0/avr5/memx-const\libgcc.a(_tablejump2.o)
 .text.libgcc.fixed
                0x0000000000000000        0x0 c:/program files/microchip/xc8/v2.36/avr/bin/../lib/gcc/avr/5.4.0/avr5/memx-const\libgcc.a(_tablejump2.o)
 .text          0x0000000000000000        0x0 c:/program files/microchip/xc8/v2.36/avr/bin/../lib/gcc/avr/5.4.0/avr5/memx-const\libgcc.a(_copy_data.o)
 .data          0x0000000000000000        0x0 c:/program files/microchip/xc8/v2.36/avr/bin/../lib/gcc/avr/5.4.0/avr5/memx-const\libgcc.a(_copy_data.o)
 .bss           0x0000000000000000        0x0 c:/program files/microchip/xc8/v2.36/avr/bin/../lib/gcc/avr/5.4.0/avr5/memx-const\libgcc.a(_copy_data.o)
 .text.libgcc.mul
                0x0000000000000000        0x0 c:/program files/microchip/xc8/v2.36/avr/bin/../lib/gcc/avr/5.4.0/avr5/memx-const\libgcc.a(_copy_data.o)
 .text.libgcc.div
                0x0000000000000000        0x0 c:/program files/microchip/xc8/v2.36/avr/bin/../lib/gcc/avr/5.4.0/avr5/memx-const\libgcc.a(_copy_data.o)
 .text.libgcc   0x0000000000000000        0x0 c:/program files/microchip/xc8/v2.36/avr/bin/../lib/gcc/avr/5.4.0/avr5/memx-const\libgcc.a(_copy_data.o)
 .text.libgcc.prologue
                0x0000000000000000        0x0 c:/program files/microchip/xc8/v2.36/avr/bin/../lib/gcc/avr/5.4.0/avr5/memx-const\libgcc.a(_copy_data.o)
 .text.libgcc.builtins
                0x0000000000000000        0x0 c:/program files/microchip/xc8/v2.36/avr/bin/../lib/gcc/avr/5.4.0/avr5/memx-const\libgcc.a(_copy_data.o)
 .text.libgcc.fmul
                0x0000000000000000        0x0 c:/program files/microchip/xc8/v2.36/avr/bin/../lib/gcc/avr/5.4.0/avr5/memx-const\libgcc.a(_copy_data.o)
 .text.libgcc.fixed
                0x0000000000000000        0x0 c:/program files/microchip/xc8/v2.36/avr/bin/../lib/gcc/avr/5.4.0/avr5/memx-const\libgcc.a(_copy_data.o)
 .text          0x0000000000000000        0x0 c:/program files/microchip/xc8/v2.36/avr/bin/../lib/gcc/avr/5.4.0/avr5/memx-const\libgcc.a(_umulhisi3.o)
 .data          0x0000000000000000        0x0 c:/program files/microchip/xc8/v2.36/avr/bin/../lib/gcc/avr/5.4.0/avr5/memx-const\libgcc.a(_umulhisi3.o)
 .bss           0x0000000000000000        0x0 c:/program files/microchip/xc8/v2.36/avr/bin/../lib/gcc/avr/5.4.0/avr5/memx-const\libgcc.a(_umulhisi3.o)
 .stack.descriptors
                0x0000000000000000       0x19 c:/program files/microchip/xc8/v2.36/avr/bin/../lib/gcc/avr/5.4.0/avr5/memx-const\libgcc.a(_umulhisi3.o)
 .text.libgcc.div
                0x0000000000000000        0x0 c:/program files/microchip/xc8/v2.36/avr/bin/../lib/gcc/avr/5.4.0/avr5/memx-const\libgcc.a(_umulhisi3.o)
 .text.libgcc   0x0000000000000000        0x0 c:/program files/microchip/xc8/v2.36/avr/bin/../lib/gcc/avr/5.4.0/avr5/memx-const\libgcc.a(_umulhisi3.o)
 .text.libgcc.prologue
                0x0000000000000000        0x0 c:/program files/microchip/xc8/v2.36/avr/bin/../lib/gcc/avr/5.4.0/avr5/memx-const\libgcc.a(_umulhisi3.o)
 .text.libgcc.builtins
                0x0000000000000000        0x0 c:/program files/microchip/xc8/v2.36/avr/bin/../lib/gcc/avr/5.4.0/avr5/memx-const\libgcc.a(_umulhisi3.o)
 .text.libgcc.fmul
                0x0000000000000000        0x0 c:/program files/microchip/xc8/v2.36/avr/bin/../lib/gcc/avr/5.4.0/avr5/memx-const\libgcc.a(_umulhisi3.o)
 .text.libgcc.fixed
                0x0000000000000000        0x0 c:/program files/microchip/xc8/v2.36/avr/bin/../lib/gcc/avr/5.4.0/avr5/memx-const\libgcc.a(_umulhisi3.o)
 .text          0x0000000000000000        0x0 c:/program files/microchip/xc8/v2.36/avr/bin/../lib/gcc/avr/5.4.0/avr5/memx-const\libgcc.a(_xload_2.o)
 .data          0x0000000000000000        0x0 c:/program files/microchip/xc8/v2.36/avr/bin/../lib/gcc/avr/5.4.0/avr5/memx-const\libgcc.a(_xload_2.o)
 .bss           0x0000000000000000        0x0 c:/program files/microchip/xc8/v2.36/avr/bin/../lib/gcc/avr/5.4.0/avr5/memx-const\libgcc.a(_xload_2.o)
 .text.libgcc.mul
                0x0000000000000000        0x0 c:/program files/microchip/xc8/v2.36/avr/bin/../lib/gcc/avr/5.4.0/avr5/memx-const\libgcc.a(_xload_2.o)
 .text.libgcc.div
                0x0000000000000000        0x0 c:/program files/microchip/xc8/v2.36/avr/bin/../lib/gcc/avr/5.4.0/avr5/memx-const\libgcc.a(_xload_2.o)
 .text.libgcc.prologue
                0x0000000000000000        0x0 c:/program files/microchip/xc8/v2.36/avr/bin/../lib/gcc/avr/5.4.0/avr5/memx-const\libgcc.a(_xload_2.o)
 .stack.descriptors
                0x0000000000000000       0x17 c:/program files/microchip/xc8/v2.36/avr/bin/../lib/gcc/avr/5.4.0/avr5/memx-const\libgcc.a(_xload_2.o)
 .text.libgcc.builtins
                0x0000000000000000        0x0 c:/program files/microchip/xc8/v2.36/avr/bin/../lib/gcc/avr/5.4.0/avr5/memx-const\libgcc.a(_xload_2.o)
 .text.libgcc.fmul
                0x0000000000000000        0x0 c:/program files/microchip/xc8/v2.36/avr/bin/../lib/gcc/avr/5.4.0/avr5/memx-const\libgcc.a(_xload_2.o)
 .text.libgcc.fixed
                0x0000000000000000        0x0 c:/program files/microchip/xc8/v2.36/avr/bin/../lib/gcc/avr/5.4.0/avr5/memx-const\libgcc.a(_xload_2.o)
 .text          0x0000000000000000        0x0 c:/program files/microchip/xc8/v2.36/avr/bin/../lib/gcc/avr/5.4.0/../../../../avr/lib/avr5/memx-const\libc.a(exit.o)
 .data          0x0000000000000000        0x0 c:/program files/microchip/xc8/v2.36/avr/bin/../lib/gcc/avr/5.4.0/../../../../avr/lib/avr5/memx-const\libc.a(exit.o)
 .bss           0x0000000000000000        0x0 c:/program files/microchip/xc8/v2.36/avr/bin/../lib/gcc/avr/5.4.0/../../../../avr/lib/avr5/memx-const\libc.a(exit.o)
 .text          0x0000000000000000        0x0 c:/program files/microchip/xc8/v2.36/avr/bin/../lib/gcc/avr/5.4.0/../../../../avr/lib/avr5/memx-const\libc.a(memcpy.o)
 .data          0x0000000000000000        0x0 c:/program files/microchip/xc8/v2.36/avr/bin/../lib/gcc/avr/5.4.0/../../../../avr/lib/avr5/memx-const\libc.a(memcpy.o)
 .bss           0x0000000000000000        0x0 c:/program files/microchip/xc8/v2.36/avr/bin/../lib/gcc/avr/5.4.0/../../../../avr/lib/avr5/memx-const\libc.a(memcpy.o)
 .text          0x0000000000000000        0x0 c:/program files/microchip/xc8/v2.36/avr/bin/../lib/gcc/avr/5.4.0/../../../../avr/lib/avr5/memx-const\libc.a(_Exit.o)
 .data          0x0000000000000000        0x0 c:/program files/microchip/xc8/v2.36/avr/bin/../lib/gcc/avr/5.4.0/../../../../avr/lib/avr5/memx-const\libc.a(_Exit.o)
 .bss           0x0000000000000000        0x0 c:/program files/microchip/xc8/v2.36/avr/bin/../lib/gcc/avr/5.4.0/../../../../avr/lib/avr5/memx-const\libc.a(_Exit.o)
 .text          0x0000000000000000        0x0 c:/program files/microchip/xc8/v2.36/avr/bin/../lib/gcc/avr/5.4.0/avr5/memx-const\libgcc.a(_exit.o)
 .data          0x0000000000000000        0x0 c:/program files/microchip/xc8/v2.36/avr/bin/../lib/gcc/avr/5.4.0/avr5/memx-const\libgcc.a(_exit.o)
 .bss           0x0000000000000000        0x0 c:/program files/microchip/xc8/v2.36/avr/bin/../lib/gcc/avr/5.4.0/avr5/memx-const\libgcc.a(_exit.o)
 .text.libgcc.mul
                0x0000000000000000        0x0 c:/program files/microchip/xc8/v2.36/avr/bin/../lib/gcc/avr/5.4.0/avr5/memx-const\libgcc.a(_exit.o)
 .text.libgcc.div
                0x0000000000000000        0x0 c:/program files/microchip/xc8/v2.36/avr/bin/../lib/gcc/avr/5.4.0/avr5/memx-const\libgcc.a(_exit.o)
 .text.libgcc   0x0000000000000000        0x0 c:/program files/microchip/xc8/v2.36/avr/bin/../lib/gcc/avr/5.4.0/avr5/memx-const\libgcc.a(_exit.o)
 .text.libgcc.prologue
                0x0000000000000000        0x0 c:/program files/microchip/xc8/v2.36/avr/bin/../lib/gcc/avr/5.4.0/avr5/memx-const\libgcc.a(_exit.o)
 .stack.descriptors
                0x0000000000000000       0x13 c:/program files/microchip/xc8/v2.36/avr/bin/../lib/gcc/avr/5.4.0/avr5/memx-const\libgcc.a(_exit.o)
 .text.libgcc.builtins
                0x0000000000000000        0x0 c:/program files/microchip/xc8/v2.36/avr/bin/../lib/gcc/avr/5.4.0/avr5/memx-const\libgcc.a(_exit.o)
 .text.libgcc.fmul
                0x0000000000000000        0x0 c:/program files/microchip/xc8/v2.36/avr/bin/../lib/gcc/avr/5.4.0/avr5/memx-const\libgcc.a(_exit.o)
 .text.libgcc.fixed
                0x0000000000000000        0x0 c:/program files/microchip/xc8/v2.36/avr/bin/../lib/gcc/avr/5.4.0/avr5/memx-const\libgcc.a(_exit.o)

Memory Configuration

Name             Origin             Length             Attributes
text             0x0000000000000000 0x0000000000008000 xr
data             0x0000000000800060 0x0000000000000800 rw !x
eeprom           0x0000000000810000 0x0000000000000400 rw !x
fuse             0x0000000000820000 0x0000000000000002 rw !x
lock             0x0000000000830000 0x0000000000000400 rw !x
signature        0x0000000000840000 0x0000000000000400 rw !x
user_signatures  0x0000000000850000 0x0000000000000400 rw !x
*default*        0x0000000000000000 0xffffffffffffffff

Linker script and memory map

LOAD C:/Program Files (x86)/Atmel/Studio/7.0/Packs/atmel/ATmega_DFP/1.7.374/xc8/avr/lib/avr5/memx-const/crtatmega32.o
LOAD croutine.o
LOAD DIO_prog.o
LOAD event_groups.o
LOAD heap_1.o
LOAD LCD_program.o
LOAD list.o
LOAD main.o
LOAD port.o
LOAD queue.o
LOAD stream_buffer.o
LOAD tasks.o
LOAD timers.o
START GROUP
LOAD c:/program files/microchip/xc8/v2.36/avr/bin/../lib/gcc/avr/5.4.0/../../../../avr/lib/avr5/memx-const\libm.a
END GROUP
START GROUP
LOAD c:/program files/microchip/xc8/v2.36/avr/bin/../lib/gcc/avr/5.4.0/avr5/memx-const\libgcc.a
LOAD c:/program files/microchip/xc8/v2.36/avr/bin/../lib/gcc/avr/5.4.0/../../../../avr/lib/avr5/memx-const\libm.a
LOAD c:/program files/microchip/xc8/v2.36/avr/bin/../lib/gcc/avr/5.4.0/../../../../avr/lib/avr5/memx-const\libc.a
LOAD C:/Program Files (x86)/Atmel/Studio/7.0/Packs/atmel/ATmega_DFP/1.7.374/xc8/avr/lib/avr5/memx-const\libatmega32.a
END GROUP
                0x0000000000000000                __TEXT_REGION_ORIGIN__ = DEFINED (__TEXT_REGION_ORIGIN__)?__TEXT_REGION_ORIGIN__:0x0
                [0x0000000000800060]                __DATA_REGION_ORIGIN__ = DEFINED (__DATA_REGION_ORIGIN__)?__DATA_REGION_ORIGIN__:0x800060
                [0x0000000000008000]                __TEXT_REGION_LENGTH__ = DEFINED (__TEXT_REGION_LENGTH__)?__TEXT_REGION_LENGTH__:0x20000
                [0x0000000000000800]                __DATA_REGION_LENGTH__ = DEFINED (__DATA_REGION_LENGTH__)?__DATA_REGION_LENGTH__:0xffa0
                [0x0000000000000400]                __EEPROM_REGION_LENGTH__ = DEFINED (__EEPROM_REGION_LENGTH__)?__EEPROM_REGION_LENGTH__:0x10000
                [0x0000000000000002]                __FUSE_REGION_LENGTH__ = DEFINED (__FUSE_REGION_LENGTH__)?__FUSE_REGION_LENGTH__:0x400
                0x0000000000000400                __LOCK_REGION_LENGTH__ = DEFINED (__LOCK_REGION_LENGTH__)?__LOCK_REGION_LENGTH__:0x400
                0x0000000000000400                __SIGNATURE_REGION_LENGTH__ = DEFINED (__SIGNATURE_REGION_LENGTH__)?__SIGNATURE_REGION_LENGTH__:0x400
                0x0000000000000400                __USER_SIGNATURE_REGION_LENGTH__ = DEFINED (__USER_SIGNATURE_REGION_LENGTH__)?__USER_SIGNATURE_REGION_LENGTH__:0x400

.hash
 *(.hash)

.dynsym
 *(.dynsym)

.dynstr
 *(.dynstr)

.gnu.version
 *(.gnu.version)

.gnu.version_d
 *(.gnu.version_d)

.gnu.version_r
 *(.gnu.version_r)

.rel.init
 *(.rel.init)

.rela.init
 *(.rela.init)

.rel.text
 *(.rel.text)
 *(.rel.text.*)
 *(.rel.gnu.linkonce.t*)

.rela.text
 *(.rela.text)
 *(.rela.text.*)
 *(.rela.gnu.linkonce.t*)

.rel.fini
 *(.rel.fini)

.rela.fini
 *(.rela.fini)

.rel.rodata
 *(.rel.rodata)
 *(.rel.rodata.*)
 *(.rel.gnu.linkonce.r*)

.rela.rodata
 *(.rela.rodata)
 *(.rela.rodata.*)
 *(.rela.gnu.linkonce.r*)

.rel.data
 *(.rel.data)
 *(.rel.data.*)
 *(.rel.gnu.linkonce.d*)

.rela.data
 *(.rela.data)
 *(.rela.data.*)
 *(.rela.gnu.linkonce.d*)

.rel.ctors
 *(.rel.ctors)

.rela.ctors
 *(.rela.ctors)

.rel.dtors
 *(.rel.dtors)

.rela.dtors
 *(.rela.dtors)

.rel.got
 *(.rel.got)

.rela.got
 *(.rela.got)

.rel.bss
 *(.rel.bss)

.rela.bss
 *(.rela.bss)

.rel.plt
 *(.rel.plt)

.rela.plt
 *(.rela.plt)

.text           0x0000000000000000       0xc0
 *(.vectors)
 .vectors       0x0000000000000000       0x54 C:/Program Files (x86)/Atmel/Studio/7.0/Packs/atmel/ATmega_DFP/1.7.374/xc8/avr/lib/avr5/memx-const/crtatmega32.o
                0x0000000000000000                __vector_default
                0x0000000000000000                __vectors
 *(.vectors)
 *(.progmem.gcc*)
 .progmem.gcc_sw_table.prvProcessReceivedCommands
                0x0000000000000054       0x12 timers.o
 *(.dinit)
 .dinit         0x0000000000000066        0x5 data_init
                0x000000000000006c                . = ALIGN (0x2)
 *fill*         0x000000000000006b        0x1 
                0x000000000000006c                __trampolines_start = .
 *(.trampolines)
 .trampolines   0x000000000000006c        0x0 linker stubs
 *(.trampolines*)
                0x000000000000006c                __trampolines_end = .
 *libprintf_flt.a:*(.progmem.data)
 *libc.a:*(.progmem.data)
                0x000000000000006c                . = ALIGN (0x2)
 *(.jumptables)
 *(.jumptables*)
 *(.lowtext)
 *(.lowtext*)
                0x000000000000006c                __ctors_start = .
 *(.ctors)
                0x000000000000006c                __ctors_end = .
                0x000000000000006c                __dtors_start = .
 *(.dtors)
                0x000000000000006c                __dtors_end = .
 SORT(*)(.ctors)
 SORT(*)(.dtors)
 *(.init0)
 .init0         0x000000000000006c        0x0 C:/Program Files (x86)/Atmel/Studio/7.0/Packs/atmel/ATmega_DFP/1.7.374/xc8/avr/lib/avr5/memx-const/crtatmega32.o
                0x000000000000006c                __init
 *(.init0)
 *(.init1)
 *(.init1)
 *(.init2)
 .init2         0x000000000000006c        0xc C:/Program Files (x86)/Atmel/Studio/7.0/Packs/atmel/ATmega_DFP/1.7.374/xc8/avr/lib/avr5/memx-const/crtatmega32.o
 *(.init2)
 *(.init3)
 *(.init3)
 *(.init4)
 .init4         0x0000000000000078       0x3c c:/program files/microchip/xc8/v2.36/avr/bin/../lib/gcc/avr/5.4.0/avr5/memx-const\libgcc.a(_copy_data.o)
                0x0000000000000078                __do_copy_data
                0x00000000000000a6                __do_clear_bss
 *(.init4)
 *(.init5)
 *(.init5)
 *(.init6)
 *(.init6)
 *(.init7)
 *(.init7)
 *(.init8)
 *(.init8)
 *(.init9)
 .init9         0x00000000000000b4        0x8 C:/Program Files (x86)/Atmel/Studio/7.0/Packs/atmel/ATmega_DFP/1.7.374/xc8/avr/lib/avr5/memx-const/crtatmega32.o
 *(.init9)
                0x00000000000000bc                . = ALIGN (0x2)
 *(.fini9)
 .fini9         0x00000000000000bc        0x0 c:/program files/microchip/xc8/v2.36/avr/bin/../lib/gcc/avr/5.4.0/avr5/memx-const\libgcc.a(_exit.o)
                0x00000000000000bc                _exit
 *(.fini9)
 *(.fini8)
 *(.fini8)
 *(.fini7)
 *(.fini7)
 *(.fini6)
 *(.fini6)
 *(.fini5)
 *(.fini5)
 *(.fini4)
 *(.fini4)
 *(.fini3)
 *(.fini3)
 *(.fini2)
 *(.fini2)
 *(.fini1)
 *(.fini1)
 *(.fini0)
 .fini0         0x00000000000000bc        0x4 c:/program files/microchip/xc8/v2.36/avr/bin/../lib/gcc/avr/5.4.0/avr5/memx-const\libgcc.a(_exit.o)
 *(.fini0)
                0x00000000000000c0                _etext = .

.data           0x0000000000800060        0x0 load address 0x00000000000000c0
                [!provide]                        PROVIDE (__data_start, .)
 *(.gnu.linkonce.d*)
 *(.gnu.linkonce.r*)
                0x0000000000800060                . = ALIGN (0x2)
 *fill*         0x0000000000800060        0x0 
                0x0000000000800060                _edata = .
                [!provide]                        PROVIDE (__data_end, .)

.bss            0x0000000000800060        0x6
                [!provide]                        PROVIDE (__bss_start, .)
 *(COMMON)
 COMMON         0x0000000000800060        0x6 main.o
                0x0000000000800060                autoRelaod_started
                0x0000000000800061                oneShot_started
                0x0000000000800062                oneShot
                0x0000000000800064                autoReload
                [!provide]                        PROVIDE (__bss_end, .)
                0x00000000000000c0                __data_load_start = LOADADDR (.data)
                0x00000000000000c0                __data_load_end = (__data_load_start + SIZEOF (.data))

.noinit         0x0000000000800066        0x0
                [!provide]                        PROVIDE (__noinit_start, .)
 *(.noinit*)
                [!provide]                        PROVIDE (__noinit_end, .)
                0x0000000000800066                _end = .

.eeprom         0x0000000000810000        0x0
 *(.eeprom*)
                0x0000000000810000                __eeprom_end = .

.fuse
 *(.fuse)
 *(.lfuse)
 *(.hfuse)
 *(.efuse)

.lock
 *(.lock*)

.signature
 *(.signature*)

.user_signatures
 *(.user_signatures*)

.stab
 *(.stab)

.stabstr
 *(.stabstr)

.stab.excl
 *(.stab.excl)

.stab.exclstr
 *(.stab.exclstr)

.stab.index
 *(.stab.index)

.stab.indexstr
 *(.stab.indexstr)

.comment        0x0000000000000000       0x2f
 *(.comment)
 .comment       0x0000000000000000       0x2f heap_1.o
                                         0x30 (size before relaxing)
 .comment       0x000000000000002f       0x30 LCD_program.o
 .comment       0x000000000000002f       0x30 list.o
 .comment       0x000000000000002f       0x30 main.o
 .comment       0x000000000000002f       0x30 port.o
 .comment       0x000000000000002f       0x30 queue.o
 .comment       0x000000000000002f       0x30 tasks.o
 .comment       0x000000000000002f       0x30 timers.o
 .comment       0x000000000000002f       0x30 c:/program files/microchip/xc8/v2.36/avr/bin/../lib/gcc/avr/5.4.0/../../../../avr/lib/avr5/memx-const\libc.a(exit.o)
 .comment       0x000000000000002f       0x30 c:/program files/microchip/xc8/v2.36/avr/bin/../lib/gcc/avr/5.4.0/../../../../avr/lib/avr5/memx-const\libc.a(memcpy.o)
 .comment       0x000000000000002f       0x30 c:/program files/microchip/xc8/v2.36/avr/bin/../lib/gcc/avr/5.4.0/../../../../avr/lib/avr5/memx-const\libc.a(_Exit.o)

.stack.descriptors.hdr
                0x0000000000000000       0x46
 .stack.descriptors.hdr
                0x0000000000000000        0xe c:/program files/microchip/xc8/v2.36/avr/bin/../lib/gcc/avr/5.4.0/avr5/memx-const\libgcc.a(_udivmodhi4.o)
 .stack.descriptors.hdr
                0x000000000000000e        0xe c:/program files/microchip/xc8/v2.36/avr/bin/../lib/gcc/avr/5.4.0/avr5/memx-const\libgcc.a(_tablejump2.o)
 .stack.descriptors.hdr
                0x000000000000001c        0xe c:/program files/microchip/xc8/v2.36/avr/bin/../lib/gcc/avr/5.4.0/avr5/memx-const\libgcc.a(_umulhisi3.o)
 .stack.descriptors.hdr
                0x000000000000002a        0xe c:/program files/microchip/xc8/v2.36/avr/bin/../lib/gcc/avr/5.4.0/avr5/memx-const\libgcc.a(_xload_2.o)
 .stack.descriptors.hdr
                0x0000000000000038        0xe c:/program files/microchip/xc8/v2.36/avr/bin/../lib/gcc/avr/5.4.0/avr5/memx-const\libgcc.a(_exit.o)

.note.GNU-stack
                0x0000000000000000        0x0
 .note.GNU-stack
                0x0000000000000000        0x0 c:/program files/microchip/xc8/v2.36/avr/bin/../lib/gcc/avr/5.4.0/../../../../avr/lib/avr5/memx-const\libc.a(exit.o)
 .note.GNU-stack
                0x0000000000000000        0x0 c:/program files/microchip/xc8/v2.36/avr/bin/../lib/gcc/avr/5.4.0/../../../../avr/lib/avr5/memx-const\libc.a(memcpy.o)
 .note.GNU-stack
                0x0000000000000000        0x0 c:/program files/microchip/xc8/v2.36/avr/bin/../lib/gcc/avr/5.4.0/../../../../avr/lib/avr5/memx-const\libc.a(_Exit.o)

.note.gnu.build-id
 *(.note.gnu.build-id)

.debug
 *(.debug)

.line
 *(.line)

.debug_srcinfo
 *(.debug_srcinfo)

.debug_sfnames
 *(.debug_sfnames)

.debug_aranges  0x0000000000000000      0x4c8
 *(.debug_aranges)
 .debug_aranges
                0x0000000000000000       0x38 heap_1.o
 .debug_aranges
                0x0000000000000038       0x58 LCD_program.o
 .debug_aranges
                0x0000000000000090       0x40 list.o
 .debug_aranges
                0x00000000000000d0       0x30 main.o
 .debug_aranges
                0x0000000000000100       0x50 port.o
 .debug_aranges
                0x0000000000000150      0x100 queue.o
 .debug_aranges
                0x0000000000000250      0x1a0 tasks.o
 .debug_aranges
                0x00000000000003f0       0xd8 timers.o

.debug_pubnames
 *(.debug_pubnames)

.debug_info     0x0000000000000000     0x7c90
 *(.debug_info .gnu.linkonce.wi.*)
 .debug_info    0x0000000000000000      0x4e6 C:/Program Files (x86)/Atmel/Studio/7.0/Packs/atmel/ATmega_DFP/1.7.374/xc8/avr/lib/avr5/memx-const/crtatmega32.o
 .debug_info    0x00000000000004e6      0x3cc heap_1.o
 .debug_info    0x00000000000008b2      0x923 LCD_program.o
 .debug_info    0x00000000000011d5      0x55e list.o
 .debug_info    0x0000000000001733      0x576 main.o
 .debug_info    0x0000000000001ca9      0x4d4 port.o
 .debug_info    0x000000000000217d     0x1d55 queue.o
 .debug_info    0x0000000000003ed2     0x2837 tasks.o
 .debug_info    0x0000000000006709     0x1587 timers.o

.debug_abbrev   0x0000000000000000     0x1317
 *(.debug_abbrev)
 .debug_abbrev  0x0000000000000000      0x4a3 C:/Program Files (x86)/Atmel/Studio/7.0/Packs/atmel/ATmega_DFP/1.7.374/xc8/avr/lib/avr5/memx-const/crtatmega32.o
 .debug_abbrev  0x00000000000004a3      0x111 heap_1.o
 .debug_abbrev  0x00000000000005b4      0x1c3 LCD_program.o
 .debug_abbrev  0x0000000000000777      0x130 list.o
 .debug_abbrev  0x00000000000008a7       0xe9 main.o
 .debug_abbrev  0x0000000000000990      0x145 port.o
 .debug_abbrev  0x0000000000000ad5      0x27f queue.o
 .debug_abbrev  0x0000000000000d54      0x308 tasks.o
 .debug_abbrev  0x000000000000105c      0x2bb timers.o

.debug_line     0x0000000000000000     0x30a3
 *(.debug_line .debug_line.* .debug_line_end)
 .debug_line    0x0000000000000000      0x119 C:/Program Files (x86)/Atmel/Studio/7.0/Packs/atmel/ATmega_DFP/1.7.374/xc8/avr/lib/avr5/memx-const/crtatmega32.o
 .debug_line    0x0000000000000119      0x123 heap_1.o
 .debug_line    0x000000000000023c      0x36c LCD_program.o
 .debug_line    0x00000000000005a8      0x1b6 list.o
 .debug_line    0x000000000000075e      0x15e main.o
 .debug_line    0x00000000000008bc      0x283 port.o
 .debug_line    0x0000000000000b3f      0xc8c queue.o
 .debug_line    0x00000000000017cb     0x12d5 tasks.o
 .debug_line    0x0000000000002aa0      0x603 timers.o

.debug_frame    0x0000000000000000      0xfa4
 *(.debug_frame)
 .debug_frame   0x0000000000000000       0x60 heap_1.o
 .debug_frame   0x0000000000000060       0xc0 LCD_program.o
 .debug_frame   0x0000000000000120       0x88 list.o
 .debug_frame   0x00000000000001a8       0x58 main.o
 .debug_frame   0x0000000000000200       0x84 port.o
 .debug_frame   0x0000000000000284      0x3cc queue.o
 .debug_frame   0x0000000000000650      0x63c tasks.o
 .debug_frame   0x0000000000000c8c      0x318 timers.o

.debug_str      0x0000000000000000      0x96f
 *(.debug_str)
 .debug_str     0x0000000000000000      0x196 C:/Program Files (x86)/Atmel/Studio/7.0/Packs/atmel/ATmega_DFP/1.7.374/xc8/avr/lib/avr5/memx-const/crtatmega32.o
 .debug_str     0x0000000000000196       0x1f heap_1.o
 .debug_str     0x00000000000001b5       0x26 LCD_program.o
 .debug_str     0x00000000000001db       0x2b list.o
 .debug_str     0x0000000000000206       0x72 main.o
 .debug_str     0x0000000000000278       0x26 port.o
 .debug_str     0x000000000000029e      0x27d queue.o
 .debug_str     0x000000000000051b      0x26c tasks.o
 .debug_str     0x0000000000000787      0x1e8 timers.o

.debug_loc      0x0000000000000000     0x5edd
 *(.debug_loc)
 .debug_loc     0x0000000000000000      0x10f heap_1.o
 .debug_loc     0x000000000000010f      0x658 LCD_program.o
 .debug_loc     0x0000000000000767      0x145 list.o
 .debug_loc     0x00000000000008ac       0x95 main.o
 .debug_loc     0x0000000000000941      0x2a0 port.o
 .debug_loc     0x0000000000000be1     0x1f67 queue.o
 .debug_loc     0x0000000000002b48     0x2442 tasks.o
 .debug_loc     0x0000000000004f8a      0xf53 timers.o

.debug_macinfo
 *(.debug_macinfo)

.debug_weaknames
 *(.debug_weaknames)

.debug_funcnames
 *(.debug_funcnames)

.debug_typenames
 *(.debug_typenames)

.debug_varnames
 *(.debug_varnames)

.debug_pubtypes
 *(.debug_pubtypes)

.debug_ranges   0x0000000000000000      0x4e8
 *(.debug_ranges)
 .debug_ranges  0x0000000000000000       0x28 heap_1.o
 .debug_ranges  0x0000000000000028       0x48 LCD_program.o
 .debug_ranges  0x0000000000000070       0x30 list.o
 .debug_ranges  0x00000000000000a0       0x20 main.o
 .debug_ranges  0x00000000000000c0       0x40 port.o
 .debug_ranges  0x0000000000000100      0x150 queue.o
 .debug_ranges  0x0000000000000250      0x1d0 tasks.o
 .debug_ranges  0x0000000000000420       0xc8 timers.o

.debug_macro
 *(.debug_macro)
OUTPUT(Lect5.elf elf32-avr)
LOAD linker stubs
LOAD data_init

.note.gnu.avr.deviceinfo
                0x0000000000000000       0x3c
 .note.gnu.avr.deviceinfo
                0x0000000000000000       0x3c C:/Program Files (x86)/Atmel/Studio/7.0/Packs/atmel/ATmega_DFP/1.7.374/xc8/avr/lib/avr5/memx-const/crtatmega32.o

.bss.pucAlignedHeap.2094
                0x00000000008006a5        0x2
 .bss.pucAlignedHeap.2094
                0x00000000008006a5        0x2 heap_1.o

.bss.xNextFreeByte
                0x00000000008006a7        0x2
 .bss.xNextFreeByte
                0x00000000008006a7        0x2 heap_1.o

.bss.ucHeap     0x0000000000800066      0x5dc
 .bss.ucHeap    0x0000000000800066      0x5dc heap_1.o

.bss.uxSchedulerSuspended
                0x00000000008006c1        0x1
 .bss.uxSchedulerSuspended
                0x00000000008006c1        0x1 tasks.o

.bss.xIdleTaskHandle
                0x00000000008006a9        0x2
 .bss.xIdleTaskHandle
                0x00000000008006a9        0x2 tasks.o

.bss.xNextTaskUnblockTime
                0x00000000008006ab        0x2
 .bss.xNextTaskUnblockTime
                0x00000000008006ab        0x2 tasks.o

.bss.uxTaskNumber
                0x00000000008006c2        0x1
 .bss.uxTaskNumber
                0x00000000008006c2        0x1 tasks.o

.bss.xNumOfOverflows
                0x00000000008006c3        0x1
 .bss.xNumOfOverflows
                0x00000000008006c3        0x1 tasks.o

.bss.xYieldPending
                0x00000000008006c4        0x1
 .bss.xYieldPending
                0x00000000008006c4        0x1 tasks.o

.bss.xPendedTicks
                0x00000000008006ad        0x2
 .bss.xPendedTicks
                0x00000000008006ad        0x2 tasks.o

.bss.xSchedulerRunning
                0x00000000008006c5        0x1
 .bss.xSchedulerRunning
                0x00000000008006c5        0x1 tasks.o

.bss.uxTopReadyPriority
                0x00000000008006c6        0x1
 .bss.uxTopReadyPriority
                0x00000000008006c6        0x1 tasks.o

.bss.xTickCount
                0x00000000008006af        0x2
 .bss.xTickCount
                0x00000000008006af        0x2 tasks.o

.bss.uxCurrentNumberOfTasks
                0x00000000008006c7        0x1
 .bss.uxCurrentNumberOfTasks
                0x00000000008006c7        0x1 tasks.o

.bss.xSuspendedTaskList
                0x0000000000800666        0x9
 .bss.xSuspendedTaskList
                0x0000000000800666        0x9 tasks.o

.bss.uxDeletedTasksWaitingCleanUp
                0x00000000008006c8        0x1
 .bss.uxDeletedTasksWaitingCleanUp
                0x00000000008006c8        0x1 tasks.o

.bss.xTasksWaitingTermination
                0x000000000080066f        0x9
 .bss.xTasksWaitingTermination
                0x000000000080066f        0x9 tasks.o

.bss.xPendingReadyList
                0x0000000000800678        0x9
 .bss.xPendingReadyList
                0x0000000000800678        0x9 tasks.o

.bss.pxOverflowDelayedTaskList
                0x00000000008006b1        0x2
 .bss.pxOverflowDelayedTaskList
                0x00000000008006b1        0x2 tasks.o

.bss.pxDelayedTaskList
                0x00000000008006b3        0x2
 .bss.pxDelayedTaskList
                0x00000000008006b3        0x2 tasks.o

.bss.xDelayedTaskList2
                0x0000000000800681        0x9
 .bss.xDelayedTaskList2
                0x0000000000800681        0x9 tasks.o

.bss.xDelayedTaskList1
                0x000000000080068a        0x9
 .bss.xDelayedTaskList1
                0x000000000080068a        0x9 tasks.o

.bss.pxReadyTasksLists
                0x0000000000800642       0x24
 .bss.pxReadyTasksLists
                0x0000000000800642       0x24 tasks.o

.bss.pxCurrentTCB
                0x00000000008006b5        0x2
 .bss.pxCurrentTCB
                0x00000000008006b5        0x2 tasks.o
                0x00000000008006b5                pxCurrentTCB

.bss.xLastTime.2410
                0x00000000008006b7        0x2
 .bss.xLastTime.2410
                0x00000000008006b7        0x2 timers.o

.bss.xTimerTaskHandle
                0x00000000008006b9        0x2
 .bss.xTimerTaskHandle
                0x00000000008006b9        0x2 timers.o

.bss.xTimerQueue
                0x00000000008006bb        0x2
 .bss.xTimerQueue
                0x00000000008006bb        0x2 timers.o

.bss.pxOverflowTimerList
                0x00000000008006bd        0x2
 .bss.pxOverflowTimerList
                0x00000000008006bd        0x2 timers.o

.bss.pxCurrentTimerList
                0x00000000008006bf        0x2
 .bss.pxCurrentTimerList
                0x00000000008006bf        0x2 timers.o

.bss.xActiveTimerList2
                0x0000000000800693        0x9
 .bss.xActiveTimerList2
                0x0000000000800693        0x9 timers.o

.bss.xActiveTimerList1
                0x000000000080069c        0x9
 .bss.xActiveTimerList1
                0x000000000080069c        0x9 timers.o

.progmemx.data  0x00000000000000c0       0x17
 .progmemx.data
                0x00000000000000c0       0x17 main.o

.progmemx.data  0x00000000000000d7        0x8
 .progmemx.data
                0x00000000000000d7        0x8 timers.o

.progmemx.data  0x00000000000000df        0x6
 .progmemx.data
                0x00000000000000df        0x6 tasks.o
                0x00000000000000e4                uxTopUsedPriority

.text.xTaskIncrementTick
                0x00000000000000e6      0x234
 .text.xTaskIncrementTick
                0x00000000000000e6      0x234 tasks.o
                0x00000000000000e6                xTaskIncrementTick

.text.xTaskResumeAll
                0x000000000000031a      0x1aa
 .text.xTaskResumeAll
                0x000000000000031a      0x1aa tasks.o
                0x000000000000031a                xTaskResumeAll

.text.xTaskRemoveFromEventList
                0x00000000000004c4      0x184
 .text.xTaskRemoveFromEventList
                0x00000000000004c4      0x184 tasks.o
                0x00000000000004c4                xTaskRemoveFromEventList

.text.xQueueGenericSend
                0x0000000000000648      0x154
 .text.xQueueGenericSend
                0x0000000000000648      0x154 queue.o
                0x0000000000000648                xQueueGenericSend

.text.prvProcessReceivedCommands
                0x000000000000079c      0x140
 .text.prvProcessReceivedCommands
                0x000000000000079c      0x140 timers.o

.text.xQueueReceive
                0x00000000000008dc      0x126
 .text.xQueueReceive
                0x00000000000008dc      0x126 queue.o
                0x00000000000008dc                xQueueReceive

.text.prvAddCurrentTaskToDelayedList
                0x0000000000000a02      0x102
 .text.prvAddCurrentTaskToDelayedList
                0x0000000000000a02      0x102 tasks.o

.text.prvAddNewTaskToReadyList
                0x0000000000000b04       0xfa
 .text.prvAddNewTaskToReadyList
                0x0000000000000b04       0xfa tasks.o

.text.prvInitialiseNewTask
                0x0000000000000bfe       0xea
 .text.prvInitialiseNewTask
                0x0000000000000bfe       0xea tasks.o

.text.xTaskCreate
                0x0000000000000ce8       0xde
 .text.xTaskCreate
                0x0000000000000ce8       0xde tasks.o
                0x0000000000000ce8                xTaskCreate

.text.pxPortInitialiseStack
                0x0000000000000dc6       0xd8
 .text.pxPortInitialiseStack
                0x0000000000000dc6       0xd8 port.o
                0x0000000000000dc6                pxPortInitialiseStack

.text.HLCD_vShowInt
                0x0000000000000e9e       0xc2
 .text.HLCD_vShowInt
                0x0000000000000e9e       0xc2 LCD_program.o
                0x0000000000000e9e                HLCD_vShowInt

.text.xQueueGenericReset
                0x0000000000000f60       0xc2
 .text.xQueueGenericReset
                0x0000000000000f60       0xc2 queue.o
                0x0000000000000f60                xQueueGenericReset

.text.xQueueGenericSendFromISR
                0x0000000000001022       0xbc
 .text.xQueueGenericSendFromISR
                0x0000000000001022       0xbc queue.o
                0x0000000000001022                xQueueGenericSendFromISR

.text.vPortYieldFromTick
                0x00000000000010de       0xb8
 .text.vPortYieldFromTick
                0x00000000000010de       0xb8 port.o
                0x00000000000010de                vPortYieldFromTick

.text.vPortYield
                0x0000000000001196       0xb2
 .text.vPortYield
                0x0000000000001196       0xb2 port.o
                0x0000000000001196                vPortYield

.text.vTaskSwitchContext
                0x0000000000001248       0xa8
 .text.vTaskSwitchContext
                0x0000000000001248       0xa8 tasks.o
                0x0000000000001248                vTaskSwitchContext

.text.main      0x00000000000012f0       0xa2
 .text.main     0x00000000000012f0       0xa2 main.o
                0x00000000000012f0                main

.text.xTimerGenericCommand
                0x0000000000001392       0x9c
 .text.xTimerGenericCommand
                0x0000000000001392       0x9c timers.o
                0x0000000000001392                xTimerGenericCommand

.text.prvNotifyQueueSetContainer
                0x000000000000142e       0x98
 .text.prvNotifyQueueSetContainer
                0x000000000000142e       0x98 queue.o

.text.prvCopyDataToQueue
                0x00000000000014c6       0x92
 .text.prvCopyDataToQueue
                0x00000000000014c6       0x92 queue.o

.text.vTaskPlaceOnEventListRestricted
                0x0000000000001558       0x92
 .text.vTaskPlaceOnEventListRestricted
                0x0000000000001558       0x92 tasks.o
                0x0000000000001558                vTaskPlaceOnEventListRestricted

.text.prvProcessTimerOrBlockTask
                0x00000000000015ea       0x90
 .text.prvProcessTimerOrBlockTask
                0x00000000000015ea       0x90 timers.o

.text.prvUnlockQueue
                0x000000000000167a       0x8a
 .text.prvUnlockQueue
                0x000000000000167a       0x8a queue.o

.text.xQueueGenericCreate
                0x0000000000001704       0x82
 .text.xQueueGenericCreate
                0x0000000000001704       0x82 queue.o
                0x0000000000001704                xQueueGenericCreate

.text.xTaskCheckForTimeOut
                0x0000000000001786       0x7e
 .text.xTaskCheckForTimeOut
                0x0000000000001786       0x7e tasks.o
                0x0000000000001786                xTaskCheckForTimeOut

.text.HLCD_vInit
                0x0000000000001804       0x76
 .text.HLCD_vInit
                0x0000000000001804       0x76 LCD_program.o
                0x0000000000001804                HLCD_vInit

.text.pvPortMalloc
                0x000000000000187a       0x74
 .text.pvPortMalloc
                0x000000000000187a       0x74 heap_1.o
                0x000000000000187a                pvPortMalloc

.text.prvInitialiseTaskLists
                0x00000000000018ee       0x6e
 .text.prvInitialiseTaskLists
                0x00000000000018ee       0x6e tasks.o

.text.prvInitialiseNewTimer
                0x000000000000195c       0x6c
 .text.prvInitialiseNewTimer
                0x000000000000195c       0x6c timers.o

.text.HLCD_vsendData
                0x00000000000019c8       0x68
 .text.HLCD_vsendData
                0x00000000000019c8       0x68 LCD_program.o
                0x00000000000019c8                HLCD_vsendData

.text.HLCD_vsendCommand
                0x0000000000001a30       0x68
 .text.HLCD_vsendCommand
                0x0000000000001a30       0x68 LCD_program.o
                0x0000000000001a30                HLCD_vsendCommand

.text.vTaskStartScheduler
                0x0000000000001a98       0x66
 .text.vTaskStartScheduler
                0x0000000000001a98       0x66 tasks.o
                0x0000000000001a98                vTaskStartScheduler

.text.vListInsert
                0x0000000000001afe       0x62
 .text.vListInsert
                0x0000000000001afe       0x62 list.o
                0x0000000000001afe                vListInsert

.text.xTimerCreate
                0x0000000000001b60       0x62
 .text.xTimerCreate
                0x0000000000001b60       0x62 timers.o
                0x0000000000001b60                xTimerCreate

.text.xPortStartScheduler
                0x0000000000001bc2       0x5e
 .text.xPortStartScheduler
                0x0000000000001bc2       0x5e port.o
                0x0000000000001bc2                xPortStartScheduler

.text.prvInsertTimerInActiveList
                0x0000000000001c20       0x5e
 .text.prvInsertTimerInActiveList
                0x0000000000001c20       0x5e timers.o

.text.prvProcessExpiredTimer
                0x0000000000001c7e       0x56
 .text.prvProcessExpiredTimer
                0x0000000000001c7e       0x56 timers.o

.text.xTimerCreateTimerTask
                0x0000000000001cd4       0x54
 .text.xTimerCreateTimerTask
                0x0000000000001cd4       0x54 timers.o
                0x0000000000001cd4                xTimerCreateTimerTask

.text.prvCheckForValidListAndQueue
                0x0000000000001d28       0x52
 .text.prvCheckForValidListAndQueue
                0x0000000000001d28       0x52 timers.o

.text.uxListRemove
                0x0000000000001d7a       0x4e
 .text.uxListRemove
                0x0000000000001d7a       0x4e list.o
                0x0000000000001d7a                uxListRemove

.text.prvCheckTasksWaitingTermination
                0x0000000000001dc8       0x4c
 .text.prvCheckTasksWaitingTermination
                0x0000000000001dc8       0x4c tasks.o

.text.prvReloadTimer
                0x0000000000001e14       0x48
 .text.prvReloadTimer
                0x0000000000001e14       0x48 timers.o

.text.HLCD_vShowString
                0x0000000000001e5c       0x42
 .text.HLCD_vShowString
                0x0000000000001e5c       0x42 LCD_program.o
                0x0000000000001e5c                HLCD_vShowString

.text.prvSampleTimeNow
                0x0000000000001e9e       0x42
 .text.prvSampleTimeNow
                0x0000000000001e9e       0x42 timers.o

.text.prvSwitchTimerLists
                0x0000000000001ee0       0x3c
 .text.prvSwitchTimerLists
                0x0000000000001ee0       0x3c timers.o

.text.vQueueWaitForMessageRestricted
                0x0000000000001f1c       0x3a
 .text.vQueueWaitForMessageRestricted
                0x0000000000001f1c       0x3a queue.o
                0x0000000000001f1c                vQueueWaitForMessageRestricted

.text.prvIsQueueFull
                0x0000000000001f56       0x38
 .text.prvIsQueueFull
                0x0000000000001f56       0x38 queue.o

.text.prvResetNextTaskUnblockTime
                0x0000000000001f8e       0x38
 .text.prvResetNextTaskUnblockTime
                0x0000000000001f8e       0x38 tasks.o

.text.prvCopyDataFromQueue
                0x0000000000001fc6       0x36
 .text.prvCopyDataFromQueue
                0x0000000000001fc6       0x36 queue.o

.text.prvInitialiseNewQueue
                0x0000000000001ffc       0x32
 .text.prvInitialiseNewQueue
                0x0000000000001ffc       0x32 queue.o

.text.memcpy    0x000000000000202e       0x32
 .text.memcpy   0x000000000000202e       0x32 c:/program files/microchip/xc8/v2.36/avr/bin/../lib/gcc/avr/5.4.0/../../../../avr/lib/avr5/memx-const\libc.a(memcpy.o)
                0x000000000000202e                memcpy

.text.prvGetNextExpireTime
                0x0000000000002060       0x2a
 .text.prvGetNextExpireTime
                0x0000000000002060       0x2a timers.o

.text.libgcc.div
                0x000000000000208a       0x28
 .text.libgcc.div
                0x000000000000208a       0x28 c:/program files/microchip/xc8/v2.36/avr/bin/../lib/gcc/avr/5.4.0/avr5/memx-const\libgcc.a(_udivmodhi4.o)
                0x000000000000208a                __udivmodhi4

.text.prvIsQueueEmpty
                0x00000000000020b2       0x26
 .text.prvIsQueueEmpty
                0x00000000000020b2       0x26 queue.o

.text.vTaskPlaceOnEventList
                0x00000000000020d8       0x24
 .text.vTaskPlaceOnEventList
                0x00000000000020d8       0x24 tasks.o
                0x00000000000020d8                vTaskPlaceOnEventList

.text.prvTimerTask
                0x00000000000020fc       0x1e
 .text.prvTimerTask
                0x00000000000020fc       0x1e timers.o

.text.libgcc.mul
                0x000000000000211a       0x1e
 .text.libgcc.mul
                0x000000000000211a       0x1e c:/program files/microchip/xc8/v2.36/avr/bin/../lib/gcc/avr/5.4.0/avr5/memx-const\libgcc.a(_umulhisi3.o)
                0x000000000000211a                __umulhisi3

.text.vListInitialise
                0x0000000000002138       0x1c
 .text.vListInitialise
                0x0000000000002138       0x1c list.o
                0x0000000000002138                vListInitialise

.text.xTaskGetSchedulerState
                0x0000000000002154       0x1c
 .text.xTaskGetSchedulerState
                0x0000000000002154       0x1c tasks.o
                0x0000000000002154                xTaskGetSchedulerState

.text.prvDeleteTCB
                0x0000000000002170       0x1a
 .text.prvDeleteTCB
                0x0000000000002170       0x1a tasks.o

.text.vTaskInternalSetTimeOutState
                0x000000000000218a       0x16
 .text.vTaskInternalSetTimeOutState
                0x000000000000218a       0x16 tasks.o
                0x000000000000218a                vTaskInternalSetTimeOutState

.text.exit      0x00000000000021a0       0x16
 .text.exit     0x00000000000021a0       0x16 c:/program files/microchip/xc8/v2.36/avr/bin/../lib/gcc/avr/5.4.0/../../../../avr/lib/avr5/memx-const\libc.a(exit.o)
                0x00000000000021a0                exit

.text.xTaskGetTickCount
                0x00000000000021b6       0x14
 .text.xTaskGetTickCount
                0x00000000000021b6       0x14 tasks.o
                0x00000000000021b6                xTaskGetTickCount

.text.prvSetupTimerInterrupt
                0x00000000000021ca       0x12
 .text.prvSetupTimerInterrupt
                0x00000000000021ca       0x12 port.o

.text.libgcc    0x00000000000021dc       0x10
 .text.libgcc   0x00000000000021dc       0x10 c:/program files/microchip/xc8/v2.36/avr/bin/../lib/gcc/avr/5.4.0/avr5/memx-const\libgcc.a(_xload_2.o)
                0x00000000000021dc                __xload_2

.text.OneshotTask
                0x00000000000021ec        0xc
 .text.OneshotTask
                0x00000000000021ec        0xc main.o
                0x00000000000021ec                OneshotTask

.text.vTaskSuspendAll
                0x00000000000021f8        0xc
 .text.vTaskSuspendAll
                0x00000000000021f8        0xc tasks.o
                0x00000000000021f8                vTaskSuspendAll

.text.libgcc    0x0000000000002204        0xc
 .text.libgcc   0x0000000000002204        0xc c:/program files/microchip/xc8/v2.36/avr/bin/../lib/gcc/avr/5.4.0/avr5/memx-const\libgcc.a(_tablejump2.o)
                0x0000000000002204                __tablejump2__

.text.AutoReloadTask
                0x0000000000002210        0xa
 .text.AutoReloadTask
                0x0000000000002210        0xa main.o
                0x0000000000002210                AutoReloadTask

.text.vListInitialiseItem
                0x000000000000221a        0x8
 .text.vListInitialiseItem
                0x000000000000221a        0x8 list.o
                0x000000000000221a                vListInitialiseItem

.text.vTaskMissedYield
                0x0000000000002222        0x8
 .text.vTaskMissedYield
                0x0000000000002222        0x8 tasks.o
                0x0000000000002222                vTaskMissedYield

.text.__vector_7
                0x000000000000222a        0x6
 .text.__vector_7
                0x000000000000222a        0x6 port.o
                0x000000000000222a                __vector_7

.text.prvIdleTask
                0x0000000000002230        0x6
 .text.prvIdleTask
                0x0000000000002230        0x6 tasks.o

.text.uxTaskGetNumberOfTasks
                0x0000000000002236        0x6
 .text.uxTaskGetNumberOfTasks
                0x0000000000002236        0x6 tasks.o
                0x0000000000002236                uxTaskGetNumberOfTasks

.text           0x000000000000223c        0x4
 .text          0x000000000000223c        0x4 C:/Program Files (x86)/Atmel/Studio/7.0/Packs/atmel/ATmega_DFP/1.7.374/xc8/avr/lib/avr5/memx-const/crtatmega32.o
                0x000000000000223c                __vector_1
                0x000000000000223c                __vector_12
                0x000000000000223c                __bad_interrupt
                0x000000000000223c                __vector_6
                0x000000000000223c                __vector_3
                0x000000000000223c                __vector_11
                0x000000000000223c                __vector_13
                0x000000000000223c                __vector_17
                0x000000000000223c                __vector_19
                0x000000000000223c                __vector_5
                0x000000000000223c                __vector_4
                0x000000000000223c                __vector_9
                0x000000000000223c                __vector_2
                0x000000000000223c                __vector_15
                0x000000000000223c                __vector_8
                0x000000000000223c                __vector_14
                0x000000000000223c                __vector_10
                0x000000000000223c                __vector_16
                0x000000000000223c                __vector_18
                0x000000000000223c                __vector_20

.text._Exit     0x0000000000002240        0x4
 .text._Exit    0x0000000000002240        0x4 c:/program files/microchip/xc8/v2.36/avr/bin/../lib/gcc/avr/5.4.0/../../../../avr/lib/avr5/memx-const\libc.a(_Exit.o)
                0x0000000000002240                _Exit

.text.vPortFree
                0x0000000000002244        0x2
 .text.vPortFree
                0x0000000000002244        0x2 heap_1.o
                0x0000000000002244                vPortFree

.text.__dummy_fini
                0x0000000000002246        0x2
 .text.__dummy_fini
                0x0000000000002246        0x2 c:/program files/microchip/xc8/v2.36/avr/bin/../lib/gcc/avr/5.4.0/../../../../avr/lib/avr5/memx-const\libc.a(exit.o)
                0x0000000000002246                _fini

.text.__dummy_funcs_on_exit
                0x0000000000002248        0x2
 .text.__dummy_funcs_on_exit
                0x0000000000002248        0x2 c:/program files/microchip/xc8/v2.36/avr/bin/../lib/gcc/avr/5.4.0/../../../../avr/lib/avr5/memx-const\libc.a(exit.o)
                0x0000000000002248                __funcs_on_exit

.text.__dummy_simulator_exit
                0x000000000000224a        0x2
 .text.__dummy_simulator_exit
                0x000000000000224a        0x2 c:/program files/microchip/xc8/v2.36/avr/bin/../lib/gcc/avr/5.4.0/../../../../avr/lib/avr5/memx-const\libc.a(exit.o)
                0x000000000000224a                __simulator_exit
